timeout : ERROR: Invalid syntax. Default option is not allowed more than '1' time(s).
At line:1 char:19
+ ... \SHOP APP"; timeout 300 .\gradlew.bat build 2>&1 > build_output.txt;  ...
+                 ~~~~~~~~~~~~~~~~~~~~~~~~~~~~~~~~~~~~~~~~~~~~~~~~~~~~~~~
    + CategoryInfo          : NotSpecified: (ERROR: Invalid ...an '1' time(s).:String) [], RemoteException
    + FullyQualifiedErrorId : NativeCommandError
 
Type "TIMEOUT /?" for usage.
