
> Configure project :app
WARNING: The option setting 'android.defaults.buildfeatures.buildconfig=true' is deprecated.
The current default is 'false'.
It will be removed in version 9.0 of the Android Gradle plugin.
To keep using this feature, add the following to your module-level build.gradle files:
    android.buildFeatures.buildConfig = true
or from Android Studio, click: `Refactor` > `Migrate BuildConfig to Gradle Build Files`.
ksp-2.0.0-1.0.21 is too old for kotlin-2.0.10. Please upgrade ksp or downgrade kotlin-gradle-plugin to 2.0.0.
ksp-2.0.0-1.0.21 is too old for kotlin-2.0.10. Please upgrade ksp or downgrade kotlin-gradle-plugin to 2.0.0.
ksp-2.0.0-1.0.21 is too old for kotlin-2.0.10. Please upgrade ksp or downgrade kotlin-gradle-plugin to 2.0.0.
ksp-2.0.0-1.0.21 is too old for kotlin-2.0.10. Please upgrade ksp or downgrade kotlin-gradle-plugin to 2.0.0.
ksp-2.0.0-1.0.21 is too old for kotlin-2.0.10. Please upgrade ksp or downgrade kotlin-gradle-plugin to 2.0.0.
ksp-2.0.0-1.0.21 is too old for kotlin-2.0.10. Please upgrade ksp or downgrade kotlin-gradle-plugin to 2.0.0.
ksp-2.0.0-1.0.21 is too old for kotlin-2.0.10. Please upgrade ksp or downgrade kotlin-gradle-plugin to 2.0.0.
ksp-2.0.0-1.0.21 is too old for kotlin-2.0.10. Please upgrade ksp or downgrade kotlin-gradle-plugin to 2.0.0.
ksp-2.0.0-1.0.21 is too old for kotlin-2.0.10. Please upgrade ksp or downgrade kotlin-gradle-plugin to 2.0.0.
ksp-2.0.0-1.0.21 is too old for kotlin-2.0.10. Please upgrade ksp or downgrade kotlin-gradle-plugin to 2.0.0.

> Task :clean UP-TO-DATE
> Task :app:clean
> Task :app:checkKotlinGradlePluginConfigurationErrors SKIPPED
> Task :app:preBuild UP-TO-DATE
> Task :app:preDebugBuild UP-TO-DATE
> Task :app:generateDebugResValues
> Task :app:dataBindingMergeDependencyArtifactsDebug
> Task :app:generateDebugResources
> Task :app:injectCrashlyticsMappingFileIdDebug
> Task :app:processDebugGoogleServices
> Task :app:compileDebugAidl

> Task :app:mergeDebugResources
L:\SHOP_APP_KDS\app\src\main\res\values-pl\strings.xml:320:4: Multiple substitutions specified in non-positional format of string resource string/price_format_currency. Did you mean to add the formatted="false" attribute?
L:\SHOP_APP_KDS\app\src\main\res\values-pl\strings.xml:262:4: Multiple substitutions specified in non-positional format of string resource string/price_format_currency_minus. Did you mean to add the formatted="false" attribute?
L:\SHOP_APP_KDS\app\src\main\res\values\strings.xml:334:4: Multiple substitutions specified in non-positional format of string resource string/price_format_currency. Did you mean to add the formatted="false" attribute?
L:\SHOP_APP_KDS\app\src\main\res\values\strings.xml:291:4: Multiple substitutions specified in non-positional format of string resource string/price_format_currency_minus. Did you mean to add the formatted="false" attribute?

> Task :app:packageDebugResources
> Task :app:dataBindingTriggerDebug
> Task :app:generateDebugBuildConfig
> Task :app:generateSafeArgsDebug
> Task :app:mapDebugSourceSetPaths
> Task :app:createDebugCompatibleScreenManifests
> Task :app:extractDeepLinksDebug
> Task :app:parseDebugLocalResources
> Task :app:checkDebugAarMetadata

> Task :app:processDebugMainManifest
package="com.itsorderkds" found in source AndroidManifest.xml: L:\SHOP_APP_KDS\app\src\main\AndroidManifest.xml.
Setting the namespace via the package attribute in the source AndroidManifest.xml is no longer supported, and the value is ignored.
Recommendation: remove package="com.itsorderkds" from the source AndroidManifest.xml: L:\SHOP_APP_KDS\app\src\main\AndroidManifest.xml.

> Task :app:dataBindingGenBaseClassesDebug
> Task :app:processDebugManifest
> Task :app:processDebugManifestForPackage
> Task :app:processDebugResources

> Task :app:kspDebugKotlin FAILED
.\gradlew.bat : e: file:///L:/SHOP_APP_KDS/app/src/main/java/com/itsorderkds/ui/settings/SettingsScreen.kt:435:89 Unexpected tokens (use ';' to separate expressions on the same line)
At line:1 char:1
+ .\gradlew.bat clean :app:compileDebugKotlin > compile.log 2>&1
+ ~~~~~~~~~~~~~~~~~~~~~~~~~~~~~~~~~~~~~~~~~~~~~~~~~~~~~~~~~~~~~~
    + CategoryInfo          : NotSpecified: (e: file:///L:/S... the same line):String) [], RemoteException
    + FullyQualifiedErrorId : NativeCommandError
 

FAILURE: Build failed with an exception.

* What went wrong:
Execution failed for task ':app:kspDebugKotlin'.
> A failure occurred while executing org.jetbrains.kotlin.compilerRunner.GradleCompilerRunnerWithWorkers$GradleKotlinCompilerWorkAction
   > Compilation error. See log for more details

* Try:
> Run with --stacktrace option to get the stack trace.
> Run with --info or --debug option to get more log output.
> Run with --scan to get full insights.
> Get more help at https://help.gradle.org.

BUILD FAILED in 14s
24 actionable tasks: 23 executed, 1 up-to-date
