2026-02-25 23:18:28.716  4493-4563  WindowManagerShell      com.android.systemui                 V  Transition requested (#12234): android.os.BinderProxy@e78f52b TransitionRequestInfo { type = OPEN, triggerTask = TaskInfo{userId=0 taskId=7810 effectiveUid=10509 displayId=0 isRunning=true baseIntent=Intent { act=android.intent.action.MAIN cat=[android.intent.category.LAUNCHER] flg=0x10200000 cmp=com.itsorderchat/.MainActivity mCallingUid=10213 } baseActivity=ComponentInfo{com.itsorderchat/com.itsorderchat.MainActivity} topActivity=ComponentInfo{com.itsorderchat/com.itsorderchat.ui.theme.home.HomeActivity} origActivity=null realActivity=ComponentInfo{com.itsorderchat/com.itsorderchat.MainActivity}
numActivities=2 lastActiveTime=568842764 supportsSplitScreenMultiWindow=true supportsMultiWindow=true supportsPocketStudioMultiWindow=true isInFlexibleEmbedded = false uid = 10509 pid = 0 resizeMode=1 isResizeable=true minWidth=-1 minHeight=-1 defaultMinSize=220 token=WCT{android.window.IWindowContainerToken$Stub$Proxy@e75ad88} topActivityType=1 pictureInPictureParams=null shouldDockBigOverlays=false launchIntoPipHostTaskId=-1 lastParentTaskIdBeforePip=-1 displayCutoutSafeInsets=Rect(0, 0 - 0, 0)
topActivityInfo=ActivityInfo{22a8321 com.itsorderchat.ui.theme.home.HomeActivity} launchCookies=[android.os.BinderProxy@40a0f12] positionInParent=Point(0, 0) parentTaskId=-1 isFocused=true isVisible=true isVisibleRequested=true isTopActivityNoDisplay=false isSleeping=false locusId=null displayAreaFeatureId=1 isTopActivityTransparent=false isActivityStackTransparent=false lastNonFullscreenBounds=Rect(271, 664 - 809, 1744) capturedLink=null capturedLinkTimestamp=0 requestedVisibleTypes=-9 topActivityRequestOpenInBrowserEducationTimestamp=0
appCompatTaskInfo=AppCompatTaskInfo { topActivityInSizeCompat=false topActivityInOplusCompatMode=false eligibleForLetterboxEducation= false isLetterboxEducationEnabled= false isLetterboxDoubleTapEnabled= false eligibleForUserAspectRatioButton= false topActivityBoundsLetterboxed= false isFromLetterboxDoubleTap= false topActivityLetterboxVerticalPosition= -1 topActivityLetterboxHorizontalPosition= -1 topActivityLetterboxWidth=-1 topActivityLetterboxHeight=-1 topActivityAppBounds=Rect(0, 0 - 1080, 2400) isUserFullscreenOverrideEnabled=false isSystemFullscreenOverrideEnabled=false hasMinAspectRatioOverride=false topActivityLetterboxBounds=null cameraCompatTaskInfo=CameraCompatTaskInfo { freeformCameraCompatMode=inactive}} topActivityMainWindowFrame=null topActivityLetterboxInsets=Rect(0, 0 - 0, 0)
mOplusExtraBundle = Bundle[mParcelledData.dataSize=1536]}, pipChange = null, remoteTransition = null, displayChange = null, flags = 0, debugId = 12234 }
2026-02-25 23:18:28.721   518-518   ActivityClient          com.itsorderchat                     D  activity finished by caller: android.app.Activity.finish:7639 android.app.Activity.finish:7656 com.itsorderchat.MainActivity.observeAccessToken$lambda$3:106 com.itsorderchat.MainActivity.$r8$lambda$U21dGhLObeUKCeIJvC1bTxlsqpI:0 com.itsorderchat.MainActivity$$ExternalSyntheticLambda2.invoke:0 com.itsorderchat.MainActivity$sam$androidx_lifecycle_Observer$0.onChanged:2 androidx.lifecycle.LiveData.considerNotify:134 androidx.lifecycle.LiveData.dispatchingValue:152 androidx.lifecycle.LiveData.setValue:310 androidx.lifecycle.MutableLiveData.setValue:50
2026-02-25 23:18:28.724   518-518   VRI[MainActivity]       com.itsorderchat                     D  onFocusEvent true
2026-02-25 23:18:28.725  2527-2914  WindowStateExtImpl      system_server                        I  onSurfaceShowChange show = false mPackageName = com.itsorderchat parentPkgName = com.itsorderchat
2026-02-25 23:18:28.725  2527-2914  WindowManager           system_server                        I  Window{3038db2 u0 Splash Screen com.itsorderchat EXITING} state from HAS_DRAWN to NO_SURFACE; reason: destroySurface
2026-02-25 23:18:28.726   518-518   Choreographer           com.itsorderchat                     I  Skipped 51 frames!  The application may be doing too much work on its main thread.
2026-02-25 23:18:28.726  2527-2914  WindowManager           system_server                        D  onSyncFinishedDrawing: Window{3038db2 u0 Splash Screen com.itsorderchat}
2026-02-25 23:18:28.726  2527-2914  WindowManager           system_server                        I  finishDrawing skipLayout:false,syncSeqId=2147483647,mPrepareSyncSeqId=0 Window{3038db2 u0 Splash Screen com.itsorderchat} com.android.server.wm.WindowState.immediatelyNotifyBlastSync:6692 com.android.server.wm.WindowState.destroySurfaceUnchecked:3734 com.android.server.wm.WindowState.destroySurface:3694
2026-02-25 23:18:28.731   518-518   VRI[MainActivity]       com.itsorderchat                     W  handleResized, msg:, frameChanged:false, configChanged:false, displayChanged:false, attachedFrameChanged:false, compatScaleChanged:false, pendingDragResizing=false
2026-02-25 23:18:28.736  2527-5226  ActivityTaskManager     system_server                        D  setAppVisibility(Token{300558f ActivityRecord{82240621 u0 com.itsorderchat/.MainActivity t7810 f}}}, visible=false):  visible=true mVisibleRequested=true
2026-02-25 23:18:28.736   518-712   SessionLifecycleClient  com.itsorderchat                     D  Sending lifecycle 2 to service
2026-02-25 23:18:28.737  2527-5226  ActivityTaskManager     system_server                        D  setVisibility(Token{300558f ActivityRecord{82240621 u0 com.itsorderchat/.MainActivity t7810 f}}}, visible=false) defer commitVisibility for transition collecting
2026-02-25 23:18:28.737  2527-5226  RefreshRate             system_server                        D  Trigger app switch boost, ar=ActivityRecord{64745798 u0 com.itsorderchat/.ui.theme.home.HomeActivity t7810},currDisplayRate=120.00001,boostId=3
2026-02-25 23:18:28.737  2527-5226  RefreshRate             system_server                        D  Refresh rate changing from 90.0 to 120.00001,maxRefreshRate=120.00001 FOR:{
| COURSE[Trigger app switch boost, ar=ActivityRecord{64745798 u0 com.itsorderchat/.ui.theme.home.HomeActivity t7810},currDisplayRate=120.00001,boostId=3setDisplayConfigSpecs complete: targetMode={id=1, width=1080, height=2400, fps=120.00001, vsync=120.00001, synthetic=false, alternativeRefreshRates=[60.000004], supportedHdrTypes=[]},srcMode={id=1, width=1080, height=2400, fps=120.00001, vsync=120.00001, synthetic=false, alternativeRefreshRates=[60.000004], supportedHdrTypes=[]},sfModId=0,rate=120.00001]
| VOTES[PRIORITY_START_ANIMATION_BOOST -> Vote{mRefreshRate=120.0, mMinRefreshRate=120.0, mRequestSource=null};PRIORITY_WINDOW_REQUEST -> Vote{mRefreshRate=90.0, mMinRefreshRate=90.0, mRequestSource=null};]
| TIME:2026-02-25 22:18:28}
2026-02-25 23:18:28.737   518-1283  SessionLifecycleService com.itsorderchat                     D  Activity backgrounding at 261787871
2026-02-25 23:18:28.737  2527-5226  RefreshRate             system_server                        D  startAppSwitchBoost targetMode={id=1, width=1080, height=2400, fps=120.00001, vsync=120.00001, synthetic=false, alternativeRefreshRates=[60.000004], supportedHdrTypes=[]} record=ActivityRecord{64745798 u0 com.itsorderchat/.ui.theme.home.HomeActivity t7810}: votes=PRIORITY_START_ANIMATION_BOOST -> Vote{mRefreshRate=120.0, mMinRefreshRate=120.0, mRequestSource=null};PRIORITY_WINDOW_REQUEST -> Vote{mRefreshRate=90.0, mMinRefreshRate=90.0, mRequestSource=null};
2026-02-25 23:18:28.737  2527-5226  ActivityTaskManager     system_server                        I  The Process com.itsorderchat Already Exists in BG. So sending its PID: 518
2026-02-25 23:18:28.738  2527-5226  ActivityTaskManager     system_server                        D  setAppVisibility(Token{5e3265d ActivityRecord{64745798 u0 com.itsorderchat/.ui.theme.home.HomeActivity t7810}}, visible=true):  visible=false mVisibleRequested=false
2026-02-25 23:18:28.738  2527-5226  ActivityTaskManager     system_server                        D  setVisibility(Token{5e3265d ActivityRecord{64745798 u0 com.itsorderchat/.ui.theme.home.HomeActivity t7810}}, visible=true) defer commitVisibility for transition collecting
2026-02-25 23:18:28.740  2527-5226  ActivityTaskManager     system_server                        D  setAppVisibility(Token{5e3265d ActivityRecord{64745798 u0 com.itsorderchat/.ui.theme.home.HomeActivity t7810}}, visible=true):  visible=false mVisibleRequested=true
2026-02-25 23:18:28.740  2527-5226  ActivityTaskManager     system_server                        D  setVisibility(Token{5e3265d ActivityRecord{64745798 u0 com.itsorderchat/.ui.theme.home.HomeActivity t7810}}, visible=true) defer commitVisibility for transition collecting
2026-02-25 23:18:28.741  2527-5226  ActivityTaskManager     system_server                        D  NFW_setLastResumedActivityUncheckLocked:true r:ActivityRecord{64745798 u0 com.itsorderchat/.ui.theme.home.HomeActivity t7810} currentFocus:Window{cf7347 u0 com.itsorderchat/com.itsorderchat.MainActivity}
2026-02-25 23:18:28.742  2527-5226  WindowManager           system_server                        D  NFW_findFocusedWindowIfNeeded:null mCurrentFocus:Window{cf7347 u0 com.itsorderchat/com.itsorderchat.MainActivity}
2026-02-25 23:18:28.742  2527-5226  WindowManager           system_server                        V  Changing focus from Window{cf7347 u0 com.itsorderchat/com.itsorderchat.MainActivity} to null,diplayid=0
2026-02-25 23:18:28.743  2527-5071  OPM                     system_server                        I  handlePackageLaunched pkg: com.itsorderchat, uid: 10509, pid: 518
2026-02-25 23:18:28.750  2527-4046  InputMetho...gerService system_server                        D  isSecurity: attribute.packageName = com.itsorderchat mCurMethodId = com.google.android.inputmethod.latin/com.android.inputmethod.latin.LatinIME isSecurity = false ( enable = true needShow = false inBlackList = false isExist = true )
2026-02-25 23:18:28.750  2527-4046  ImeTracker              system_server                        I  com.itsorderchat:f05c46dd: onRequestHide at ORIGIN_SERVER reason HIDE_UNSPECIFIED_WINDOW fromUser false
2026-02-25 23:18:28.754   518-1324  subskrypcja             com.itsorderchat                     E   sub nie powiaodla sie
2026-02-25 23:18:28.760  8070-8070  GoogleInpu...hodService com...gle.android.inputmethod.latin  I  GoogleInputMethodService.onStartInput():1384 onStartInput(EditorInfo{EditorInfo{packageName=com.itsorderchat, inputType=0, inputTypeString=NULL, enableLearning=false, autoCorrection=false, autoComplete=false, imeOptions=0, privateImeOptions=null, actionName=UNSPECIFIED, actionLabel=null, initialSelStart=-1, initialSelEnd=-1, initialCapsMode=0, label=null, fieldId=0, fieldName=null, extras=Bundle[{com.oplus.im.WINDOW_MODE=1, com.oplus.im.SCENES=0}], hintText=null, hintLocales=[]}}, false)
2026-02-25 23:18:28.763   518-872   VRI[MainActivity]       com.itsorderchat                     D  Received frameCommittedCallback lastAttemptedDrawFrameNum=2 didProduceBuffer=true syncBuffer=false
2026-02-25 23:18:28.763   518-518   VRI[MainActivity]       com.itsorderchat                     D  draw finished. seqId=0
2026-02-25 23:18:28.764   518-518   VRI[MainActivity]       com.itsorderchat                     D  onFocusEvent false
2026-02-25 23:18:28.768  2527-5307  WindowManager           system_server                        D  onSyncFinishedDrawing: Window{cf7347 u0 com.itsorderchat/com.itsorderchat.MainActivity}
2026-02-25 23:18:28.768  2527-5307  WindowManager           system_server                        I  finishDrawing skipLayout:false,syncSeqId=0,mPrepareSyncSeqId=0 Window{cf7347 u0 com.itsorderchat/com.itsorderchat.MainActivity} com.android.server.wm.WindowManagerService.finishDrawingWindow:3192 com.android.server.wm.Session.finishDrawing:369 android.view.IWindowSession$Stub.onTransact:793
2026-02-25 23:18:28.772   518-518   ResourcesManagerExtImpl com.itsorderchat                     D  applyConfigurationToAppResourcesLocked app.getDisplayId() return callback.displayId:0
2026-02-25 23:18:28.778   518-518   OplusPredi...Controller com.itsorderchat                     D  initPredictiveBackConfig for com.itsorderchat.ui.theme.home.HomeActivity@1e39b35 initPredictiveBackConfig mShouldInterceptKeyEvent false
2026-02-25 23:18:28.778   518-518   WindowOnBackDispatcher  com.itsorderchat                     D   predictive settings is disabled for com.itsorderchat
2026-02-25 23:18:28.780  2527-5294  PackageConfigPersister  system_server                        W  App-specific configuration not found for packageName: com.itsorderchat and userId: 0
2026-02-25 23:18:28.780  2527-6711  OStatsManager_Calc      system_server                        I  add screen power pkgName = com.itsorderchat, uid = 10509, power = 79.59605500102043, is Fg = true, fore size = 2, mScale = 1.0
2026-02-25 23:18:28.781  2527-6711  OStatsMana...atsManager system_server                        I  notePkgBackground [com.itsorderchat10509], uid = 10213, pid = 4751, pkgName = com.android.launcher
2026-02-25 23:18:28.782   518-518   ContentValues           com.itsorderchat                     D  [emit] Wlacza onCreate] mozliwe ze wlacza socketService
2026-02-25 23:18:28.782   518-1119  WM-WorkerWrapper        com.itsorderchat                     I  Worker result SUCCESS for Work [ id=daeb4143-bdc0-47f8-ac39-01e8fd4294dc, tags={ com.itsorderchat.MyWorker } ]
2026-02-25 23:18:28.784   518-518   HomeActivity            com.itsorderchat                     D  🔄 Registered PACKAGE_RESTARTED receiver
2026-02-25 23:18:28.795  2527-5294  PackageManager          system_server                        W  package com.itsorderchat uid 10509 pid 518 call SetEnabledSetting(com.itsorderchat component = androidx.work.impl.background.systemalarm.RescheduleReceiver, 2, 0)
2026-02-25 23:18:28.808   518-518   ContentCaptureHelper    com.itsorderchat                     I  Setting logging level to OFF
2026-02-25 23:18:28.808   518-518   ActivityThread          com.itsorderchat                     D  ComponentInfo{com.itsorderchat/com.itsorderchat.ui.theme.home.HomeActivity} checkFinished=false 2
2026-02-25 23:18:28.809   518-518   ResourcesManagerExtImpl com.itsorderchat                     D  applyConfigurationToAppResourcesLocked app.getDisplayId() return callback.displayId:0
2026-02-25 23:18:28.809   518-518   ContentValues           com.itsorderchat                     D  [emit] Wlacza Home] mozliwe ze otrzymane Order
2026-02-25 23:18:28.809   518-518   AutofillCl...Controller com.itsorderchat                     V  onActivityResumed()
2026-02-25 23:18:28.809   518-518   AutofillManager         com.itsorderchat                     D  Fill dialog is enabled:false, hints=[]
2026-02-25 23:18:28.811   518-518   AutofillCl...Controller com.itsorderchat                     V  onActivityPostResumed()
2026-02-25 23:18:28.811   518-518   AutofillCl...Controller com.itsorderchat                     V  onActivityPostResumed(): Relayout fix enabled
2026-02-25 23:18:28.811   518-518   AutofillCl...Controller com.itsorderchat                     V  forResume(): Not attempting refill.
2026-02-25 23:18:28.812   518-518   WindowManager           com.itsorderchat                     D  Add to mViews: com.android.internal.policy.DecorView{479259c I.E...... R.....ID 0,0-0,0 alpha=1.0 viewInfo = }[HomeActivity],pkg= com.itsorderchat
2026-02-25 23:18:28.812   518-872   skia                    com.itsorderchat                     D  setRusSupported enable 0
2026-02-25 23:18:28.819  2527-2905  ActivityTaskManager     system_server                        I  Displayed com.itsorderchat/.MainActivity for user 0: +526ms
2026-02-25 23:18:28.821   518-832   SessionLifecycleClient  com.itsorderchat                     D  Sending lifecycle 1 to service
2026-02-25 23:18:28.824  2527-4684  WindowManager           system_server                        I  addWindow: New client android.os.BinderProxy@bb590cf : window=Window{d87ea5c u0 com.itsorderchat/com.itsorderchat.ui.theme.home.HomeActivity}
2026-02-25 23:18:28.825   518-518   ViewRootImplExtImpl     com.itsorderchat                     D  onDisplayChanged -1 for VRI android.view.ViewRootImpl@5c0ff88
2026-02-25 23:18:28.825   518-1283  SessionLifecycleService com.itsorderchat                     D  Activity foregrounding at 261787956.
2026-02-25 23:18:28.826   518-518   ResourcesManagerExtImpl com.itsorderchat                     D  applyConfigurationToAppResourcesLocked app.getDisplayId() return callback.displayId:0
2026-02-25 23:18:28.832   518-518   OplusBracketLog         com.itsorderchat                     E  [OplusViewMirrorManager] updateHostViewRootIfNeeded, not support android.view.ViewRootImpl@5c0ff88
2026-02-25 23:18:28.839   518-518   Vibrator                com.itsorderchat                     D  SystemVibrator Created
2026-02-25 23:18:28.849   518-518   DIALOG_PERSISTENCE      com.itsorderchat                     D  ═══════════════════════════════════════
2026-02-25 23:18:28.849   518-518   DIALOG_PERSISTENCE      com.itsorderchat                     D  🔄 ViewModel INIT - Restore state
2026-02-25 23:18:28.849   518-518   DIALOG_PERSISTENCE      com.itsorderchat                     D     ├─ restoredDialogId: null
2026-02-25 23:18:28.849   518-518   DIALOG_PERSISTENCE      com.itsorderchat                     D     ├─ Thread: main
2026-02-25 23:18:28.849   518-518   DIALOG_PERSISTENCE      com.itsorderchat                     D     └─ Timestamp: 1772057908849
2026-02-25 23:18:28.853   518-518   OrderAlarmService       com.itsorderchat                     D  ━━━━━━━━━━━━━━━━━━━━━━━━━━━━━━━━━━━━
2026-02-25 23:18:28.853   518-518   OrderAlarmService       com.itsorderchat                     D  📊 observePendingOrdersQueue TRIGGERED
2026-02-25 23:18:28.853   518-518   OrderAlarmService       com.itsorderchat                     D     ├─ queue.size: 0
2026-02-25 23:18:28.854   518-518   OrderAlarmService       com.itsorderchat                     D     ├─ userRole: null
2026-02-25 23:18:28.854   518-518   OrderAlarmService       com.itsorderchat                     D     └─ suppress: false
2026-02-25 23:18:28.854   518-518   OrderAlarmService       com.itsorderchat                     D     ├─ currentDialogId: null
2026-02-25 23:18:28.854   518-518   OrderAlarmService       com.itsorderchat                     D     └─ lastClosedOrderId: null
2026-02-25 23:18:28.854   518-518   OrderAlarmService       com.itsorderchat                     D  🎯 CASE 1: Brak dialogu + brak suppress
2026-02-25 23:18:28.854   518-518   OrderAlarmService       com.itsorderchat                     D     └─ next: null
2026-02-25 23:18:28.854   518-518   OrderAlarmService       com.itsorderchat                     D     └─ Brak zamówień do pokazania
2026-02-25 23:18:28.854   518-518   OrderAlarmService       com.itsorderchat                     D  ━━━━━━━━━━━━━━━━━━━━━━━━━━━━━━━━━━━━
2026-02-25 23:18:28.855   518-518   QUEUE_FILTER            com.itsorderchat                     D  ━━━━━━━━━━━━━━━━━━━━━━━━━━━━━━━━━
2026-02-25 23:18:28.855   518-518   QUEUE_FILTER            com.itsorderchat                     D  📋 QUEUE UPDATE - Total orders: 0
2026-02-25 23:18:28.855   518-518   QUEUE_FILTER            com.itsorderchat                     D     └─ Filtered PROCESSING: 0
2026-02-25 23:18:28.866   518-518   OrdersView...nlined$map com.itsorderchat                     D  VM: Filtruję listę 0 zamówień. Pokazuję tylko nowsze niż 2026-02-24T23:00:00Z (lub aktywne/zaplanowane).
2026-02-25 23:18:28.869   518-518   OrdersViewModel         com.itsorderchat                     D  [emit] Socket POŁĄCZONY i rola (null) to nie kurier. Rozpoczynam synchronizację.
2026-02-25 23:18:28.870   518-518   OrdersViewModel         com.itsorderchat                     D  syncOrdersFromApiStartOfDay: Dziś jest 2026-02-25. Wysyłam do API datę UTC: 2026-02-24T23:00:00Z, a do DAO prefix: 2026-02-25
2026-02-25 23:18:28.874   518-1413  okhttp.OkHttpClient     com.itsorderchat                     I  --> GET https://sushi-take.pl/client/v3/api/admin/order?paginate=200&createdAt=2026-02-24T23%3A00%3A00Z
2026-02-25 23:18:28.874   518-1413  okhttp.OkHttpClient     com.itsorderchat                     I  Accept-Language: pl-PL
2026-02-25 23:18:28.874   518-1413  okhttp.OkHttpClient     com.itsorderchat                     I  Authorization: Bearer eyJhbGciOiJIUzI1NiIsInR5cCI6IkpXVCJ9.eyJpZCI6IjY4NDgwZTFiNTU4N2ZkOGQyNzAxZmE1MiIsInRlbmFudEtleSI6InN1c2hpLXRha2VfcGwiLCJyb2xlIjoiQURNSU4iLCJwZXJtaXNzaW9uIjpbInVzZXIuaW5kZXgiLCJ1c2VyLmNyZWF0ZSIsInVzZXIuZWRpdCIsInVzZXIuZGVzdHJveSIsInJvbGUuaW5kZXgiLCJyb2xlLmNyZWF0ZSIsInJvbGUuZWRpdCIsInJvbGUuZGVzdHJveSIsInByb2R1Y3QuaW5kZXgiLCJwcm9kdWN0LmNyZWF0ZSIsInByb2R1Y3QuZWRpdCIsInByb2R1Y3QuZGVzdHJveSIsImF0dHJpYnV0ZS5pbmRleCIsImF0dHJpYnV0ZS5jcmVhdGUiLCJhdHRyaWJ1dGUuZWRpdCIsImF0dHJpYnV0ZS5kZXN0cm95IiwiY2F0ZWdvcnkuaW5kZXgiLCJjYXRlZ29yeS5jcmVhdGUiLCJjYXRlZ29yeS5lZGl0IiwiY2F0ZWdvcnkuZGVzdHJveSIsInRhZy5pbmRleCIsInRhZy5jcmVhdGUiLCJ0YWcuZWRpdCIsInRhZy5kZXN0cm95IiwiYnJhbmQuaW5kZXgiLCJicmFuZC5jcmVhdGUiLCJicmFuZC5lZGl0IiwiYnJhbmQuZGVzdHJveSIsImxpY2Vuc2Vfa2V5LmluZGV4IiwibGljZW5zZV9rZXkuY3JlYXRlIiwibGljZW5zZV9rZXkuZWRpdCIsImxpY2Vuc2Vfa2V5LmRlc3Ryb3kiLCJzdG9yZS5pbmRleCIsInN0b3JlLmNyZWF0ZSIsInN0b3JlLmVkaXQiLCJzdG9yZS5kZXN0cm95IiwidmVuZG9yX3dhbGxldC5pbmRleCIsInZlbmRvcl93YWxsZXQuY3JlZGl0IiwidmVuZG9yX3dhbGxldC5kZWJpdCIsImNvbW1pc3Npb25faGlzdG9yeS5pbmRleCIsIndpdGhkcmF3X3JlcXVlc3QuaW5kZXgiLCJ3aXRoZHJhd19yZXF1ZXN0LmNyZWF0ZSIsIndpdGhkcmF3X3JlcXVlc3QuYWN0aW9uIiwib3JkZXIuaW5kZXgiLCJvcmRlci5jcmVhdGUiLCJvcmRlci5lZGl0IiwiYXR0YWNobWVudC5pbmRleCIsImF0dGFjaG1lbnQuY3JlYXRlIiwiYXR0YWNobWVudC5kZXN0cm95IiwiYmxvZy5pbmRleCIsImJsb2cuY3JlYXRlIiwiYmxvZy5lZGl0IiwiYmxvZy5kZXN0cm95IiwicGFnZS5pbmRleCIsInBhZ2UuY3JlYXRlIiwicGFnZS5lZGl0IiwicGFnZS5kZXN0cm95IiwidGF4LmluZGV4IiwidGF4LmNyZWF0ZSIsInRheC5lZGl0IiwidGF4LmRlc3Ryb3kiLCJzaGlwcGluZy5pbmRleCIsInNoaXBwaW5nLmNyZWF0ZSIsInNoaXBwaW5nLmVkaXQiLCJzaGlwcGluZy5kZXN0cm95IiwiY291cG9uLmluZGV4IiwiY291cG9uLmNyZWF0ZSIsImNvdXBvbi5lZGl0IiwiY291cG9uLmRlc3Ryb3kiLCJjdXJyZW5jeS5pbmRleCIsImN1cnJlbmN5LmNyZWF0ZSIsImN1cnJlbmN5LmVkaXQiLCJjdXJyZW5jeS5kZXN0cm95IiwicG9pbnQuaW5kZXgiLCJwb2ludC5jcmVkaXQiLCJwb2ludC5kZWJpdCIsIndhbGxldC5pbmRleCIsIndhbGxldC5jcmVkaXQiLCJ3YWxsZXQuZGViaXQiLCJyZWZ1bmQuaW5kZXgiLCJyZWZ1bmQuY3JlYXRlIiwicmVmdW5kLmFjdGlvbiIsInJldmlldy5pbmRleCIsInJldmlldy5jcmVhdGUiLCJyZXZpZXcuZGVzdHJveSIsImZhcS5pbmRleCIsImZhcS5jcmVhdGUiLCJmYXEuZWRpdCIsImZhcS5kZXN0cm95IiwicXVlc3Rpb25fYW5kX2Fuc3dlci5pbmRleCIsInF1ZXN0aW9uX2FuZF9hbnN3ZXIuY3JlYXRlIiwicXVlc3Rpb25fYW5kX2Fuc3dlci5lZGl0IiwicXVlc3Rpb25fYW5kX2Fuc3dlci5kZXN0cm95Iiwic3Vic2NyaWJlLmluZGV4Iiwic3Vic2NyaWJlLmNyZWF0ZSIsInN1YnNjcmliZS5lZGl0Iiwic3Vic2NyaWJlLmRlc3Ryb3kiLCJub3RpY2UuaW5kZXgiLCJub3RpY2UuY3JlYXRlIiwibm90aWNlLmVkaXQiLCJub3RpY2UuZGVzdHJveSIsInRoZW1lLmluZGV4IiwidGhlbWUuZWRpdCIsInRoZW1lX29wdGlvbi5pbmRleCIsInRoZW1lX29wdGlvbi5lZGl0IiwibWVudS5pbmRleCIsIm1lbnUuY3JlYXRlIiwibWVudS5lZGl0IiwibWVudS5kZXN0cm95IiwiYXBwX3NldHRpbmcuaW5kZXgiLCJhcHBfc2V0dGluZy5lZGl0Iiwic2V0dGluZy5pbmRleCIsInNldHRpbmcuZWRpdCIsImxhbmd1YWdlLmluZGV4IiwibGFuZ3VhZ2UuY3JlYXRlIiwibGFuZ3VhZ2UuZWRpdCIsImxhbmd1YWdlLmRlc3Ryb3kiLCJ6b25lLmluZGV4Iiwiem9uZS5jcmVhdGUiLCJ6b25lLmVkaXQiLCJ6b25lLmRlc3Ryb3kiLCJhdXRob3IuaW5kZXgiLCJhdXRob3IuY3JlYXRlIiwiYXV0aG9yLmVkaXQiLCJhdXRob3IuZGVzdHJveSIsInB1YmxpY2F0aW9uLmluZGV4IiwicHVibGljYXRpb24uY3JlYXRlIiwicHVibGljYXRpb24uZWRpdCIsInB1YmxpY2F0aW9uLmRlc3Ryb3kiXSwiaWF0IjoxNzcyMDU3MTcwLCJleHAiOjE3NzIwNTg5NzAsImF1ZCI6ImFkbWluIiwianRpIjoiNjk5ZjcyNTJiMDE1ODY0NzJiN2MyOWQ5In0.zroY7g32YFKoFvcRhy14yJNPMkiLSjzJdy3jBgjSkYI
2026-02-25 23:18:28.874   518-1413  okhttp.OkHttpClient     com.itsorderchat                     I  --> END GET
2026-02-25 23:18:28.946   518-1413  okhttp.OkHttpClient     com.itsorderchat                     I  <-- 200 https://sushi-take.pl/client/v3/api/admin/order?paginate=200&createdAt=2026-02-24T23%3A00%3A00Z (71ms)
2026-02-25 23:18:28.946   518-1413  okhttp.OkHttpClient     com.itsorderchat                     I  date: Wed, 25 Feb 2026 22:18:28 GMT
2026-02-25 23:18:28.946   518-1413  okhttp.OkHttpClient     com.itsorderchat                     I  content-type: application/json; charset=utf-8
2026-02-25 23:18:28.946   518-1413  okhttp.OkHttpClient     com.itsorderchat                     I  server: cloudflare
2026-02-25 23:18:28.948   518-1413  okhttp.OkHttpClient     com.itsorderchat                     I  vary: Origin, Accept-Encoding
2026-02-25 23:18:28.948   518-1413  okhttp.OkHttpClient     com.itsorderchat                     I  access-control-allow-credentials: true
2026-02-25 23:18:28.949   518-1413  okhttp.OkHttpClient     com.itsorderchat                     I  access-control-expose-headers: X-Request-Id,X-Trace-Id,X-Response-Time
2026-02-25 23:18:28.949   518-1413  okhttp.OkHttpClient     com.itsorderchat                     I  cross-origin-opener-policy: same-origin
2026-02-25 23:18:28.950   518-1413  okhttp.OkHttpClient     com.itsorderchat                     I  cross-origin-resource-policy: cross-origin
2026-02-25 23:18:28.950   518-1413  okhttp.OkHttpClient     com.itsorderchat                     I  origin-agent-cluster: ?1
2026-02-25 23:18:28.950   518-1413  okhttp.OkHttpClient     com.itsorderchat                     I  referrer-policy: no-referrer
2026-02-25 23:18:28.950   518-1413  okhttp.OkHttpClient     com.itsorderchat                     I  referrer-policy: strict-origin-when-cross-origin
2026-02-25 23:18:28.950   518-1413  okhttp.OkHttpClient     com.itsorderchat                     I  strict-transport-security: max-age=31536000; includeSubDomains
2026-02-25 23:18:28.950   518-1413  okhttp.OkHttpClient     com.itsorderchat                     I  strict-transport-security: max-age=31536000; includeSubDomains
2026-02-25 23:18:28.950   518-1413  okhttp.OkHttpClient     com.itsorderchat                     I  x-content-type-options: nosniff
2026-02-25 23:18:28.950   518-1413  okhttp.OkHttpClient     com.itsorderchat                     I  x-content-type-options: nosniff
2026-02-25 23:18:28.950   518-1413  okhttp.OkHttpClient     com.itsorderchat                     I  x-dns-prefetch-control: off
2026-02-25 23:18:28.950   518-1413  okhttp.OkHttpClient     com.itsorderchat                     I  x-download-options: noopen
2026-02-25 23:18:28.950   518-1413  okhttp.OkHttpClient     com.itsorderchat                     I  x-frame-options: SAMEORIGIN
2026-02-25 23:18:28.951   518-1413  okhttp.OkHttpClient     com.itsorderchat                     I  x-frame-options: SAMEORIGIN
2026-02-25 23:18:28.951   518-1413  okhttp.OkHttpClient     com.itsorderchat                     I  x-permitted-cross-domain-policies: none
2026-02-25 23:18:28.951   518-1413  okhttp.OkHttpClient     com.itsorderchat                     I  x-xss-protection: 0
2026-02-25 23:18:28.951   518-1413  okhttp.OkHttpClient     com.itsorderchat                     I  ratelimit-policy: 300;w=60
2026-02-25 23:18:28.951   518-1413  okhttp.OkHttpClient     com.itsorderchat                     I  ratelimit-limit: 300
2026-02-25 23:18:28.954   518-1413  okhttp.OkHttpClient     com.itsorderchat                     I  ratelimit-remaining: 295
2026-02-25 23:18:28.954   518-1413  okhttp.OkHttpClient     com.itsorderchat                     I  ratelimit-reset: 12
2026-02-25 23:18:28.954   518-1413  okhttp.OkHttpClient     com.itsorderchat                     I  x-correlation-id: 3d672fbe-6580-4d92-9793-2416a1fce138
2026-02-25 23:18:28.954   518-1413  okhttp.OkHttpClient     com.itsorderchat                     I  content-language: pl-PL
2026-02-25 23:18:28.954   518-1413  okhttp.OkHttpClient     com.itsorderchat                     I  set-cookie: i18next=pl-PL; Path=/; Expires=Thu, 25 Feb 2027 22:18:28 GMT; SameSite=Strict
2026-02-25 23:18:28.954   518-1413  okhttp.OkHttpClient     com.itsorderchat                     I  etag: W/"12b1-z+mTUjqnFy8wgRMcAeUHs7Gk/lM"
2026-02-25 23:18:28.954   518-1413  okhttp.OkHttpClient     com.itsorderchat                     I  x-response-time: 14.2ms
2026-02-25 23:18:28.954   518-1413  okhttp.OkHttpClient     com.itsorderchat                     I  report-to: {"group":"cf-nel","max_age":604800,"endpoints":[{"url":"https://a.nel.cloudflare.com/report/v4?s=NT%2FUD%2F8Dn7%2F%2BY0CiJYigtygfBxihN4BvlRo4y3gc%2F%2BSUOswUdvNVZZJJzBdt%2BRtQsROpIa8XiMj1NF1plb6lj61oioJv%2BRYAR5oyuYA%3D"}]}
2026-02-25 23:18:28.954   518-1413  okhttp.OkHttpClient     com.itsorderchat                     I  permissions-policy: geolocation=(), microphone=(), camera=()
2026-02-25 23:18:28.954   518-1413  okhttp.OkHttpClient     com.itsorderchat                     I  cf-cache-status: BYPASS
2026-02-25 23:18:28.955   518-1413  okhttp.OkHttpClient     com.itsorderchat                     I  nel: {"report_to":"cf-nel","success_fraction":0.0,"max_age":604800}
2026-02-25 23:18:28.956   518-1413  okhttp.OkHttpClient     com.itsorderchat                     I  cf-ray: 9d3a9429dbd760a4-WAW
2026-02-25 23:18:28.956   518-1413  okhttp.OkHttpClient     com.itsorderchat                     I  alt-svc: h3=":443"; ma=86400
2026-02-25 23:18:28.957   518-1413  okhttp.OkHttpClient     com.itsorderchat                     I  {"current_page":1,"data":[{"is_guest":true,"sub_orders":[],"id":"699f74e239820eefe0c62b39","order_number":"KR-2191","shipping_total":10,"wallet_balance":0,"points_amount":0,"delivery_type":"DELIVERY","delivery_interval":"2026-02-26T11:00:00.000Z","delivery_time":"2026-02-26T11:00:00.000Z","type":"PREORDER","is_asap":false,"coupon_total_discount":0,"payment_method":"COD","payment_status":"CONFIRMED","tax_total":0,"total":80,"amount":68,"createdAt":"2026-02-25T22:17:06.267Z","order_key":"eyJvcmRlck51bWJlciI6IktSLTIxOTEiLCJlbWFpbCI6ImJpdXJvQHBvaW50c3VzaGkucGwiLCJleHBJU08iOiIyMDI2LTAyLTI2VDEwOjE3OjA2LjI1NloiLCJzaWciOiJlMzcyZGNjMGI0MDU4Y2ZiMWUxMWQwMzAyOTYyN2RlNzE3YTQ2ODZjOTJmMmZlY2Q0MWEzNWExNzM3MGVjODhhIn0","status":true,"coupon_id":"","note":"","consumer":{"name":"pawel","email":"biuro@pointsushi.pl","country_code":"48","phone":"+48505246841"},"shipping_address":{"street":"Franciszka Kniaźnina","city":"Kraków","number_home":"1","number_flat":"1","coordinates":{"lat":50.0895263,"lng":19.9928509}},"order_status":{"id":"4","name":"accepted","sequence":4,"slug":"ACCEPTED"},"products":[{"id":"695fb222dda0b6354ce55761","discount":0,"price":17,"sale_price":17,"name":"Gomawakame.","quantity":4,"addons_group":[],"bundle_items":[],"note":[]}],"additional_fee_total":2,"additional_fees":[{"label":"Opłata SUPP","amount":0.31,"sku":"374","pos_id":"374"},{"label":"Opłata za opakowanie","amount":1.69,"sku":"200","pos_id":"200"}]},{"is_guest":true,"sub_orders":[],"id":"699f729cb01586472b7c29ec","order_number":"KR-2190","shipping_total":10,"wallet_balance":0,"points_amount":0,"delivery_type":"DELIVERY","delivery_interval":"2026-02-26T11:00:00.000Z","delivery_time":"2026-02-26T11:00:00.000Z","type":"PREORDER","is_asap":false,"coupon_total_discount":0,"payment_method":"COD","payment_status":"CONFIRMED","tax_total":0,"total":63,"amount":51,"createdAt":"2026-02-25T22:07:24.388Z","order_key":"eyJvcmRlck51bWJlciI6IktSLTIxOTAiLCJlbWFpbCI6ImJpdXJvQHBvaW50c3VzaGkucGwiLCJleHBJU08iOiIyMDI2LTAyLTI2VDEwOjA3OjI0LjM3OVoiLCJzaWciOiI2OWQ4MzU1MTIzOTg1ZTdjNGFiMmZlZDg5NWQwMjIxMjM1NGUwMThmZDY4NjRkMDZjOTI0NTAyMmZiNjk1NTFjIn0","status":true,"coupon_id":"","note":"test","consumer":{"name":"pawel","email":"biuro@pointsushi.pl","country_code":"48","phone":"+48505246841"},"shipping_address":{"street":"Franciszka Kniaźnina","city":"Kraków","number_home":"1","number_flat":"1","coordinates":{"lat":50.0895263,"lng":19.9928509}},"order_status":{"id":"4","name":"accepted","sequence":4,"slug":"ACCEPTED"},"products":[{"id":"695fb222dda0b6354ce55761","discount":0,"price":17,"sale_price":17,"name":"Gomawakame.","quantity":3,"addons_group":[],"bundle_items":[],"note":[]}],"additional_fee_total":2,"additional_fees":[{"label":"Opłata SUPP","amount":0.31,"sku":"374","pos_id":"374"},{"label":"Opłata za opakowanie","amount":1.69,"sku":"200","pos_id":"200"}]},{"is_guest":true,"sub_orders":[],"id":"699ee462b01586472b7c230a","order_number":"KR-2189","shipping_total":10,"wallet_balance":0,"points_amount":0,"delivery_type":"DELIVERY","delivery_interval":"2026-02-25T12:59:00.000Z","delivery_time":"2026-02-25T13:31:00.356Z","type":"ASAP","is_asap":true,"coupon_total_discount":0,"payment_method":"CARD","payment_status":"CONFIRMED","tax_total":0,"total":110,"amount":98,"createdAt":"2026-02-25T12:00:34.508Z","order_key":"eyJvcmRlck51bWJlciI6IktSLTIxODkiLCJlbWFpbCI6ImJpdXJvQHBvaW50c3VzaGkucGwiLCJleHBJU08iOiIyMDI2LTAyLTI2VDAwOjAwOjM0LjQ5OFoiLCJzaWciOiJhZTNlNWJhNjU5OTUyYTM3MjI1ODJiZjI1MTg4ODMwZmQ3NDI0YTAzOGViYmEyZmM3MzQ5MWRkOWIyMDE3NjY3In0","status":true,"coupon_id":"","note":"testowe","consumer":{"name":"pawel","email":"biuro@pointsushi.pl","country_code":"48","phone":"+48505246841"},"shipping_address":{"street":"Franciszka Kniaźnina","city":"Kraków","number_home":"1","number_flat":"1","coordinates":{"lat":50.0895263,"lng":19.9928509}},"order_status":{"id":"4","name":"accepted","sequence":4,"slug":"ACCEPTED"},"products":[{"id":"695fb222dda0b6354ce5576e","discount":0,"price":49,"sale_price":49,"name":"A
2026-02-25 23:18:28.957   518-1413  okhttp.OkHttpClient     com.itsorderchat                     I  wokado roll 8szt.","quantity":2,"addons_group":[],"bundle_items":[],"note":[]}],"additional_fee_total":2,"additional_fees":[{"label":"Opłata SUPP","amount":0.31,"sku":"374","pos_id":"374"},{"label":"Opłata za opakowanie","amount":1.69,"sku":"200","pos_id":"200"}]}],"first_page_url":"https://sushi-take.pl/api/admin/order?page=1&per_page=200","from":1,"last_page":1,"last_page_url":"https://sushi-take.pl/api/admin/order?page=1&per_page=200","links":[{"url":null,"label":"&laquo; Previous","active":false},{"url":"https://sushi-take.pl/api/admin/order?page=1&per_page=200","label":"1","active":true},{"url":null,"label":"Next &raquo;","active":false}],"next_page_url":null,"path":"https://sushi-take.pl/api/admin/order","per_page":200,"prev_page_url":null,"to":3,"total":3}
2026-02-25 23:18:28.957   518-1413  okhttp.OkHttpClient     com.itsorderchat                     I  <-- END HTTP (4785-byte body)
2026-02-25 23:18:28.961   518-855   BaseRepository          com.itsorderchat                     D  Success, code: 200
2026-02-25 23:18:29.006  5207-6640  ActivityAdapter         com.oplus.subsys                     D  notifyActivityQuery: [com.itsorderchat; com.itsorderchat.MainActivity; 1; COMMON; 10509]
2026-02-25 23:18:29.006  5207-6640  OPlusFrontAppManager    com.oplus.subsys                     D  useAdapterResult, pkg=com.itsorderchat,activity=com.itsorderchat.MainActivity,result=true
2026-02-25 23:18:29.008  5207-6640  OPlusFrontAppManager    com.oplus.subsys                     D  decide -->> [com.itsorderchat; com.itsorderchat.MainActivity; 1; COMMON; 10509]
2026-02-25 23:18:29.010  5207-6640  ConferenceScene         com.oplus.subsys                     D  pkg:com.itsorderchat, activity:com.itsorderchat.MainActivity, appSense:COMMON
2026-02-25 23:18:29.011  5207-6587  Subsys-ScoreAppManager  com.oplus.subsys                     D  appSceneChange fgAppUnits size 1 fgAppUnits [{pkgName:com.itsorderchat,activityName:,winMode:1,event:COMMON,type:0,subEvent:0,pid:518,uid:10509}] mLastNetworkList[182, 183]
2026-02-25 23:18:29.012  5207-6640  AppSenseService         com.oplus.subsys                     D  notifySenseEvent: {pkgName:com.itsorderchat,activityName:com.itsorderchat.MainActivity,winMode:1,event:COMMON,type:0,subEvent:0,pid:518,uid:10509},
2026-02-25 23:18:29.013  5082-5472  AppSenseClient          com.oplus.nas                        D  handleSenseEvent appInfoUnits: {pkgName:com.itsorderchat,activityName:com.itsorderchat.MainActivity,winMode:1,event:COMMON,type:0,subEvent:0,pid:518,uid:10509},
2026-02-25 23:18:29.013  2527-2912  AppSenseClient          system_server                        D  handleSenseEvent appInfoUnits: {pkgName:com.itsorderchat,activityName:com.itsorderchat.MainActivity,winMode:1,event:COMMON,type:0,subEvent:0,pid:518,uid:10509},
2026-02-25 23:18:29.013  2527-2912  AppSenseClient          system_server                        D  notifyAppEvent: pkgName: com.itsorderchat,activityName:com.itsorderchat.MainActivity;state: 1;event: COMMON;type: 0;subEvent: 0;pid: 518;uid: 10509
2026-02-25 23:18:29.013  2527-2912  AppSenseClient          system_server                        D  notifyAppChanges: [{pkgName:com.itsorderchat,activityName:com.itsorderchat.MainActivity,winMode:1,event:COMMON,type:0,subEvent:0,pid:518,uid:10509}]
2026-02-25 23:18:29.013  5082-5472  AppSenseClient          com.oplus.nas                        D  notifyAppEvent: pkgName: com.itsorderchat,activityName:com.itsorderchat.MainActivity;state: 1;event: COMMON;type: 0;subEvent: 0;pid: 518;uid: 10509
2026-02-25 23:18:29.013  5207-5207  SceneService            com.oplus.subsys                     D  notifyAppSceneChanged original mode:{live:0,video:0,voice call:0,video call:0,live host:0,game:0,meeting:0,news:0,file transfer:0},appInfoUnit:[{pkgName:com.itsorderchat,activityName:,winMode:1,event:COMMON,type:0,subEvent:0,pid:518,uid:10509}]
2026-02-25 23:18:29.013  5082-5472  AppSenseClient          com.oplus.nas                        D  notifyAppChanges: [{pkgName:com.itsorderchat,activityName:com.itsorderchat.MainActivity,winMode:1,event:COMMON,type:0,subEvent:0,pid:518,uid:10509}]
2026-02-25 23:18:29.013  5207-5207  AtomHighLoadSenseInfo   com.oplus.subsys                     D  handleAppSenseChanged appInfoUnit:{pkgName:com.itsorderchat,activityName:,winMode:1,event:COMMON,type:0,subEvent:0,pid:518,uid:10509}
2026-02-25 23:18:29.013  5082-5472  NAS-DataSceneEvent      com.oplus.nas                        D  new event: event=0, state=1, pkg=com.itsorderchat, type=0, subEvent=0
2026-02-25 23:18:29.013  5082-5472  NAS-DataSceneEvent      com.oplus.nas                        D  updateAppSenseChange [{pkgName:com.itsorderchat,activityName:com.itsorderchat.MainActivity,winMode:1,event:COMMON,type:0,subEvent:0,pid:518,uid:10509}]
2026-02-25 23:18:29.014  5090-5090  AppSenseClient          com.oplus.nhs                        D  handleSenseEvent appInfoUnits: {pkgName:com.itsorderchat,activityName:com.itsorderchat.MainActivity,winMode:1,event:COMMON,type:0,subEvent:0,pid:518,uid:10509},
2026-02-25 23:18:29.014  5090-5090  AppSenseClient          com.oplus.nhs                        D  notifyAppEvent: pkgName: com.itsorderchat,activityName:com.itsorderchat.MainActivity;state: 1;event: COMMON;type: 0;subEvent: 0;pid: 518;uid: 10509
2026-02-25 23:18:29.014  5090-5090  AppSenseClient          com.oplus.nhs                        D  notifyAppChanges: [{pkgName:com.itsorderchat,activityName:com.itsorderchat.MainActivity,winMode:1,event:COMMON,type:0,subEvent:0,pid:518,uid:10509}]
2026-02-25 23:18:29.014  5090-5090  NhsAppSenseListener     com.oplus.nhs                        D  new event: event=0, state=1, pkg=com.itsorderchat, type=0, subEvent=0
2026-02-25 23:18:29.019  4987-5519  AppSenseClient          com.android.phone                    D  handleSenseEvent appInfoUnits: {pkgName:com.itsorderchat,activityName:com.itsorderchat.MainActivity,winMode:1,event:COMMON,type:0,subEvent:0,pid:518,uid:10509},
2026-02-25 23:18:29.020  4987-5519  AppSenseClient          com.android.phone                    D  notifyAppEvent: pkgName: com.itsorderchat,activityName:com.itsorderchat.MainActivity;state: 1;event: COMMON;type: 0;subEvent: 0;pid: 518;uid: 10509
2026-02-25 23:18:29.020  4987-5519  AppSenseClient          com.android.phone                    D  notifyAppChanges: [{pkgName:com.itsorderchat,activityName:com.itsorderchat.MainActivity,winMode:1,event:COMMON,type:0,subEvent:0,pid:518,uid:10509}]
2026-02-25 23:18:29.037  5207-6587  Subsys-ScoreAppManager  com.oplus.subsys                     D  unit: {pkgName:com.itsorderchat,activityName:,winMode:1,event:COMMON,type:0,subEvent:0,pid:518,uid:10509}
2026-02-25 23:18:29.143   518-518   WindowOnBackDispatcher  com.itsorderchat                     D   predictive settings is disabled for com.itsorderchat
2026-02-25 23:18:29.143   518-518   WindowOnBackDispatcher  com.itsorderchat                     D   predictive settings is disabled for com.itsorderchat
2026-02-25 23:18:29.144  2527-4684  CoreBackPreview         system_server                        D  Window{d87ea5c u0 com.itsorderchat/com.itsorderchat.ui.theme.home.HomeActivity}: Setting back callback OnBackInvokedCallbackInfo{mCallback=android.window.IOnBackInvokedCallback$Stub$Proxy@3bdad31, mPriority=0, mIsAnimationCallback=false, mOverrideBehavior=0}
2026-02-25 23:18:29.149   518-518   ViewRootImplExtImpl     com.itsorderchat                     D  wrapConfigInfoIntoFlags rotation=0, smallestScreenWidthDp=0, residentWS=false, scenario=0, bounds=Rect(0, 0 - 1080, 2400), relayoutAsync=false, flags=0, newFlags=1258291200, title=com.itsorderchat/com.itsorderchat.ui.theme.home.HomeActivity
2026-02-25 23:18:29.150  2527-4684  WindowManager           system_server                        V  Relayout Window{d87ea5c u0 com.itsorderchat/com.itsorderchat.ui.theme.home.HomeActivity}: viewVisibility=0, oldvis=4, req=1080x2400 , apr = 8, vsysui=LIGHT_STATUS_BAR, x=0, y=0
2026-02-25 23:18:29.150  2527-4684  WindowManager           system_server                        I  Window{d87ea5c u0 com.itsorderchat/com.itsorderchat.ui.theme.home.HomeActivity} state from NO_SURFACE to DRAW_PENDING; reason: resetDrawState
2026-02-25 23:18:29.154  2527-4684  WindowManager           system_server                        D  NFW_findFocusedWindowIfNeeded:Window{d87ea5c u0 com.itsorderchat/com.itsorderchat.ui.theme.home.HomeActivity} mCurrentFocus:null
2026-02-25 23:18:29.154  2527-4684  WindowManager           system_server                        V  Changing focus from null to Window{d87ea5c u0 com.itsorderchat/com.itsorderchat.ui.theme.home.HomeActivity},diplayid=0
2026-02-25 23:18:29.157   518-518   VRI[HomeActivity]       com.itsorderchat                     D  relayoutWindow result, sizeChanged:true, surfaceControlChanged:true, transformHintChanged:false, mSurfaceSize:Point(1080, 2400), mLastSurfaceSize:Point(0, 0), mWidth:-1, mHeight:-1, requestedWidth:1080, requestedHeight:2400, transformHint:0, installOrientation:0, displayRotation:0, isSurfaceValid:true, attr.flag:-2122252032, tmpFrames:ClientWindowFrames{frame=[0,0][1080,2400] display=[0,0][1080,2400] parentFrame=[0,0][0,0]}, relayoutAsync:false, mSyncSeqId:0
2026-02-25 23:18:29.157   518-518   VRI[HomeActivity]       com.itsorderchat                     W  updateBlastSurfaceIfNeeded, surfaceSize:Point(1080, 2400), lastSurfaceSize:Point(0, 0), format:-1, blastBufferQueue:null
2026-02-25 23:18:29.157   518-518   BufferQueueConsumer     com.itsorderchat                     D  [](id:2060000000f,api:0,p:-1,c:518) connect: controlledByApp=false
2026-02-25 23:18:29.158   518-518   BufferQueueConsumer     com.itsorderchat                     D  [VRI[HomeActivity]#15(BLAST Consumer)15](id:2060000000f,api:0,p:-1,c:518) setMaxAcquiredBufferCount: 2
2026-02-25 23:18:29.159   518-872   BufferQueueProducer     com.itsorderchat                     D  [VRI[HomeActivity]#15(BLAST Consumer)15](id:2060000000f,api:1,p:518,c:518) connect: api=1 producerControlledByApp=true
2026-02-25 23:18:29.164   518-518   SurfaceControl          com.itsorderchat                     I   setExtendedRangeBrightness sc=Surface(name=com.itsorderchat/com.itsorderchat.ui.theme.home.HomeActivity)/@0x46c3ac6,currentBufferRatio=1.0,desiredRatio=1.0
2026-02-25 23:18:29.165  2527-2914  SurfaceComposerClient   system_server                        D  Transaction::apply InputWindowCommands.focusRequests timestamp=261788291848727, windowName=d87ea5c com.itsorderchat/com.itsorderchat.ui.theme.home.HomeActivity
2026-02-25 23:18:29.175  2201-2476  SurfaceFlinger          surfaceflinger                       D  updateWinowInfo=1, setFocusedWindow timestamp=261788291848727, windowName=d87ea5c com.itsorderchat/com.itsorderchat.ui.theme.home.HomeActivity
2026-02-25 23:18:29.175  2527-5204  InputDispatcher         system_server                        I  NFW_setFocusedWindow, d87ea5c com.itsorderchat/com.itsorderchat.ui.theme.home.HomeActivity on display 0, same as the previous:0
2026-02-25 23:18:29.236   518-872   BLASTBufferQueue        com.itsorderchat                     D  [VRI[HomeActivity]#15](f:0,a:1) acquireNextBufferLocked size=1080x2400 mFrameNumber=1 applyTransaction=true mTimestamp=261788370549716(auto) mPendingTransactions.size=0 graphicBufferId=2224793059391 transform=0
2026-02-25 23:18:29.236   518-872   VRI[HomeActivity]       com.itsorderchat                     D  Received frameCommittedCallback lastAttemptedDrawFrameNum=1 didProduceBuffer=true syncBuffer=false
2026-02-25 23:18:29.236   518-518   VRI[HomeActivity]       com.itsorderchat                     D  draw finished. seqId=0
2026-02-25 23:18:29.237  2527-4684  WindowManager           system_server                        D  onSyncFinishedDrawing: Window{d87ea5c u0 com.itsorderchat/com.itsorderchat.ui.theme.home.HomeActivity}
2026-02-25 23:18:29.237  2527-4684  WindowManager           system_server                        I  finishDrawing skipLayout:false,syncSeqId=0,mPrepareSyncSeqId=0 Window{d87ea5c u0 com.itsorderchat/com.itsorderchat.ui.theme.home.HomeActivity} com.android.server.wm.WindowManagerService.finishDrawingWindow:3192 com.android.server.wm.Session.finishDrawing:369 android.view.IWindowSession$Stub.onTransact:793
2026-02-25 23:18:29.237  2527-4684  WindowManager           system_server                        I  Window{d87ea5c u0 com.itsorderchat/com.itsorderchat.ui.theme.home.HomeActivity} state from DRAW_PENDING to COMMIT_DRAW_PENDING; reason: finishDrawingLocked
2026-02-25 23:18:29.239  2527-2914  WindowManager           system_server                        I  Window{d87ea5c u0 com.itsorderchat/com.itsorderchat.ui.theme.home.HomeActivity} state from COMMIT_DRAW_PENDING to READY_TO_SHOW; reason: commitFinishDrawingLocked
2026-02-25 23:18:29.239  2527-2914  ActivityTaskManager     system_server                        D  Clearing startingData for activity=ActivityRecord{64745798 u0 com.itsorderchat/.ui.theme.home.HomeActivity t7810} mStartingData=null mStartingSurface=null
2026-02-25 23:18:29.239  2527-5071  OPM                     system_server                        I  handleNotifyLaunchTime : com.itsorderchat, :501
2026-02-25 23:18:29.240  2527-2914  ActivityTaskManager     system_server                        D  commitVisibility: ActivityRecord{64745798 u0 com.itsorderchat/.ui.theme.home.HomeActivity t7810}: visible=true visibleRequested=true, isInTransition=true
2026-02-25 23:18:29.240  2527-2914  ActivityTaskManager     system_server                        D  Clearing startingData for activity=ActivityRecord{64745798 u0 com.itsorderchat/.ui.theme.home.HomeActivity t7810} mStartingData=null mStartingSurface=null
2026-02-25 23:18:29.240   518-518   ImeTracker              com.itsorderchat                     I  com.itsorderchat:f05c46dd: onFailed at PHASE_CLIENT_HANDLE_SET_IME_VISIBILITY
2026-02-25 23:18:29.240  2527-2914  WindowManager           system_server                        I  Window{d87ea5c u0 com.itsorderchat/com.itsorderchat.ui.theme.home.HomeActivity} state from READY_TO_SHOW to HAS_DRAWN; reason: performShowLocked
2026-02-25 23:18:29.240  2527-2914  Transition              system_server                        D  collectOrderChanges onTopTasksEnd: [Task{7aacee #7810 type=standard A=10509:com.itsorderchat}], reportedOnTop:null, mOnTopTasksStart: [Task{7aacee #7810 type=standard A=10509:com.itsorderchat}], TDA child: [Task{b55a1ed #2 type=undefined}, Task{cbcc825 #1 type=home}, Task{7aacee #7810 type=standard A=10509:com.itsorderchat}]
2026-02-25 23:18:29.241  2527-2914  OplusFlexi...ionManager system_server                        D  fixTransitType type result:1, targets: [ChangeInfo{ddd531c container=ActivityRecord{64745798 u0 com.itsorderchat/.ui.theme.home.HomeActivity t7810} flags=0x0}, ChangeInfo{a371b25 container=ActivityRecord{82240621 u0 com.itsorderchat/.MainActivity t7810 f}} flags=0x0}]
2026-02-25 23:18:29.242   518-518   HomeActivity$onResume   com.itsorderchat                     D  ✅ Kiosk Mode wyłączony
2026-02-25 23:18:29.243  2527-2914  OplusTrans...Controller system_server                        D  onTransactionReady, transition: 12234, info: {id=12234 t=OPEN f=0x0 trk=0 r=[0@Point(0, 0)] c=[{m=OPEN f=FILLS_TASK leash=Surface(name=ActivityRecord{64745798 u0 com.itsorderchat/.ui.theme.home.HomeActivity t7810})/@0x2347aab sb=Rect(0, 0 - 0, 0) eb=Rect(0, 0 - 1080, 2400) epz=Point(1080, 2400) d=-1->0 r=-1->0:-1 bc=fffcf8f8 component=com.itsorderchat/.ui.theme.home.HomeActivity opt={t=FROM_STYLE mUserId=0}},{m=CLOSE f=FILLS_TASK leash=Surface(name=ActivityRecord{82240621 u0 com.itsorderchat/.MainActivity t7810})/@0x8fa8508 sb=Rect(0, 0 - 1080, 2400) eb=Rect(0, 0 - 1080, 2400) epz=Point(1080, 2400) d=0 bc=fffcf8f8 component=com.itsorderchat/.MainActivity opt={t=FROM_STYLE mUserId=0}}]
extendInfo=[OplusTransitionExtendedInfo{mTmpFinishT=null, mInOplusCompatMode=false, mIsProcessRunning=false, mHasMismatchBoundsTarget=false, mRecentsController=null, mRemoteTransition=null, mIsTranslucentActivityToHome=false, mAvoidInterceptKeyEventToHome=false, mIsFromHome=false, mParentLeash=null, mBackAnimClosingLeash=null, mIsOplusAnimRes=false, mKeepBgForContinuous=false, mIsBalAllow=false, mTaskNotInRecent=false, mIsPredictiveBackAnim=false, mIsMergedWithPredictive=false, mIsLaunchFromSpruce=false, mIsLaunchFromDrive=false, mGlobalSearchPageSwitch=false, mNeedNoAlphaGlobalSearchScene=false, mAssistScreenShowing=false, mSwipeUpBrowserScreenShowing=false, mUserIdTransition=-1
