2026-02-25 23:18:29.347   518-2685  okhttp.OkHttpClient     com.itsorderchat                     I  Authorization: Bearer eyJhbGciOiJIUzI1NiIsInR5cCI6IkpXVCJ9.eyJpZCI6IjY4NDgwZTFiNTU4N2ZkOGQyNzAxZmE1MiIsInRlbmFudEtleSI6InN1c2hpLXRha2VfcGwiLCJyb2xlIjoiQURNSU4iLCJwZXJtaXNzaW9uIjpbInVzZXIuaW5kZXgiLCJ1c2VyLmNyZWF0ZSIsInVzZXIuZWRpdCIsInVzZXIuZGVzdHJveSIsInJvbGUuaW5kZXgiLCJyb2xlLmNyZWF0ZSIsInJvbGUuZWRpdCIsInJvbGUuZGVzdHJveSIsInByb2R1Y3QuaW5kZXgiLCJwcm9kdWN0LmNyZWF0ZSIsInByb2R1Y3QuZWRpdCIsInByb2R1Y3QuZGVzdHJveSIsImF0dHJpYnV0ZS5pbmRleCIsImF0dHJpYnV0ZS5jcmVhdGUiLCJhdHRyaWJ1dGUuZWRpdCIsImF0dHJpYnV0ZS5kZXN0cm95IiwiY2F0ZWdvcnkuaW5kZXgiLCJjYXRlZ29yeS5jcmVhdGUiLCJjYXRlZ29yeS5lZGl0IiwiY2F0ZWdvcnkuZGVzdHJveSIsInRhZy5pbmRleCIsInRhZy5jcmVhdGUiLCJ0YWcuZWRpdCIsInRhZy5kZXN0cm95IiwiYnJhbmQuaW5kZXgiLCJicmFuZC5jcmVhdGUiLCJicmFuZC5lZGl0IiwiYnJhbmQuZGVzdHJveSIsImxpY2Vuc2Vfa2V5LmluZGV4IiwibGljZW5zZV9rZXkuY3JlYXRlIiwibGljZW5zZV9rZXkuZWRpdCIsImxpY2Vuc2Vfa2V5LmRlc3Ryb3kiLCJzdG9yZS5pbmRleCIsInN0b3JlLmNyZWF0ZSIsInN0b3JlLmVkaXQiLCJzdG9yZS5kZXN0cm95IiwidmVuZG9yX3dhbGxldC5pbmRleCIsInZlbmRvcl93YWxsZXQuY3JlZGl0IiwidmVuZG9yX3dhbGxldC5kZWJpdCIsImNvbW1pc3Npb25faGlzdG9yeS5pbmRleCIsIndpdGhkcmF3X3JlcXVlc3QuaW5kZXgiLCJ3aXRoZHJhd19yZXF1ZXN0LmNyZWF0ZSIsIndpdGhkcmF3X3JlcXVlc3QuYWN0aW9uIiwib3JkZXIuaW5kZXgiLCJvcmRlci5jcmVhdGUiLCJvcmRlci5lZGl0IiwiYXR0YWNobWVudC5pbmRleCIsImF0dGFjaG1lbnQuY3JlYXRlIiwiYXR0YWNobWVudC5kZXN0cm95IiwiYmxvZy5pbmRleCIsImJsb2cuY3JlYXRlIiwiYmxvZy5lZGl0IiwiYmxvZy5kZXN0cm95IiwicGFnZS5pbmRleCIsInBhZ2UuY3JlYXRlIiwicGFnZS5lZGl0IiwicGFnZS5kZXN0cm95IiwidGF4LmluZGV4IiwidGF4LmNyZWF0ZSIsInRheC5lZGl0IiwidGF4LmRlc3Ryb3kiLCJzaGlwcGluZy5pbmRleCIsInNoaXBwaW5nLmNyZWF0ZSIsInNoaXBwaW5nLmVkaXQiLCJzaGlwcGluZy5kZXN0cm95IiwiY291cG9uLmluZGV4IiwiY291cG9uLmNyZWF0ZSIsImNvdXBvbi5lZGl0IiwiY291cG9uLmRlc3Ryb3kiLCJjdXJyZW5jeS5pbmRleCIsImN1cnJlbmN5LmNyZWF0ZSIsImN1cnJlbmN5LmVkaXQiLCJjdXJyZW5jeS5kZXN0cm95IiwicG9pbnQuaW5kZXgiLCJwb2ludC5jcmVkaXQiLCJwb2ludC5kZWJpdCIsIndhbGxldC5pbmRleCIsIndhbGxldC5jcmVkaXQiLCJ3YWxsZXQuZGViaXQiLCJyZWZ1bmQuaW5kZXgiLCJyZWZ1bmQuY3JlYXRlIiwicmVmdW5kLmFjdGlvbiIsInJldmlldy5pbmRleCIsInJldmlldy5jcmVhdGUiLCJyZXZpZXcuZGVzdHJveSIsImZhcS5pbmRleCIsImZhcS5jcmVhdGUiLCJmYXEuZWRpdCIsImZhcS5kZXN0cm95IiwicXVlc3Rpb25fYW5kX2Fuc3dlci5pbmRleCIsInF1ZXN0aW9uX2FuZF9hbnN3ZXIuY3JlYXRlIiwicXVlc3Rpb25fYW5kX2Fuc3dlci5lZGl0IiwicXVlc3Rpb25fYW5kX2Fuc3dlci5kZXN0cm95Iiwic3Vic2NyaWJlLmluZGV4Iiwic3Vic2NyaWJlLmNyZWF0ZSIsInN1YnNjcmliZS5lZGl0Iiwic3Vic2NyaWJlLmRlc3Ryb3kiLCJub3RpY2UuaW5kZXgiLCJub3RpY2UuY3JlYXRlIiwibm90aWNlLmVkaXQiLCJub3RpY2UuZGVzdHJveSIsInRoZW1lLmluZGV4IiwidGhlbWUuZWRpdCIsInRoZW1lX29wdGlvbi5pbmRleCIsInRoZW1lX29wdGlvbi5lZGl0IiwibWVudS5pbmRleCIsIm1lbnUuY3JlYXRlIiwibWVudS5lZGl0IiwibWVudS5kZXN0cm95IiwiYXBwX3NldHRpbmcuaW5kZXgiLCJhcHBfc2V0dGluZy5lZGl0Iiwic2V0dGluZy5pbmRleCIsInNldHRpbmcuZWRpdCIsImxhbmd1YWdlLmluZGV4IiwibGFuZ3VhZ2UuY3JlYXRlIiwibGFuZ3VhZ2UuZWRpdCIsImxhbmd1YWdlLmRlc3Ryb3kiLCJ6b25lLmluZGV4Iiwiem9uZS5jcmVhdGUiLCJ6b25lLmVkaXQiLCJ6b25lLmRlc3Ryb3kiLCJhdXRob3IuaW5kZXgiLCJhdXRob3IuY3JlYXRlIiwiYXV0aG9yLmVkaXQiLCJhdXRob3IuZGVzdHJveSIsInB1YmxpY2F0aW9uLmluZGV4IiwicHVibGljYXRpb24uY3JlYXRlIiwicHVibGljYXRpb24uZWRpdCIsInB1YmxpY2F0aW9uLmRlc3Ryb3kiXSwiaWF0IjoxNzcyMDU3MTcwLCJleHAiOjE3NzIwNTg5NzAsImF1ZCI6ImFkbWluIiwianRpIjoiNjk5ZjcyNTJiMDE1ODY0NzJiN2MyOWQ5In0.zroY7g32YFKoFvcRhy14yJNPMkiLSjzJdy3jBgjSkYI
2026-02-25 23:18:29.347   518-2685  okhttp.OkHttpClient     com.itsorderchat                     I  --> END GET
2026-02-25 23:18:29.347   518-1441  SYNC_CONFLICT           com.itsorderchat                     D     ├─ Local status: ACCEPTED (seq=4)
2026-02-25 23:18:29.347   518-1441  SYNC_CONFLICT           com.itsorderchat                     D     └─ Decision: REMOTE >= LOCAL → UPDATE
2026-02-25 23:18:29.355   518-1441  SYNC_CONFLICT           com.itsorderchat                     D  🗑️ Deleted stale orders not in remote list
2026-02-25 23:18:29.358   518-1413  okhttp.OkHttpClient     com.itsorderchat                     I  <-- 200 https://sushi-take.pl/client/v3/api/openhours/now (85ms)
2026-02-25 23:18:29.358   518-1413  okhttp.OkHttpClient     com.itsorderchat                     I  date: Wed, 25 Feb 2026 22:18:29 GMT
2026-02-25 23:18:29.358   518-1413  okhttp.OkHttpClient     com.itsorderchat                     I  content-type: application/json; charset=utf-8
2026-02-25 23:18:29.358   518-1413  okhttp.OkHttpClient     com.itsorderchat                     I  server: cloudflare
2026-02-25 23:18:29.358   518-1413  okhttp.OkHttpClient     com.itsorderchat                     I  vary: Origin, Accept-Encoding
2026-02-25 23:18:29.358   518-1413  okhttp.OkHttpClient     com.itsorderchat                     I  access-control-allow-credentials: true
2026-02-25 23:18:29.358   518-1413  okhttp.OkHttpClient     com.itsorderchat                     I  access-control-expose-headers: X-Request-Id,X-Trace-Id,X-Response-Time
2026-02-25 23:18:29.358   518-1413  okhttp.OkHttpClient     com.itsorderchat                     I  cross-origin-opener-policy: same-origin
2026-02-25 23:18:29.358   518-1413  okhttp.OkHttpClient     com.itsorderchat                     I  cross-origin-resource-policy: cross-origin
2026-02-25 23:18:29.358   518-1413  okhttp.OkHttpClient     com.itsorderchat                     I  origin-agent-cluster: ?1
2026-02-25 23:18:29.358   518-1413  okhttp.OkHttpClient     com.itsorderchat                     I  referrer-policy: no-referrer
2026-02-25 23:18:29.358   518-1413  okhttp.OkHttpClient     com.itsorderchat                     I  referrer-policy: strict-origin-when-cross-origin
2026-02-25 23:18:29.358   518-1413  okhttp.OkHttpClient     com.itsorderchat                     I  strict-transport-security: max-age=31536000; includeSubDomains
2026-02-25 23:18:29.358   518-1413  okhttp.OkHttpClient     com.itsorderchat                     I  strict-transport-security: max-age=31536000; includeSubDomains
2026-02-25 23:18:29.359   518-1413  okhttp.OkHttpClient     com.itsorderchat                     I  x-content-type-options: nosniff
2026-02-25 23:18:29.359   518-1413  okhttp.OkHttpClient     com.itsorderchat                     I  x-content-type-options: nosniff
2026-02-25 23:18:29.359   518-1413  okhttp.OkHttpClient     com.itsorderchat                     I  x-dns-prefetch-control: off
2026-02-25 23:18:29.359   518-1413  okhttp.OkHttpClient     com.itsorderchat                     I  x-download-options: noopen
2026-02-25 23:18:29.359   518-1413  okhttp.OkHttpClient     com.itsorderchat                     I  x-frame-options: SAMEORIGIN
2026-02-25 23:18:29.359   518-1413  okhttp.OkHttpClient     com.itsorderchat                     I  x-frame-options: SAMEORIGIN
2026-02-25 23:18:29.359   518-1413  okhttp.OkHttpClient     com.itsorderchat                     I  x-permitted-cross-domain-policies: none
2026-02-25 23:18:29.359   518-1413  okhttp.OkHttpClient     com.itsorderchat                     I  x-xss-protection: 0
2026-02-25 23:18:29.359   518-1413  okhttp.OkHttpClient     com.itsorderchat                     I  ratelimit-policy: 300;w=60
2026-02-25 23:18:29.359   518-1413  okhttp.OkHttpClient     com.itsorderchat                     I  ratelimit-limit: 300
2026-02-25 23:18:29.359   518-1413  okhttp.OkHttpClient     com.itsorderchat                     I  ratelimit-remaining: 295
2026-02-25 23:18:29.359   518-1413  okhttp.OkHttpClient     com.itsorderchat                     I  ratelimit-reset: 12
2026-02-25 23:18:29.359   518-1413  okhttp.OkHttpClient     com.itsorderchat                     I  x-correlation-id: d944a7f2-aee8-4a6f-91ba-c1d0aef20ca8
2026-02-25 23:18:29.359   518-1413  okhttp.OkHttpClient     com.itsorderchat                     I  content-language: pl-PL
2026-02-25 23:18:29.359   518-1413  okhttp.OkHttpClient     com.itsorderchat                     I  set-cookie: i18next=pl-PL; Path=/; Expires=Thu, 25 Feb 2027 22:18:29 GMT; SameSite=Strict
2026-02-25 23:18:29.359   518-1413  okhttp.OkHttpClient     com.itsorderchat                     I  etag: W/"64-fN4eml2NYNh1VHVH9DmRKkG4oHs"
2026-02-25 23:18:29.359   518-1413  okhttp.OkHttpClient     com.itsorderchat                     I  x-response-time: 13.5ms
2026-02-25 23:18:29.359   518-1413  okhttp.OkHttpClient     com.itsorderchat                     I  permissions-policy: geolocation=(), microphone=(), camera=()
2026-02-25 23:18:29.359   518-1413  okhttp.OkHttpClient     com.itsorderchat                     I  cf-cache-status: BYPASS
2026-02-25 23:18:29.359   518-1413  okhttp.OkHttpClient     com.itsorderchat                     I  nel: {"report_to":"cf-nel","success_fraction":0.0,"max_age":604800}
2026-02-25 23:18:29.359   518-1413  okhttp.OkHttpClient     com.itsorderchat                     I  report-to: {"group":"cf-nel","max_age":604800,"endpoints":[{"url":"https://a.nel.cloudflare.com/report/v4?s=OAvP1ezsvctX3Mgl%2BGsoz9rlfa3OeoTzdym8OZo3B41CsoEXxvC3EkTr8owyslo9%2BRFGUrbC7Bk1R6846gLnc%2FbpxyXlDzxJTdQ1VeI%3D"}]}
2026-02-25 23:18:29.359   518-1413  okhttp.OkHttpClient     com.itsorderchat                     I  cf-ray: 9d3a942c5f8e60a4-WAW
2026-02-25 23:18:29.359   518-1413  okhttp.OkHttpClient     com.itsorderchat                     I  alt-svc: h3=":443"; ma=86400
2026-02-25 23:18:29.364   518-1413  okhttp.OkHttpClient     com.itsorderchat                     I  {"accepting":false,"reason":"CLOSED-BY-SCHEDULE","source":"WEEKLY","until":null,"nextChangeAt":null}
2026-02-25 23:18:29.364   518-1413  okhttp.OkHttpClient     com.itsorderchat                     I  <-- END HTTP (100-byte body)
2026-02-25 23:18:29.365   518-855   BaseRepository          com.itsorderchat                     D  Success, code: 200
2026-02-25 23:18:29.397   518-3981  okhttp.OkHttpClient     com.itsorderchat                     I  <-- 200 https://sushi-take.pl/client/v3/api/admin/order?paginate=200&createdAt=2026-02-24T23%3A00%3A00Z (68ms)
2026-02-25 23:18:29.397   518-3981  okhttp.OkHttpClient     com.itsorderchat                     I  date: Wed, 25 Feb 2026 22:18:29 GMT
2026-02-25 23:18:29.397   518-3981  okhttp.OkHttpClient     com.itsorderchat                     I  content-type: application/json; charset=utf-8
2026-02-25 23:18:29.397   518-3981  okhttp.OkHttpClient     com.itsorderchat                     I  server: cloudflare
2026-02-25 23:18:29.397   518-3981  okhttp.OkHttpClient     com.itsorderchat                     I  vary: Origin, Accept-Encoding
2026-02-25 23:18:29.397   518-3981  okhttp.OkHttpClient     com.itsorderchat                     I  access-control-allow-credentials: true
2026-02-25 23:18:29.397   518-3981  okhttp.OkHttpClient     com.itsorderchat                     I  access-control-expose-headers: X-Request-Id,X-Trace-Id,X-Response-Time
2026-02-25 23:18:29.397   518-3981  okhttp.OkHttpClient     com.itsorderchat                     I  cross-origin-opener-policy: same-origin
2026-02-25 23:18:29.397   518-3981  okhttp.OkHttpClient     com.itsorderchat                     I  cross-origin-resource-policy: cross-origin
2026-02-25 23:18:29.398   518-3981  okhttp.OkHttpClient     com.itsorderchat                     I  origin-agent-cluster: ?1
2026-02-25 23:18:29.398   518-3981  okhttp.OkHttpClient     com.itsorderchat                     I  referrer-policy: no-referrer
2026-02-25 23:18:29.398   518-3981  okhttp.OkHttpClient     com.itsorderchat                     I  referrer-policy: strict-origin-when-cross-origin
2026-02-25 23:18:29.398   518-3981  okhttp.OkHttpClient     com.itsorderchat                     I  strict-transport-security: max-age=31536000; includeSubDomains
2026-02-25 23:18:29.398   518-3981  okhttp.OkHttpClient     com.itsorderchat                     I  strict-transport-security: max-age=31536000; includeSubDomains
2026-02-25 23:18:29.398   518-3981  okhttp.OkHttpClient     com.itsorderchat                     I  x-content-type-options: nosniff
2026-02-25 23:18:29.398   518-3981  okhttp.OkHttpClient     com.itsorderchat                     I  x-content-type-options: nosniff
2026-02-25 23:18:29.398   518-3981  okhttp.OkHttpClient     com.itsorderchat                     I  x-dns-prefetch-control: off
2026-02-25 23:18:29.398   518-3981  okhttp.OkHttpClient     com.itsorderchat                     I  x-download-options: noopen
2026-02-25 23:18:29.398   518-3981  okhttp.OkHttpClient     com.itsorderchat                     I  x-frame-options: SAMEORIGIN
2026-02-25 23:18:29.398   518-3981  okhttp.OkHttpClient     com.itsorderchat                     I  x-frame-options: SAMEORIGIN
2026-02-25 23:18:29.398   518-3981  okhttp.OkHttpClient     com.itsorderchat                     I  x-permitted-cross-domain-policies: none
2026-02-25 23:18:29.398   518-3981  okhttp.OkHttpClient     com.itsorderchat                     I  x-xss-protection: 0
2026-02-25 23:18:29.398   518-3981  okhttp.OkHttpClient     com.itsorderchat                     I  ratelimit-policy: 300;w=60
2026-02-25 23:18:29.398   518-3981  okhttp.OkHttpClient     com.itsorderchat                     I  ratelimit-limit: 300
2026-02-25 23:18:29.398   518-3981  okhttp.OkHttpClient     com.itsorderchat                     I  ratelimit-remaining: 294
2026-02-25 23:18:29.398   518-3981  okhttp.OkHttpClient     com.itsorderchat                     I  ratelimit-reset: 11
2026-02-25 23:18:29.398   518-3981  okhttp.OkHttpClient     com.itsorderchat                     I  x-correlation-id: 59a8a182-527c-43ae-9d81-441e67443d7f
2026-02-25 23:18:29.398   518-3981  okhttp.OkHttpClient     com.itsorderchat                     I  content-language: pl-PL
2026-02-25 23:18:29.398   518-3981  okhttp.OkHttpClient     com.itsorderchat                     I  set-cookie: i18next=pl-PL; Path=/; Expires=Thu, 25 Feb 2027 22:18:29 GMT; SameSite=Strict
2026-02-25 23:18:29.398   518-3981  okhttp.OkHttpClient     com.itsorderchat                     I  etag: W/"12b1-z+mTUjqnFy8wgRMcAeUHs7Gk/lM"
2026-02-25 23:18:29.398   518-3981  okhttp.OkHttpClient     com.itsorderchat                     I  x-response-time: 17.1ms
2026-02-25 23:18:29.398   518-3981  okhttp.OkHttpClient     com.itsorderchat                     I  report-to: {"group":"cf-nel","max_age":604800,"endpoints":[{"url":"https://a.nel.cloudflare.com/report/v4?s=nZ3goiEDMIPNgSzjPhO591tYUFECmDJk2WaVs27toGrZzmU4MscgZxuZicMQEOeA11vM3sZzf6Lnrmr0QLINoqK234bKU0kTFBTMmDk%3D"}]}
2026-02-25 23:18:29.398   518-3981  okhttp.OkHttpClient     com.itsorderchat                     I  permissions-policy: geolocation=(), microphone=(), camera=()
2026-02-25 23:18:29.398   518-3981  okhttp.OkHttpClient     com.itsorderchat                     I  cf-cache-status: BYPASS
2026-02-25 23:18:29.398   518-3981  okhttp.OkHttpClient     com.itsorderchat                     I  nel: {"report_to":"cf-nel","success_fraction":0.0,"max_age":604800}
2026-02-25 23:18:29.398   518-3981  okhttp.OkHttpClient     com.itsorderchat                     I  cf-ray: 9d3a942ca80660a4-WAW
2026-02-25 23:18:29.398   518-3981  okhttp.OkHttpClient     com.itsorderchat                     I  alt-svc: h3=":443"; ma=86400
2026-02-25 23:18:29.399   518-3981  okhttp.OkHttpClient     com.itsorderchat                     I  {"current_page":1,"data":[{"is_guest":true,"sub_orders":[],"id":"699f74e239820eefe0c62b39","order_number":"KR-2191","shipping_total":10,"wallet_balance":0,"points_amount":0,"delivery_type":"DELIVERY","delivery_interval":"2026-02-26T11:00:00.000Z","delivery_time":"2026-02-26T11:00:00.000Z","type":"PREORDER","is_asap":false,"coupon_total_discount":0,"payment_method":"COD","payment_status":"CONFIRMED","tax_total":0,"total":80,"amount":68,"createdAt":"2026-02-25T22:17:06.267Z","order_key":"eyJvcmRlck51bWJlciI6IktSLTIxOTEiLCJlbWFpbCI6ImJpdXJvQHBvaW50c3VzaGkucGwiLCJleHBJU08iOiIyMDI2LTAyLTI2VDEwOjE3OjA2LjI1NloiLCJzaWciOiJlMzcyZGNjMGI0MDU4Y2ZiMWUxMWQwMzAyOTYyN2RlNzE3YTQ2ODZjOTJmMmZlY2Q0MWEzNWExNzM3MGVjODhhIn0","status":true,"coupon_id":"","note":"","consumer":{"name":"pawel","email":"biuro@pointsushi.pl","country_code":"48","phone":"+48505246841"},"shipping_address":{"street":"Franciszka Kniaźnina","city":"Kraków","number_home":"1","number_flat":"1","coordinates":{"lat":50.0895263,"lng":19.9928509}},"order_status":{"id":"4","name":"accepted","sequence":4,"slug":"ACCEPTED"},"products":[{"id":"695fb222dda0b6354ce55761","discount":0,"price":17,"sale_price":17,"name":"Gomawakame.","quantity":4,"addons_group":[],"bundle_items":[],"note":[]}],"additional_fee_total":2,"additional_fees":[{"label":"Opłata SUPP","amount":0.31,"sku":"374","pos_id":"374"},{"label":"Opłata za opakowanie","amount":1.69,"sku":"200","pos_id":"200"}]},{"is_guest":true,"sub_orders":[],"id":"699f729cb01586472b7c29ec","order_number":"KR-2190","shipping_total":10,"wallet_balance":0,"points_amount":0,"delivery_type":"DELIVERY","delivery_interval":"2026-02-26T11:00:00.000Z","delivery_time":"2026-02-26T11:00:00.000Z","type":"PREORDER","is_asap":false,"coupon_total_discount":0,"payment_method":"COD","payment_status":"CONFIRMED","tax_total":0,"total":63,"amount":51,"createdAt":"2026-02-25T22:07:24.388Z","order_key":"eyJvcmRlck51bWJlciI6IktSLTIxOTAiLCJlbWFpbCI6ImJpdXJvQHBvaW50c3VzaGkucGwiLCJleHBJU08iOiIyMDI2LTAyLTI2VDEwOjA3OjI0LjM3OVoiLCJzaWciOiI2OWQ4MzU1MTIzOTg1ZTdjNGFiMmZlZDg5NWQwMjIxMjM1NGUwMThmZDY4NjRkMDZjOTI0NTAyMmZiNjk1NTFjIn0","status":true,"coupon_id":"","note":"test","consumer":{"name":"pawel","email":"biuro@pointsushi.pl","country_code":"48","phone":"+48505246841"},"shipping_address":{"street":"Franciszka Kniaźnina","city":"Kraków","number_home":"1","number_flat":"1","coordinates":{"lat":50.0895263,"lng":19.9928509}},"order_status":{"id":"4","name":"accepted","sequence":4,"slug":"ACCEPTED"},"products":[{"id":"695fb222dda0b6354ce55761","discount":0,"price":17,"sale_price":17,"name":"Gomawakame.","quantity":3,"addons_group":[],"bundle_items":[],"note":[]}],"additional_fee_total":2,"additional_fees":[{"label":"Opłata SUPP","amount":0.31,"sku":"374","pos_id":"374"},{"label":"Opłata za opakowanie","amount":1.69,"sku":"200","pos_id":"200"}]},{"is_guest":true,"sub_orders":[],"id":"699ee462b01586472b7c230a","order_number":"KR-2189","shipping_total":10,"wallet_balance":0,"points_amount":0,"delivery_type":"DELIVERY","delivery_interval":"2026-02-25T12:59:00.000Z","delivery_time":"2026-02-25T13:31:00.356Z","type":"ASAP","is_asap":true,"coupon_total_discount":0,"payment_method":"CARD","payment_status":"CONFIRMED","tax_total":0,"total":110,"amount":98,"createdAt":"2026-02-25T12:00:34.508Z","order_key":"eyJvcmRlck51bWJlciI6IktSLTIxODkiLCJlbWFpbCI6ImJpdXJvQHBvaW50c3VzaGkucGwiLCJleHBJU08iOiIyMDI2LTAyLTI2VDAwOjAwOjM0LjQ5OFoiLCJzaWciOiJhZTNlNWJhNjU5OTUyYTM3MjI1ODJiZjI1MTg4ODMwZmQ3NDI0YTAzOGViYmEyZmM3MzQ5MWRkOWIyMDE3NjY3In0","status":true,"coupon_id":"","note":"testowe","consumer":{"name":"pawel","email":"biuro@pointsushi.pl","country_code":"48","phone":"+48505246841"},"shipping_address":{"street":"Franciszka Kniaźnina","city":"Kraków","number_home":"1","number_flat":"1","coordinates":{"lat":50.0895263,"lng":19.9928509}},"order_status":{"id":"4","name":"accepted","sequence":4,"slug":"ACCEPTED"},"products":[{"id":"695fb222dda0b6354ce5576e","discount":0,"price":49,"sale_price":49,"name":"A
2026-02-25 23:18:29.399   518-3981  okhttp.OkHttpClient     com.itsorderchat                     I  wokado roll 8szt.","quantity":2,"addons_group":[],"bundle_items":[],"note":[]}],"additional_fee_total":2,"additional_fees":[{"label":"Opłata SUPP","amount":0.31,"sku":"374","pos_id":"374"},{"label":"Opłata za opakowanie","amount":1.69,"sku":"200","pos_id":"200"}]}],"first_page_url":"https://sushi-take.pl/api/admin/order?page=1&per_page=200","from":1,"last_page":1,"last_page_url":"https://sushi-take.pl/api/admin/order?page=1&per_page=200","links":[{"url":null,"label":"&laquo; Previous","active":false},{"url":"https://sushi-take.pl/api/admin/order?page=1&per_page=200","label":"1","active":true},{"url":null,"label":"Next &raquo;","active":false}],"next_page_url":null,"path":"https://sushi-take.pl/api/admin/order","per_page":200,"prev_page_url":null,"to":3,"total":3}
2026-02-25 23:18:29.399   518-3981  okhttp.OkHttpClient     com.itsorderchat                     I  <-- END HTTP (4785-byte body)
2026-02-25 23:18:29.402   518-857   BaseRepository          com.itsorderchat                     D  Success, code: 200
2026-02-25 23:18:29.458   518-2685  okhttp.OkHttpClient     com.itsorderchat                     I  <-- 200 https://sushi-take.pl/client/v3/api/admin/settings (110ms)
2026-02-25 23:18:29.458   518-2685  okhttp.OkHttpClient     com.itsorderchat                     I  date: Wed, 25 Feb 2026 22:18:29 GMT
2026-02-25 23:18:29.458   518-2685  okhttp.OkHttpClient     com.itsorderchat                     I  content-type: application/json; charset=utf-8
2026-02-25 23:18:29.458   518-2685  okhttp.OkHttpClient     com.itsorderchat                     I  server: cloudflare
2026-02-25 23:18:29.458   518-2685  okhttp.OkHttpClient     com.itsorderchat                     I  vary: Origin, Accept-Encoding
2026-02-25 23:18:29.459   518-2685  okhttp.OkHttpClient     com.itsorderchat                     I  access-control-allow-credentials: true
2026-02-25 23:18:29.459   518-2685  okhttp.OkHttpClient     com.itsorderchat                     I  access-control-expose-headers: X-Request-Id,X-Trace-Id,X-Response-Time
2026-02-25 23:18:29.459   518-2685  okhttp.OkHttpClient     com.itsorderchat                     I  cross-origin-opener-policy: same-origin
2026-02-25 23:18:29.459   518-2685  okhttp.OkHttpClient     com.itsorderchat                     I  cross-origin-resource-policy: cross-origin
2026-02-25 23:18:29.459   518-2685  okhttp.OkHttpClient     com.itsorderchat                     I  origin-agent-cluster: ?1
2026-02-25 23:18:29.459   518-2685  okhttp.OkHttpClient     com.itsorderchat                     I  referrer-policy: no-referrer
2026-02-25 23:18:29.459   518-2685  okhttp.OkHttpClient     com.itsorderchat                     I  referrer-policy: strict-origin-when-cross-origin
2026-02-25 23:18:29.459   518-2685  okhttp.OkHttpClient     com.itsorderchat                     I  strict-transport-security: max-age=31536000; includeSubDomains
2026-02-25 23:18:29.459   518-2685  okhttp.OkHttpClient     com.itsorderchat                     I  strict-transport-security: max-age=31536000; includeSubDomains
2026-02-25 23:18:29.459   518-2685  okhttp.OkHttpClient     com.itsorderchat                     I  x-content-type-options: nosniff
2026-02-25 23:18:29.459   518-2685  okhttp.OkHttpClient     com.itsorderchat                     I  x-content-type-options: nosniff
2026-02-25 23:18:29.459   518-2685  okhttp.OkHttpClient     com.itsorderchat                     I  x-dns-prefetch-control: off
2026-02-25 23:18:29.584  2527-2998  AutofillManagerService  system_server                        V  onPackageModified(): com.itsorderchat
2026-02-25 23:18:29.600   518-518   LOG_FLOWCTRL            com.itsorderchat                     W  ==LOGS OVER PROC QUOTA(300), rows(46) bytes(4895) com.itsorderchat u(0) l(0) t(0) c(0) DROPPED==
2026-02-25 23:18:29.600   518-518   OrderListItem           com.itsorderchat                     D  Rendering order KR-2189 with delivery 2026-02-25T13:31:00.356Z, isScheduled=false
2026-02-25 23:18:29.600  5207-6640  ActivityAdapter         com.oplus.subsys                     D  notifyActivityQuery: [com.itsorderchat; com.itsorderchat.ui.theme.home.HomeActivity; 1; COMMON; 10509]
2026-02-25 23:18:29.600  5207-6640  OPlusFrontAppManager    com.oplus.subsys                     D  useAdapterResult, pkg=com.itsorderchat,activity=com.itsorderchat.ui.theme.home.HomeActivity,result=true
2026-02-25 23:18:29.600  5207-6640  OPlusFrontAppManager    com.oplus.subsys                     D  decide -->> [com.itsorderchat; com.itsorderchat.ui.theme.home.HomeActivity; 1; COMMON; 10509]
2026-02-25 23:18:29.601  5207-6640  ConferenceScene         com.oplus.subsys                     D  pkg:com.itsorderchat, activity:com.itsorderchat.ui.theme.home.HomeActivity, appSense:COMMON
2026-02-25 23:18:29.601  5207-6640  ConferenceScene         com.oplus.subsys                     D  pkg:com.itsorderchat, activity:com.itsorderchat.MainActivity, appSense:COMMON
2026-02-25 23:18:29.601  5207-6587  Subsys-ScoreAppManager  com.oplus.subsys                     D  appSceneChange fgAppUnits size 1 fgAppUnits [{pkgName:com.itsorderchat,activityName:,winMode:1,event:COMMON,type:0,subEvent:0,pid:518,uid:10509}] mLastNetworkList[182, 183]
2026-02-25 23:18:29.602  5207-6587  Subsys-ScoreAppManager  com.oplus.subsys                     D  unit: {pkgName:com.itsorderchat,activityName:,winMode:1,event:COMMON,type:0,subEvent:0,pid:518,uid:10509}
2026-02-25 23:18:29.602  5207-6587  CommonApp-182-10509     com.oplus.subsys                     D  scene=COMMON pn=com.itsorderchat
2026-02-25 23:18:29.602  5207-6587  CommonApp-183-10509     com.oplus.subsys                     D  scene=COMMON pn=com.itsorderchat
2026-02-25 23:18:29.602  5207-5207  SceneService            com.oplus.subsys                     D  notifyAppSceneChanged original mode:{live:0,video:0,voice call:0,video call:0,live host:0,game:0,meeting:0,news:0,file transfer:0},appInfoUnit:[{pkgName:com.itsorderchat,activityName:,winMode:1,event:COMMON,type:0,subEvent:0,pid:518,uid:10509}]
2026-02-25 23:18:29.602  5207-5207  AtomHighLoadSenseInfo   com.oplus.subsys                     D  handleAppSenseChanged appInfoUnit:{pkgName:com.itsorderchat,activityName:,winMode:1,event:COMMON,type:0,subEvent:0,pid:518,uid:10509}
2026-02-25 23:18:29.602  5207-6640  AppSenseService         com.oplus.subsys                     D  notifySenseEvent: {pkgName:com.itsorderchat,activityName:com.itsorderchat.ui.theme.home.HomeActivity,winMode:1,event:COMMON,type:0,subEvent:0,pid:518,uid:10509},
2026-02-25 23:18:29.603  4987-5519  AppSenseClient          com.android.phone                    D  handleSenseEvent appInfoUnits: {pkgName:com.itsorderchat,activityName:com.itsorderchat.ui.theme.home.HomeActivity,winMode:1,event:COMMON,type:0,subEvent:0,pid:518,uid:10509},
2026-02-25 23:18:29.603  4987-5519  AppSenseClient          com.android.phone                    D  notifyAppChanges: [{pkgName:com.itsorderchat,activityName:com.itsorderchat.ui.theme.home.HomeActivity,winMode:1,event:COMMON,type:0,subEvent:0,pid:518,uid:10509}]
2026-02-25 23:18:29.603  2527-2912  AppSenseClient          system_server                        D  handleSenseEvent appInfoUnits: {pkgName:com.itsorderchat,activityName:com.itsorderchat.ui.theme.home.HomeActivity,winMode:1,event:COMMON,type:0,subEvent:0,pid:518,uid:10509},
2026-02-25 23:18:29.604  2527-2912  AppSenseClient          system_server                        D  notifyAppChanges: [{pkgName:com.itsorderchat,activityName:com.itsorderchat.ui.theme.home.HomeActivity,winMode:1,event:COMMON,type:0,subEvent:0,pid:518,uid:10509}]
2026-02-25 23:18:29.604  5082-5472  AppSenseClient          com.oplus.nas                        D  handleSenseEvent appInfoUnits: {pkgName:com.itsorderchat,activityName:com.itsorderchat.ui.theme.home.HomeActivity,winMode:1,event:COMMON,type:0,subEvent:0,pid:518,uid:10509},
2026-02-25 23:18:29.604  5090-5090  AppSenseClient          com.oplus.nhs                        D  handleSenseEvent appInfoUnits: {pkgName:com.itsorderchat,activityName:com.itsorderchat.ui.theme.home.HomeActivity,winMode:1,event:COMMON,type:0,subEvent:0,pid:518,uid:10509},
2026-02-25 23:18:29.604  5090-5090  AppSenseClient          com.oplus.nhs                        D  notifyAppChanges: [{pkgName:com.itsorderchat,activityName:com.itsorderchat.ui.theme.home.HomeActivity,winMode:1,event:COMMON,type:0,subEvent:0,pid:518,uid:10509}]
2026-02-25 23:18:29.604  5082-5472  AppSenseClient          com.oplus.nas                        D  notifyAppChanges: [{pkgName:com.itsorderchat,activityName:com.itsorderchat.ui.theme.home.HomeActivity,winMode:1,event:COMMON,type:0,subEvent:0,pid:518,uid:10509}]
2026-02-25 23:18:29.604  5082-5472  NAS-DataSceneEvent      com.oplus.nas                        D  updateAppSenseChange [{pkgName:com.itsorderchat,activityName:com.itsorderchat.ui.theme.home.HomeActivity,winMode:1,event:COMMON,type:0,subEvent:0,pid:518,uid:10509}]
2026-02-25 23:18:29.637   518-518   OrdersView...cketEvents com.itsorderchat                     D  📥 Received order from socket: orderId=699f74e239820eefe0c62b39, externalDelivery.status=null
2026-02-25 23:18:29.663   518-518   SYNC_CONFLICT           com.itsorderchat                     D  ✅ SYNC COMPLETE for 2026-02-24
2026-02-25 23:18:29.663   518-518   SYNC_CONFLICT           com.itsorderchat                     D  ═══════════════════════════════════════
2026-02-25 23:18:29.663   518-518   OrdersRepository        com.itsorderchat                     I  Sync: Baza danych zaktualizowana dla 2026-02-24.
2026-02-25 23:18:29.664   518-518   OrderAlarmService       com.itsorderchat                     D   syncOrdersFromApi: Success
2026-02-25 23:18:29.665   518-518   SYNC_CONFLICT           com.itsorderchat                     D  ═══════════════════════════════════════
2026-02-25 23:18:29.665   518-518   SYNC_CONFLICT           com.itsorderchat                     D  🔄 SYNC START
2026-02-25 23:18:29.665   518-518   SYNC_CONFLICT           com.itsorderchat                     D     ├─ Date: 2026-02-24
2026-02-25 23:18:29.665   518-518   SYNC_CONFLICT           com.itsorderchat                     D     ├─ Remote orders: 3
2026-02-25 23:18:29.665   518-518   SYNC_CONFLICT           com.itsorderchat                     D     └─ Timestamp: 1772057909665
2026-02-25 23:18:29.665   518-518   fetchGeneralSettings    com.itsorderchat                     E  Pobrano ustawienia: Success(value=SettingsDto(values=ValuesDto(general=SettingsGeneralDto(default_currency=SettingsGeneralCurrencyDto(code=PLN, symbol=zł, symbol_position=after_price)), integrations=integrationsDto(gopos=IntegrationItemDto(title=, isActive=true), goorder=IntegrationItemDto(title=, isActive=false), woocommerce=IntegrationItemDto(title=, isActive=true), stava=IntegrationItemDto(title=, isActive=true), woltDrive=IntegrationItemDto(title=, isActive=true), stuart=IntegrationItemDto(title=, isActive=false)))))
2026-02-25 23:18:29.666   518-518   OrdersView...alSettings com.itsorderchat                     D  Stava integration: true
2026-02-25 23:18:29.666   518-518   OrdersView...alSettings com.itsorderchat                     D  WoltDrive integration: true
2026-02-25 23:18:29.667   518-518   OrdersView...alSettings com.itsorderchat                     D  Stuart integration: false
2026-02-25 23:18:29.668   518-518   OrdersView...nlined$map com.itsorderchat                     D  📂 Baza danych (getAllOrdersFlow) wyemitowała 3 encji.
2026-02-25 23:18:29.669   518-1400  SYNC_CONFLICT           com.itsorderchat                     D  ═══════════════════════════════════════
2026-02-25 23:18:29.669   518-1400  SYNC_CONFLICT           com.itsorderchat                     D  🔄 UPDATING ORDER: 699f74e239820eefe0c62b39
2026-02-25 23:18:29.669   518-1400  SYNC_CONFLICT           com.itsorderchat                     D     ├─ orderNumber: KR-2191
2026-02-25 23:18:29.669   518-1400  SYNC_CONFLICT           com.itsorderchat                     D     ├─ Remote status: ACCEPTED (seq=4)
2026-02-25 23:18:29.669   518-1400  SYNC_CONFLICT           com.itsorderchat                     D     ├─ Local status: PROCESSING (seq=2)
2026-02-25 23:18:29.669   518-1400  SYNC_CONFLICT           com.itsorderchat                     D     └─ Decision: REMOTE >= LOCAL → UPDATE
2026-02-25 23:18:29.676   518-1400  SYNC_CONFLICT           com.itsorderchat                     D  ═══════════════════════════════════════
2026-02-25 23:18:29.677   518-1400  SYNC_CONFLICT           com.itsorderchat                     D  🔄 UPDATING ORDER: 699f729cb01586472b7c29ec
2026-02-25 23:18:29.677   518-1400  SYNC_CONFLICT           com.itsorderchat                     D     ├─ orderNumber: KR-2190
2026-02-25 23:18:29.677   518-1400  SYNC_CONFLICT           com.itsorderchat                     D     ├─ Remote status: ACCEPTED (seq=4)
2026-02-25 23:18:29.677   518-1400  SYNC_CONFLICT           com.itsorderchat                     D     ├─ Local status: ACCEPTED (seq=4)
2026-02-25 23:18:29.677   518-1400  SYNC_CONFLICT           com.itsorderchat                     D     └─ Decision: REMOTE >= LOCAL → UPDATE
2026-02-25 23:18:29.682   518-1400  SYNC_CONFLICT           com.itsorderchat                     D  ═══════════════════════════════════════
2026-02-25 23:18:29.682   518-1400  SYNC_CONFLICT           com.itsorderchat                     D  🔄 UPDATING ORDER: 699ee462b01586472b7c230a
2026-02-25 23:18:29.683   518-1400  SYNC_CONFLICT           com.itsorderchat                     D     ├─ orderNumber: KR-2189
2026-02-25 23:18:29.683   518-1400  SYNC_CONFLICT           com.itsorderchat                     D     ├─ Remote status: ACCEPTED (seq=4)
2026-02-25 23:18:29.683   518-1400  SYNC_CONFLICT           com.itsorderchat                     D     ├─ Local status: ACCEPTED (seq=4)
2026-02-25 23:18:29.683   518-1400  SYNC_CONFLICT           com.itsorderchat                     D     └─ Decision: REMOTE >= LOCAL → UPDATE
2026-02-25 23:18:29.687   518-518   OrdersView...cketEvents com.itsorderchat                     D  💾 Order saved to database: orderId=699f74e239820eefe0c62b39
2026-02-25 23:18:29.688   518-1400  SYNC_CONFLICT           com.itsorderchat                     D  🗑️ Deleted stale orders not in remote list
2026-02-25 23:18:29.695   518-518   OrdersView...nlined$map com.itsorderchat                     D  📂 Baza danych (getAllOrdersFlow) wyemitowała 3 encji.
2026-02-25 23:18:29.696   518-518   OrdersView...nlined$map com.itsorderchat                     D  VM: Filtruję listę 3 zamówień. Pokazuję tylko nowsze niż 2026-02-24T23:00:00Z (lub aktywne/zaplanowane).
2026-02-25 23:18:29.697   518-518   QUEUE_FILTER            com.itsorderchat                     D  ━━━━━━━━━━━━━━━━━━━━━━━━━━━━━━━━━
2026-02-25 23:18:29.698   518-518   QUEUE_FILTER            com.itsorderchat                     D  📋 QUEUE UPDATE - Total orders: 3
2026-02-25 23:18:29.698   518-518   QUEUE_FILTER            com.itsorderchat                     D     Order KR-2191: status=PROCESSING, orderId=699f74e239820eefe0c62b39, inQueue=true
2026-02-25 23:18:29.698   518-518   QUEUE_FILTER            com.itsorderchat                     D     Order KR-2190: status=ACCEPTED, orderId=699f729cb01586472b7c29ec, inQueue=false
2026-02-25 23:18:29.698   518-518   QUEUE_FILTER            com.itsorderchat                     D     Order KR-2189: status=ACCEPTED, orderId=699ee462b01586472b7c230a, inQueue=false
2026-02-25 23:18:29.698   518-518   QUEUE_FILTER            com.itsorderchat                     D     └─ Filtered PROCESSING: 1
2026-02-25 23:18:29.698   518-518   QUEUE_FILTER            com.itsorderchat                     D     📝 Orders in queue:
2026-02-25 23:18:29.698   518-518   QUEUE_FILTER            com.itsorderchat                     D        - KR-2191 (699f74e239820eefe0c62b39)
2026-02-25 23:18:29.699   518-518   OrderAlarmService       com.itsorderchat                     D  ━━━━━━━━━━━━━━━━━━━━━━━━━━━━━━━━━━━━
2026-02-25 23:18:29.700   518-518   OrderAlarmService       com.itsorderchat                     D  📊 observePendingOrdersQueue TRIGGERED
2026-02-25 23:18:29.700   518-518   OrderAlarmService       com.itsorderchat                     D     ├─ queue.size: 1
2026-02-25 23:18:29.700   518-518   OrderAlarmService       com.itsorderchat                     D     ├─ userRole: ADMIN
2026-02-25 23:18:29.700   518-518   OrderAlarmService       com.itsorderchat                     D     └─ suppress: false
2026-02-25 23:18:29.700   518-518   OrderAlarmService       com.itsorderchat                     D     ├─ currentDialogId: null
2026-02-25 23:18:29.700   518-518   OrderAlarmService       com.itsorderchat                     D     └─ lastClosedOrderId: null
2026-02-25 23:18:29.700   518-518   OrderAlarmService       com.itsorderchat                     D     └─ newestNotShown: 699f74e239820eefe0c62b39
2026-02-25 23:18:29.700   518-518   OrderAlarmService       com.itsorderchat                     D  🎯 CASE 1: Brak dialogu + brak suppress
2026-02-25 23:18:29.700   518-518   OrderAlarmService       com.itsorderchat                     D     └─ next: 699f74e239820eefe0c62b39
2026-02-25 23:18:29.700   518-518   OrderAlarmService       com.itsorderchat                     I  ✅ Otwieram dialog + ACTION_START dla: 699f74e239820eefe0c62b39
2026-02-25 23:18:29.702   518-518   ALARM START             com.itsorderchat                     W  ━━━━━━━━━━━━━━━━━━━━━━━━━━━━━━━━━━━━━━━━━━━━━━━━━━━━
2026-02-25 23:18:29.703   518-518   ALARM START             com.itsorderchat                     W  🚨 [OrdersViewModel] ALARM CALL
2026-02-25 23:18:29.703   518-518   ALARM START             com.itsorderchat                     W     ├─ orderId: 699f74e239820eefe0c62b39
2026-02-25 23:18:29.704   518-518   ALARM START             com.itsorderchat                     W     ├─ orderNumber: KR-2191
2026-02-25 23:18:29.705   518-518   ALARM START             com.itsorderchat                     W     ├─ ringOnly: false
2026-02-25 23:18:29.706   518-518   ALARM START             com.itsorderchat                     W     ├─ orderStatus: PROCESSING
2026-02-25 23:18:29.707   518-518   ALARM START             com.itsorderchat                     W     ├─ createdAt: 2026-02-25T22:17:06.267Z
2026-02-25 23:18:29.708   518-518   ALARM START             com.itsorderchat                     W     ├─ action: ACTION_START
2026-02-25 23:18:29.709   518-518   ALARM START             com.itsorderchat                     W     ├─ Thread: main
2026-02-25 23:18:29.710   518-518   ALARM START             com.itsorderchat                     W     ├─ Stack trace:
2026-02-25 23:18:29.710   518-518   ALARM START             com.itsorderchat                     W     │  0: dalvik.system.VMStack.getThreadStackTrace(Native Method)
2026-02-25 23:18:29.711   518-518   ALARM START             com.itsorderchat                     W     │  1: java.lang.Thread.getStackTrace(Thread.java:2843)
2026-02-25 23:18:29.712   518-518   ALARM START             com.itsorderchat                     W     │  2: com.itsorderchat.ui.order.OrdersViewModel.startAlarmService(OrdersViewModel.kt:1253)
2026-02-25 23:18:29.713   518-518   ALARM START             com.itsorderchat                     W     │  3: com.itsorderchat.ui.order.OrdersViewModel.access$startAlarmService(OrdersViewModel.kt:120)
2026-02-25 23:18:29.713   518-518   ALARM START             com.itsorderchat                     W     │  4: com.itsorderchat.ui.order.OrdersViewModel$observePendingOrdersQueue$3.invokeSuspend(OrdersViewModel.kt:1428)
2026-02-25 23:18:29.714   518-518   ALARM START             com.itsorderchat                     W     │  5: com.itsorderchat.ui.order.OrdersViewModel$observePendingOrdersQueue$3.invoke(Unknown Source:8)
2026-02-25 23:18:29.715   518-518   ALARM START             com.itsorderchat                     W     │  6: com.itsorderchat.ui.order.OrdersViewModel$observePendingOrdersQueue$3.invoke(Unknown Source:4)
2026-02-25 23:18:29.716   518-518   ALARM START             com.itsorderchat                     W     │  7: kotlinx.coroutines.flow.FlowKt__TransformKt$onEach$$inlined$unsafeTransform$1$2.emit(Emitters.kt:223)
2026-02-25 23:18:29.717   518-518   ALARM START             com.itsorderchat                     W     └─ Timestamp: 1772057909716
2026-02-25 23:18:29.718   518-518   ALARM START             com.itsorderchat                     D  🔐 Sprawdzam uprawnienia POST_NOTIFICATIONS: true
2026-02-25 23:18:29.718   518-518   ALARM START             com.itsorderchat                     D  🛑 Sprawdzam suppress: false
2026-02-25 23:18:29.718   518-518   ALARM START             com.itsorderchat                     D  📦 Tworzę Intent dla OrderAlarmService...
2026-02-25 23:18:29.726   518-518   ALARM START             com.itsorderchat                     D  🚀 App w foreground: false
2026-02-25 23:18:29.726   518-518   ALARM START             com.itsorderchat                     I  ✅ Uruchamiam OrderAlarmService (startForegroundService)
2026-02-25 23:18:29.728  2527-5204  ActivityManager         system_server                        I  Background started FGS: Allowed [callingPackage: com.itsorderchat; callingUid: 10509; uidState: TOP ; uidBFSL: [BFSL]; intent: Intent { act=ACTION_START_ALARM xflg=0x4 cmp=com.itsorderchat/.service.OrderAlarmService (has extras) mCallingUid=10509 }; code:PROC_STATE_TOP; tempAllowListReason:<,reasonCode:SYSTEM_ALLOW_LISTED,duration:9223372036854775807,callingUid:-1>; allowWiu:12; targetSdkVersion:35; callerTargetSdkVersion:35; startForegroundCount:0; bindFromPackage:null: isBindService:false]
2026-02-25 23:18:29.730   518-518   ALARM START             com.itsorderchat                     W  ✅ ALARM STARTED SUCCESSFULLY!
2026-02-25 23:18:29.731   518-518   ALARM START             com.itsorderchat                     W  ━━━━━━━━━━━━━━━━━━━━━━━━━━━━━━━━━━━━━━━━━━━━━━━━━━━━
2026-02-25 23:18:29.731   518-518   OrderAlarmService       com.itsorderchat                     D  ━━━━━━━━━━━━━━━━━━━━━━━━━━━━━━━━━━━━
2026-02-25 23:18:29.732   518-518   OrderAlarmService       com.itsorderchat                     D  ━━━━━━━━━━━━━━━━━━━━━━━━━━━━━━━━━━━━
2026-02-25 23:18:29.732   518-518   OrderAlarmService       com.itsorderchat                     D  📊 observePendingOrdersQueue TRIGGERED
2026-02-25 23:18:29.732   518-518   OrderAlarmService       com.itsorderchat                     D     ├─ queue.size: 1
2026-02-25 23:18:29.732   518-518   OrderAlarmService       com.itsorderchat                     D     ├─ userRole: ADMIN
2026-02-25 23:18:29.732   518-518   OrderAlarmService       com.itsorderchat                     D     └─ suppress: false
2026-02-25 23:18:29.732   518-518   OrderAlarmService       com.itsorderchat                     D     ├─ currentDialogId: 699f74e239820eefe0c62b39
2026-02-25 23:18:29.733   518-518   OrderAlarmService       com.itsorderchat                     D     └─ lastClosedOrderId: null
2026-02-25 23:18:29.733   518-518   OrderAlarmService       com.itsorderchat                     D  🎯 CASE 4: Żadne warunki nie spełnione
2026-02-25 23:18:29.733   518-518   OrderAlarmService       com.itsorderchat                     D     └─ Przyczyna: Dialog otwarty (699f74e239820eefe0c62b39), brak nowych
2026-02-25 23:18:29.733   518-518   OrderAlarmService       com.itsorderchat                     D  ━━━━━━━━━━━━━━━━━━━━━━━━━━━━━━━━━━━━
2026-02-25 23:18:29.763   518-518   OrderListItem           com.itsorderchat                     D  Rendering order KR-2190 with delivery 2026-02-26T11:00:00.000Z, isScheduled=false
2026-02-25 23:18:29.765   518-518   OrderListItem           com.itsorderchat                     D  Rendering order KR-2189 with delivery 2026-02-25T13:31:00.356Z, isScheduled=false
2026-02-25 23:18:29.768   518-518   WindowOnBackDispatcher  com.itsorderchat                     D   predictive settings is disabled for com.itsorderchat
2026-02-25 23:18:29.768   518-518   WindowOnBackDispatcher  com.itsorderchat                     D   predictive settings is disabled for com.itsorderchat
2026-02-25 23:18:29.769   518-518   WindowOnBackDispatcher  com.itsorderchat                     W  OnBackInvokedCallback is not enabled for the application.
Set 'android:enableOnBackInvokedCallback="true"' in the application manifest.
2026-02-25 23:18:29.770   518-518   WindowManager           com.itsorderchat                     D  Add to mViews: com.android.internal.policy.DecorView{6c09ccc V.E...... R.....I. 0,0-0,0 alpha=1.0 viewInfo = }[HomeActivity],pkg= com.itsorderchat
2026-02-25 23:18:29.770   518-872   skia                    com.itsorderchat                     D  setRusSupported enable 0
2026-02-25 23:18:29.773  2527-5204  WindowManager           system_server                        D  NFW_findFocusedWindowIfNeeded:Window{6b2bf69 u0 com.itsorderchat/com.itsorderchat.ui.theme.home.HomeActivity} mCurrentFocus:Window{d87ea5c u0 com.itsorderchat/com.itsorderchat.ui.theme.home.HomeActivity}
2026-02-25 23:18:29.775  2527-5204  WindowManager           system_server                        V  Changing focus from Window{d87ea5c u0 com.itsorderchat/com.itsorderchat.ui.theme.home.HomeActivity} to Window{6b2bf69 u0 com.itsorderchat/com.itsorderchat.ui.theme.home.HomeActivity},diplayid=0
2026-02-25 23:18:29.780  2527-5204  WindowManager           system_server                        I  addWindow: New client android.os.BinderProxy@7938df0 : window=Window{6b2bf69 u0 com.itsorderchat/com.itsorderchat.ui.theme.home.HomeActivity}
2026-02-25 23:18:29.782   518-518   ViewRootImplExtImpl     com.itsorderchat                     D  onDisplayChanged -1 for VRI android.view.ViewRootImpl@ff4d41b
2026-02-25 23:18:29.792   518-518   OrderListItem           com.itsorderchat                     D  Rendering order KR-2191 with delivery null, isScheduled=false
2026-02-25 23:18:29.824   518-518   OplusBracketLog         com.itsorderchat                     E  [OplusViewMirrorManager] updateHostViewRootIfNeeded, not support android.view.ViewRootImpl@ff4d41b
2026-02-25 23:18:29.831   518-518   WindowOnBackDispatcher  com.itsorderchat                     D   predictive settings is disabled for com.itsorderchat
2026-02-25 23:18:29.831   518-518   WindowOnBackDispatcher  com.itsorderchat                     D   predictive settings is disabled for com.itsorderchat
2026-02-25 23:18:29.832  2527-5204  CoreBackPreview         system_server                        D  Window{6b2bf69 u0 com.itsorderchat/com.itsorderchat.ui.theme.home.HomeActivity}: Setting back callback OnBackInvokedCallbackInfo{mCallback=android.window.IOnBackInvokedCallback$Stub$Proxy@fb217dd, mPriority=0, mIsAnimationCallback=false, mOverrideBehavior=0}
2026-02-25 23:18:29.866   518-518   oplus.andr...actoryImpl com.itsorderchat                     I  get feature:IOplusDynamicVsyncFeature
2026-02-25 23:18:29.866   518-518   oplus.andr...actoryImpl com.itsorderchat                     I  get feature:IOplusDynamicVsyncFeature
2026-02-25 23:18:29.866   518-518   oplus.andr...actoryImpl com.itsorderchat                     I  get feature:IOplusDynamicVsyncFeature
2026-02-25 23:18:29.877   518-518   TextView                com.itsorderchat                     V  notifyAutoFillManagerAfterTextChanged
2026-02-25 23:18:29.877   518-518   AutofillManager         com.itsorderchat                     V  notifyValueChanged(1073741829): ignoring on state UNKNOWN
2026-02-25 23:18:29.877   518-518   TextView                com.itsorderchat                     V  notifyAutoFillManagerAfterTextChanged
2026-02-25 23:18:29.877   518-518   AutofillManager         com.itsorderchat                     V  notifyValueChanged(1073741829): ignoring on state UNKNOWN
2026-02-25 23:18:29.878   518-518   TextView                com.itsorderchat                     V  notifyAutoFillManagerAfterTextChanged
2026-02-25 23:18:29.878   518-518   AutofillManager         com.itsorderchat                     V  notifyValueChanged(1073741830): ignoring on state UNKNOWN
2026-02-25 23:18:29.878   518-518   TextView                com.itsorderchat                     V  notifyAutoFillManagerAfterTextChanged
2026-02-25 23:18:29.878   518-518   AutofillManager         com.itsorderchat                     V  notifyValueChanged(1073741830): ignoring on state UNKNOWN
2026-02-25 23:18:29.884   518-518   TextView                com.itsorderchat                     V  notifyAutoFillManagerAfterTextChanged
2026-02-25 23:18:29.884   518-518   AutofillManager         com.itsorderchat                     V  notifyValueChanged(1073741831): ignoring on state UNKNOWN
2026-02-25 23:18:29.885   518-518   TextView                com.itsorderchat                     V  notifyAutoFillManagerAfterTextChanged
2026-02-25 23:18:29.885   518-518   AutofillManager         com.itsorderchat                     V  notifyValueChanged(1073741831): ignoring on state UNKNOWN
2026-02-25 23:18:29.887   518-518   TextView                com.itsorderchat                     V  notifyAutoFillManagerAfterTextChanged
2026-02-25 23:18:29.887   518-518   AutofillManager         com.itsorderchat                     V  notifyValueChanged(1073741832): ignoring on state UNKNOWN
2026-02-25 23:18:29.887   518-518   TextView                com.itsorderchat                     V  notifyAutoFillManagerAfterTextChanged
2026-02-25 23:18:29.887   518-518   AutofillManager         com.itsorderchat                     V  notifyValueChanged(1073741832): ignoring on state UNKNOWN
2026-02-25 23:18:29.898   518-518   TextView                com.itsorderchat                     V  notifyAutoFillManagerAfterTextChanged
2026-02-25 23:18:29.898   518-518   AutofillManager         com.itsorderchat                     V  notifyValueChanged(1073741829): ignoring on state UNKNOWN
2026-02-25 23:18:29.898   518-518   TextView                com.itsorderchat                     V  notifyAutoFillManagerAfterTextChanged
2026-02-25 23:18:29.898   518-518   AutofillManager         com.itsorderchat                     V  notifyValueChanged(1073741830): ignoring on state UNKNOWN
2026-02-25 23:18:29.900   518-518   AutofillManager         com.itsorderchat                     V  notifyValueChanged(1073741833): ignoring on state UNKNOWN
2026-02-25 23:18:29.900   518-518   AutofillManager         com.itsorderchat                     V  notifyValueChanged(1073741830): ignoring on state UNKNOWN
2026-02-25 23:18:29.903   518-518   AutofillManager         com.itsorderchat                     V  notifyValueChanged(1073741834): ignoring on state UNKNOWN
2026-02-25 23:18:29.904   518-518   AutofillManager         com.itsorderchat                     V  notifyValueChanged(1073741834): ignoring on state UNKNOWN
