2026-02-25 23:18:24.602  2527-3008  UserAwareMgr            system_server                        I  handleTopAppChanged: com.itsorderchat, pid: 518, uid: 10509
2026-02-25 23:18:24.875  2527-5311  ActivityTaskManager     system_server                        D  after skip size:2,pre-Filtered:com.itsorderchat # com.android.settings #
2026-02-25 23:18:24.884  2527-5311  FlexibleTaskController  system_server                        D  onTaskFocusChanged prevTask:Task{f7c5509 #7809 type=standard A=10509:com.itsorderchat} ,currentTask:Task{3283baa #5 type=home I=com.android.launcher/.Launcher}, reason: resumeTopActivity - onActivityStateChanged
2026-02-25 23:18:24.886  4751-5200  OplusUXIconLoader       com.android.launcher                 V  loadUxIcon drawable null, packageName = com.itsorderchat,activityName =:com.itsorderchat.MainActivity
2026-02-25 23:18:24.887  2527-5071  OPM-Process             system_server                        I  resume pkg: com.android.launcher, uid:10213, prev pkg: com.itsorderchat, prev uid: 10509
2026-02-25 23:18:24.893  2527-5311  Transition              system_server                        D  collectOrderChanges onTopTasksEnd: [Task{cbcc825 #1 type=home}, Task{3283baa #5 type=home I=com.android.launcher/.Launcher}], reportedOnTop:null, mOnTopTasksStart: [Task{f7c5509 #7809 type=standard A=10509:com.itsorderchat}], TDA child: [Task{b55a1ed #2 type=undefined}, Task{f7c5509 #7809 type=standard A=10509:com.itsorderchat}, Task{cbcc825 #1 type=home}]
2026-02-25 23:18:24.893  2527-5311  OplusFlexi...ionManager system_server                        D  fixTransitType type result:3, targets: [ChangeInfo{f34616 container=Task{cbcc825 #1 type=home} flags=0x30}, ChangeInfo{1f3bb97 container=Task{f7c5509 #7809 type=standard A=10509:com.itsorderchat} flags=0x4}, ChangeInfo{5b91184 container=WallpaperWindowToken{4498db4 showWhenLocked=false} flags=0x0}]
2026-02-25 23:18:24.896  2527-4566  Osense-Bas...isionMaker system_server                        I  notifySceneToAthenaPolicy: SCENE_LAUNCHER, bundle: Bundle[{prevPkgName=com.itsorderchat, curUid=10213, isGame=false, curPkgName=com.android.launcher, prevUid=10509}]
2026-02-25 23:18:24.898  2527-5311  OplusTrans...ionManager system_server                        D  dispatchTransitionReadyToClient topWin=Window{169e9b9 u0 com.itsorderchat/com.itsorderchat.ui.theme.home.HomeActivity}, transitionId=12232, hasRemoteOpenFromViewSeamlessTransition=false
2026-02-25 23:18:24.899  2527-5311  OplusTrans...Controller system_server                        D  onTransactionReady, transition: 12232, info: {id=12232 t=TO_FRONT f=0x80 trk=0 r=[0@Point(0, 0)] c=[{WCT{RemoteToken{a090a95 Task{cbcc825 #1 type=home}}} m=TO_FRONT f=SHOW_WALLPAPER|MOVE_TO_TOP leash=Surface(name=Task=1)/@0x1e9f9e sb=Rect(0, 0 - 1080, 2400) eb=Rect(0, 0 - 1080, 2400) epz=Point(1080, 2400) d=0 taskParent=-1},{WCT{RemoteToken{56c2062 Task{f7c5509 #7809 type=standard A=10509:com.itsorderchat}}} m=TO_BACK f=NONE leash=Surface(name=Task=7809)/@0xd0ff198 sb=Rect(0, 0 - 1080, 2400) eb=Rect(0, 0 - 1080, 2400) epz=Point(1080, 2400) d=0 taskParent=-1},{m=TO_FRONT f=IS_WALLPAPER leash=Surface(name=WallpaperWindowToken{4498db4 showWhenLocked=false})/@0x3e04a7f sb=Rect(0, 0 - 1080, 2400) eb=Rect(0, 0 - 1080, 2400) epz=Point(1080, 2400) d=0}]
extendInfo=[OplusTransitionExtendedInfo{mTmpFinishT=null, mInOplusCompatMode=false, mIsProcessRunning=true, mHasMismatchBoundsTarget=false, mRecentsController=null, mRemoteTransition=null, mIsTranslucentActivityToHome=false, mAvoidInterceptKeyEventToHome=false, mIsFromHome=false, mParentLeash=null, mBackAnimClosingLeash=null, mIsOplusAnimRes=false, mKeepBgForContinuous=false, mIsBalAllow=false, mTaskNotInRecent=false, mIsPredictiveBackAnim=false, mIsMergedWithPredictive=false, mIsLaunchFromSpruce=false, mIsLaunchFromDrive=false, mGlobalSearchPageSwitch=false, mNeedNoAlphaGlobalSearchScene=false, mAssistScreenShowing=false, mSwipeUpBrowserScreenShowing=false, mUserIdTransition=0
, mInRemoteScene=false, mInPreReady=false, mPreStart=false, mToken=null, mAbortByRemoteFromHome=false, mShellApplyToken=null, mRequestTransitionTaskId=-1, mAbortTransitionOnShell=0, mStartFromShortcut=false, mRemovedTaskId=-1, mTransitionInterruptType=0, mMergeSecondTaskId=-1, mTaskIdStartFromRecents=0, mTransitionId=12232, mCanUseSpringSlideAnim=false, mTransitionLaunchFrom=0, mFoldChangeType=-1, mAnimStartingPosition=[0, 0, 0, 0], mIsOpeningStkDialogActivity=false, mIsNeedApplyStartTForEmbedded=false, mMergeSecondTaskAnimation=false, mIsLaunchUnityStart=false, mIsLaunchFromAssistantByDefault=false, mSkipRemoteTransitionfalse, mIsStartFromKeyguard=false flags=0x0, mWCT=null, mIsOpenMergeToInValidPredictive=false}]}, targets : [ChangeInfo{f34616 container=Task{cbcc825 #1 type=home} flags=0x30}, ChangeInfo{1f3bb97 container=Task{f7c5509 #7809 type=standard A=10509:com.itsorderchat} flags=0x4}, ChangeInfo{5b91184 container=WallpaperWindowToken{4498db4 showWhenLocked=false} flags=0x0}], participants: {Task{3283baa #5 type=home I=com.android.launcher/.Launcher}, WallpaperWindowToken{4498db4 showWhenLocked=false}, ActivityRecord{127358984 u0 com.android.launcher/.Launcher t5}, Task{cbcc825 #1 type=home}, Task{f7c5509 #7809 type=standard A=10509:com.itsorderchat}}
2026-02-25 23:18:24.921  2527-2582  GameManage...ServiceExt system_server                        I  on FG change: com.itsorderchat|com.android.launcher
2026-02-25 23:18:24.922  2527-3276  OplusAppSwitchListener  system_server                        D  Detect com.itsorderchat switch to background
2026-02-25 23:18:24.922  2527-3276  OplusFeatu...Brightness system_server                        D  onAppExit , info = com.itsorderchat
2026-02-25 23:18:24.931  2527-2905  WindowManager           system_server                        V      info={id=12232 t=TO_FRONT f=0x80 trk=0 r=[0@Point(0, 0)] c=[
{WCT{RemoteToken{a090a95 Task{cbcc825 #1 type=home}}} m=TO_FRONT f=SHOW_WALLPAPER|MOVE_TO_TOP leash=Surface(name=Task=1)/@0x1e9f9e sb=Rect(0, 0 - 1080, 2400) eb=Rect(0, 0 - 1080, 2400) epz=Point(1080, 2400) d=0 taskParent=-1},
{WCT{RemoteToken{56c2062 Task{f7c5509 #7809 type=standard A=10509:com.itsorderchat}}} m=TO_BACK f=NONE leash=Surface(name=Task=7809)/@0xd0ff198 sb=Rect(0, 0 - 1080, 2400) eb=Rect(0, 0 - 1080, 2400) epz=Point(1080, 2400) d=0 taskParent=-1},
{m=TO_FRONT f=IS_WALLPAPER leash=Surface(name=WallpaperWindowToken{4498db4 showWhenLocked=false})/@0x3e04a7f sb=Rect(0, 0 - 1080, 2400) eb=Rect(0, 0 - 1080, 2400) epz=Point(1080, 2400) d=0}
]
extendInfo=[OplusTransitionExtendedInfo{mTmpFinishT=null, mInOplusCompatMode=false, mIsProcessRunning=true, mHasMismatchBoundsTarget=false, mRecentsController=null, mRemoteTransition=null, mIsTranslucentActivityToHome=false, mAvoidInterceptKeyEventToHome=false, mIsFromHome=false, mParentLeash=null, mBackAnimClosingLeash=null, mIsOplusAnimRes=false, mKeepBgForContinuous=false, mIsBalAllow=false, mTaskNotInRecent=false, mIsPredictiveBackAnim=false, mIsMergedWithPredictive=false, mIsLaunchFromSpruce=false, mIsLaunchFromDrive=false, mGlobalSearchPageSwitch=false, mNeedNoAlphaGlobalSearchScene=false, mAssistScreenShowing=false, mSwipeUpBrowserScreenShowing=false, mUserIdTransition=0
, mInRemoteScene=false, mInPreReady=false, mPreStart=false, mToken=null, mAbortByRemoteFromHome=false, mShellApplyToken=null, mRequestTransitionTaskId=-1, mAbortTransitionOnShell=0, mStartFromShortcut=false, mRemovedTaskId=-1, mTransitionInterruptType=0, mMergeSecondTaskId=-1, mTaskIdStartFromRecents=0, mTransitionId=12232, mCanUseSpringSlideAnim=false, mTransitionLaunchFrom=0, mFoldChangeType=-1, mAnimStartingPosition=[0, 0, 0, 0], mIsOpeningStkDialogActivity=false, mIsNeedApplyStartTForEmbedded=false, mMergeSecondTaskAnimation=false, mIsLaunchUnityStart=false, mIsLaunchFromAssistantByDefault=false, mSkipRemoteTransitionfalse, mIsStartFromKeyguard=false flags=0x0, mWCT=null, mIsOpenMergeToInValidPredictive=false}]}
2026-02-25 23:18:24.938  2527-2582  ActivityTaskManager     system_server                        D  NFW_setLastResumedActivityUncheckLocked:true r:ActivityRecord{127358984 u0 com.android.launcher/.Launcher t5} currentFocus:Window{1b9b841 u0 com.itsorderchat/com.itsorderchat.ui.theme.home.HomeActivity}
2026-02-25 23:18:24.938  2527-2582  WindowManager           system_server                        D  NFW_findFocusedWindowIfNeeded:Window{294bbe9 u0 com.android.launcher/com.android.launcher.Launcher} mCurrentFocus:Window{1b9b841 u0 com.itsorderchat/com.itsorderchat.ui.theme.home.HomeActivity}
2026-02-25 23:18:24.940  2527-2582  WindowManager           system_server                        V  Changing focus from Window{1b9b841 u0 com.itsorderchat/com.itsorderchat.ui.theme.home.HomeActivity} to Window{294bbe9 u0 com.android.launcher/com.android.launcher.Launcher},diplayid=0
2026-02-25 23:18:24.950  2527-5314  WindowManager           system_server                        W  captureTaskSnapshot mSnapshotMode= 0 source=Task{f7c5509 #7809 type=standard A=10509:com.itsorderchat}
2026-02-25 23:18:24.960  2527-5155  OplusEapManager         system_server                        D  mTargetExitName :com.itsorderchat
2026-02-25 23:18:24.961  4411-23986 DCSEX-AppSwitchManager  com.oplus.exsystemservice            V  OnAppSwitchObserver: onAppExit, resuming = com.android.launcher, target = com.itsorderchat, is ResumingFirstStart =  false, is ResumingMultiApp =  false, extensionInfo =  Bundle[mParcelledData.dataSize=608]
2026-02-25 23:18:24.962  4411-12192 DCSEX-AppL...ntRecorder com.oplus.exsystemservice            D  onAppSwitch from = com.itsorderchat to = com.android.launcher
2026-02-25 23:18:24.962  4411-12192 DCSEX-AppL...ntRecorder com.oplus.exsystemservice            D  recordExitApp = com.itsorderchat
2026-02-25 23:18:24.963  2527-5155  OplusHansManager        system_server                        I  appSwitch from com.itsorderchat to com.android.launcher, pre resume pkg:null
2026-02-25 23:18:24.964  4952-19217 Athena                  com.oplus.athena                     I  AthenaDynamicReceiver: pre_app:com.itsorderchat, next_app:com.android.launcher(10213|4751)
2026-02-25 23:18:24.965  2527-5314  TaskSnapshotCache       system_server                        D  putSnapshot mRunningCache top= ActivityRecord{176020887 u0 com.itsorderchat/.ui.theme.home.HomeActivity t7809}, mTaskId=7809, snapshot=TaskSnapshot{ mId=1772057904950 mCaptureTime=568839020116233 mTopActivityComponent=com.itsorderchat/.ui.theme.home.HomeActivity mSnapshot=android.hardware.HardwareBuffer@a2f8776 (1080x2400) mColorSpace=sRGB IEC61966-2.1 (id=0, model=RGB) mOrientation=1 mRotation=0 mTaskSize=Point(1080, 2400) mOplusCompatMode=false mTopActivityBounds=[0,0][1080,2400] mHasDimLayer=true mContentInsets=[0,120][0,112] mLetterboxInsets=[0,0][0,0] mIsLowResolution=false mIsRealSnapshot=true mWindowingMode=1 mAppearance=536 mIsTranslucent=false mHasImeSurface=false mInternalReferences=2 mUiMode=11, mAppIdMap size= 1
2026-02-25 23:18:24.967 28315-28336 SceneSDK.1...tchAbility com.oplus.metis                      D  onAppSwitchEvent: AppSwitchEvent(timeStamp=1772057904962, eventType=2, targetName=com.itsorderchat, firstStart=false, multiApp=false, windowMode=0, resumingPackageName=com.android.launcher, resumingActivityName=com.android.launcher.Launcher, isResumingMultiApp=false, isResumingFirstStart=false)
2026-02-25 23:18:24.967 28315-28336 metis_v2_A...aCollector com.oplus.metis                      I  AppExitEvent =  com.itsorderchat, NextAppName = com.android.launcher [Metis|com.oplus.metis|1.5.5-f48228a]
2026-02-25 23:18:24.970  4817-5398  Battery                 com.oplus.battery                    W  AppSwitchDetectorV2: OnAppSwitchObserver: onAppExit , info = OplusAppExitInfo = {  targetName = com.itsorderchat hasResumingActivity = true resumingPackageName = com.android.launcher resumingActivityName = com.android.launcher.Launcher resumingWindowMode = 1 isResumingMultiApp = false isResumingFirstStart = false extension = Bundle[mParcelledData.dataSize=608]} lastReg=1772048899718
2026-02-25 23:18:24.987   518-518   VRI[HomeActivity]       com.itsorderchat                     D  onFocusEvent false
2026-02-25 23:18:24.995  2527-6711  OStatsManager_Calc      system_server                        I  add screen power pkgName = com.itsorderchat, uid = 10509, power = 972.7127300053835, is Fg = true, fore size = 1, mScale = 1.0
2026-02-25 23:18:24.995  2527-6711  OStatsMana...atsManager system_server                        I  notePkgForeground [com.android.launcher10213, com.itsorderchat10509], uid = 10213, pid = 4751, pkgName = com.android.launcher
2026-02-25 23:18:25.195  2527-5314  WindowManager           system_server                        W  captureTaskSnapshot mSnapshotMode= 0 source=Task{f7c5509 #7809 type=standard A=10509:com.itsorderchat}
2026-02-25 23:18:25.214  2527-5314  TaskSnapshotCache       system_server                        D  putSnapshot mRunningCache top= ActivityRecord{176020887 u0 com.itsorderchat/.ui.theme.home.HomeActivity t7809}, mTaskId=7809, snapshot=TaskSnapshot{ mId=1772057905195 mCaptureTime=568839270607535 mTopActivityComponent=com.itsorderchat/.ui.theme.home.HomeActivity mSnapshot=android.hardware.HardwareBuffer@b606474 (1080x2400) mColorSpace=sRGB IEC61966-2.1 (id=0, model=RGB) mOrientation=1 mRotation=0 mTaskSize=Point(1080, 2400) mOplusCompatMode=false mTopActivityBounds=[0,0][1080,2400] mHasDimLayer=true mContentInsets=[0,120][0,112] mLetterboxInsets=[0,0][0,0] mIsLowResolution=false mIsRealSnapshot=true mWindowingMode=1 mAppearance=536 mIsTranslucent=false mHasImeSurface=false mInternalReferences=2 mUiMode=11, mAppIdMap size= 1
2026-02-25 23:18:25.250  2527-5314  ActivityTaskManager     system_server                        D  setAppVisibility(Token{377b7a2 ActivityRecord{176020887 u0 com.itsorderchat/.ui.theme.home.HomeActivity t7809}}, visible=false):  visible=true mVisibleRequested=true
2026-02-25 23:18:25.250  2527-5314  ActivityTaskManager     system_server                        D  setVisibility defer change visibility for:ActivityRecord{176020887 u0 com.itsorderchat/.ui.theme.home.HomeActivity t7809} visible:false
2026-02-25 23:18:25.250  2527-5314  ActivityTaskManager     system_server                        D  setVisibility(Token{377b7a2 ActivityRecord{176020887 u0 com.itsorderchat/.ui.theme.home.HomeActivity t7809}}, visible=false) defer commitVisibility for inFinishingTransition
2026-02-25 23:18:25.251  2527-5314  Transition              system_server                        D  finishTransition ar ActivityRecord{127358984 u0 com.android.launcher/.Launcher t5}, isVisibleRequested=true, state=RESUMED, visibleAtTransitionEndTokens={}, this=TransitionRecord{92e7a33 id=12232 track=0 type=TO_FRONT flags=0x80 state=2 c=[
ChangeInfo{877c1f0 container=Task{3283baa #5 type=home I=com.android.launcher/.Launcher} flags=0x30}
ChangeInfo{5b91184 container=WallpaperWindowToken{4498db4 showWhenLocked=false} flags=0x0}
ChangeInfo{7b4e369 container=ActivityRecord{127358984 u0 com.android.launcher/.Launcher t5} flags=0x0}
ChangeInfo{18501ee container=DefaultTaskDisplayArea@129900108 flags=0x0}
ChangeInfo{84c868f container=Display{#0 state=ON size=1080x2400 ROTATION_0} flags=0x0}
ChangeInfo{f34616 container=Task{cbcc825 #1 type=home} flags=0x30}
ChangeInfo{1f3bb97 container=Task{f7c5509 #7809 type=standard A=10509:com.itsorderchat} flags=0x4}
]
}
2026-02-25 23:18:25.251  2527-5314  Transition              system_server                        D  finishTransition ar ActivityRecord{171197320 u0 com.itsorderchat/.ui.theme.home.HomeActivity t7809}, isVisibleRequested=false, state=STOPPED, visibleAtTransitionEndTokens={}, this=TransitionRecord{92e7a33 id=12232 track=0 type=TO_FRONT flags=0x80 state=2 c=[
ChangeInfo{877c1f0 container=Task{3283baa #5 type=home I=com.android.launcher/.Launcher} flags=0x30}
ChangeInfo{5b91184 container=WallpaperWindowToken{4498db4 showWhenLocked=false} flags=0x0}
ChangeInfo{7b4e369 container=ActivityRecord{127358984 u0 com.android.launcher/.Launcher t5} flags=0x0}
ChangeInfo{18501ee container=DefaultTaskDisplayArea@129900108 flags=0x0}
ChangeInfo{84c868f container=Display{#0 state=ON size=1080x2400 ROTATION_0} flags=0x0}
ChangeInfo{f34616 container=Task{cbcc825 #1 type=home} flags=0x30}
ChangeInfo{1f3bb97 container=Task{f7c5509 #7809 type=standard A=10509:com.itsorderchat} flags=0x4}
]
}
2026-02-25 23:18:25.251  2527-5314  Transition              system_server                        D  finishTransition ar ActivityRecord{176020887 u0 com.itsorderchat/.ui.theme.home.HomeActivity t7809}, isVisibleRequested=false, state=RESUMED, visibleAtTransitionEndTokens={}, this=TransitionRecord{92e7a33 id=12232 track=0 type=TO_FRONT flags=0x80 state=2 c=[
ChangeInfo{877c1f0 container=Task{3283baa #5 type=home I=com.android.launcher/.Launcher} flags=0x30}
ChangeInfo{5b91184 container=WallpaperWindowToken{4498db4 showWhenLocked=false} flags=0x0}
ChangeInfo{7b4e369 container=ActivityRecord{127358984 u0 com.android.launcher/.Launcher t5} flags=0x0}
ChangeInfo{18501ee container=DefaultTaskDisplayArea@129900108 flags=0x0}
ChangeInfo{84c868f container=Display{#0 state=ON size=1080x2400 ROTATION_0} flags=0x0}
ChangeInfo{f34616 container=Task{cbcc825 #1 type=home} flags=0x30}
ChangeInfo{1f3bb97 container=Task{f7c5509 #7809 type=standard A=10509:com.itsorderchat} flags=0x4}
]
}
2026-02-25 23:18:25.251  2527-5314  ActivityTaskManager     system_server                        D  commitVisibility: ActivityRecord{176020887 u0 com.itsorderchat/.ui.theme.home.HomeActivity t7809}: visible=false visibleRequested=false, isInTransition=false
2026-02-25 23:18:25.251  2527-5314  Transition              system_server                        D  finishTransition ar ActivityRecord{244136783 u0 com.itsorderchat/.ui.theme.home.HomeActivity t7809}, isVisibleRequested=false, state=STOPPED, visibleAtTransitionEndTokens={}, this=TransitionRecord{92e7a33 id=12232 track=0 type=TO_FRONT flags=0x80 state=2 c=[
ChangeInfo{877c1f0 container=Task{3283baa #5 type=home I=com.android.launcher/.Launcher} flags=0x30}
ChangeInfo{5b91184 container=WallpaperWindowToken{4498db4 showWhenLocked=false} flags=0x0}
ChangeInfo{7b4e369 container=ActivityRecord{127358984 u0 com.android.launcher/.Launcher t5} flags=0x0}
ChangeInfo{18501ee container=DefaultTaskDisplayArea@129900108 flags=0x0}
ChangeInfo{84c868f container=Display{#0 state=ON size=1080x2400 ROTATION_0} flags=0x0}
ChangeInfo{f34616 container=Task{cbcc825 #1 type=home} flags=0x30}
ChangeInfo{1f3bb97 container=Task{f7c5509 #7809 type=standard A=10509:com.itsorderchat} flags=0x4}
]
}
2026-02-25 23:18:25.253  2527-5314  OplusTrans...Controller system_server                        D  finishTransition, transition: TransitionRecord{92e7a33 id=12232 track=0 type=TO_FRONT flags=0x80 state=4 c=[
ChangeInfo{877c1f0 container=Task{3283baa #5 type=home I=com.android.launcher/.Launcher} flags=0x30}
ChangeInfo{5b91184 container=WallpaperWindowToken{4498db4 showWhenLocked=false} flags=0x0}
ChangeInfo{7b4e369 container=ActivityRecord{127358984 u0 com.android.launcher/.Launcher t5} flags=0x0}
ChangeInfo{18501ee container=DefaultTaskDisplayArea@129900108 flags=0x0}
ChangeInfo{84c868f container=Display{#0 state=ON size=1080x2400 ROTATION_0} flags=0x0}
ChangeInfo{f34616 container=Task{cbcc825 #1 type=home} flags=0x30}
ChangeInfo{1f3bb97 container=Task{f7c5509 #7809 type=standard A=10509:com.itsorderchat} flags=0x4}
]
}
2026-02-25 23:18:25.253  2527-5314  FlexibleTa...Controller system_server                        D   finishTransition pendingRecentToFlexibleTask:null,isRotationTransition:false ,pendingRecentToFlexible:null ,transition:TransitionRecord{92e7a33 id=12232 track=0 type=TO_FRONT flags=0x80 state=4 c=[
ChangeInfo{877c1f0 container=Task{3283baa #5 type=home I=com.android.launcher/.Launcher} flags=0x30}
ChangeInfo{5b91184 container=WallpaperWindowToken{4498db4 showWhenLocked=false} flags=0x0}
ChangeInfo{7b4e369 container=ActivityRecord{127358984 u0 com.android.launcher/.Launcher t5} flags=0x0}
ChangeInfo{18501ee container=DefaultTaskDisplayArea@129900108 flags=0x0}
ChangeInfo{84c868f container=Display{#0 state=ON size=1080x2400 ROTATION_0} flags=0x0}
ChangeInfo{f34616 container=Task{cbcc825 #1 type=home} flags=0x30}
ChangeInfo{1f3bb97 container=Task{f7c5509 #7809 type=standard A=10509:com.itsorderchat} flags=0x4}
]
}
2026-02-25 23:18:25.253  2527-5314  OplusShort...tionPolicy system_server                        D  finishTransition transition=TransitionRecord{92e7a33 id=12232 track=0 type=TO_FRONT flags=0x80 state=4 c=[
ChangeInfo{877c1f0 container=Task{3283baa #5 type=home I=com.android.launcher/.Launcher} flags=0x30}
ChangeInfo{5b91184 container=WallpaperWindowToken{4498db4 showWhenLocked=false} flags=0x0}
ChangeInfo{7b4e369 container=ActivityRecord{127358984 u0 com.android.launcher/.Launcher t5} flags=0x0}
ChangeInfo{18501ee container=DefaultTaskDisplayArea@129900108 flags=0x0}
ChangeInfo{84c868f container=Display{#0 state=ON size=1080x2400 ROTATION_0} flags=0x0}
ChangeInfo{f34616 container=Task{cbcc825 #1 type=home} flags=0x30}
ChangeInfo{1f3bb97 container=Task{f7c5509 #7809 type=standard A=10509:com.itsorderchat} flags=0x4}
]
}
2026-02-25 23:18:25.255  2527-5314  ActivityTaskManager     system_server                        D  setVisibility after transition for:ActivityRecord{176020887 u0 com.itsorderchat/.ui.theme.home.HomeActivity t7809}
2026-02-25 23:18:25.273   518-518   HomeActivity            com.itsorderchat                     D  📱 onPause() - aplikacja weszła w background
2026-02-25 23:18:25.280   518-518   VRI[HomeActivity]       com.itsorderchat                     D  setWindowStopped stopped:true
2026-02-25 23:18:25.280  2527-3008  UserAwareMgr            system_server                        I  handleAppChangedToBg, pkgName: com.itsorderchat, pid: 518
2026-02-25 23:18:25.299   518-796   SessionLifecycleClient  com.itsorderchat                     D  Sending lifecycle 2 to service
2026-02-25 23:18:25.304   518-1283  SessionLifecycleService com.itsorderchat                     D  Activity backgrounding at 261784434
2026-02-25 23:18:25.306   518-518   VRI[HomeActivity]       com.itsorderchat                     D  setWindowStopped stopped:true
2026-02-25 23:18:25.338   518-518   HomeActivity            com.itsorderchat                     D  ⏸️ onStop() - aplikacja całkowicie w tle
2026-02-25 23:18:25.375   518-518   HWUI                    com.itsorderchat                     D  RenderProxy::destroy: this=0xb400007592be6800, mContext=0xb400007589778a80
2026-02-25 23:18:25.376   518-872   HWUI                    com.itsorderchat                     D  SkiaVulkanPipeline::setSurface: this=0xb40000759315c200, surface=NULL
2026-02-25 23:18:25.379   518-872   BufferQueueProducer     com.itsorderchat                     D  [VRI[HomeActivity]#12(BLAST Consumer)12](id:2060000000c,api:1,p:518,c:518) disconnect: api 1
2026-02-25 23:18:25.380   518-872   BLASTBufferQueue        com.itsorderchat                     D  [VRI[HomeActivity]#12](f:0,a:1) destructor()
2026-02-25 23:18:25.380   518-872   BufferQueueConsumer     com.itsorderchat                     D  [VRI[HomeActivity]#12(BLAST Consumer)12](id:2060000000c,api:0,p:-1,c:518) disconnect
2026-02-25 23:18:25.387   518-518   ViewRootImplExtImpl     com.itsorderchat                     D  wrapConfigInfoIntoFlags rotation=0, smallestScreenWidthDp=424, residentWS=false, scenario=0, bounds=Rect(0, 0 - 1080, 2400), relayoutAsync=false, flags=0, newFlags=1258304768, title=com.itsorderchat/com.itsorderchat.ui.theme.home.HomeActivity
2026-02-25 23:18:25.389  2527-5311  WindowManager           system_server                        V  Relayout Window{169e9b9 u0 com.itsorderchat/com.itsorderchat.ui.theme.home.HomeActivity}: viewVisibility=4, oldvis=0, req=1080x2400 , apr = 8, vsysui=LIGHT_STATUS_BAR
2026-02-25 23:18:25.399   518-518   VRI[HomeActivity]       com.itsorderchat                     D  relayoutWindow result, sizeChanged:false, surfaceControlChanged:true, transformHintChanged:false, mSurfaceSize:Point(1080, 2400), mLastSurfaceSize:Point(1080, 2400), mWidth:1080, mHeight:2400, requestedWidth:1080, requestedHeight:2400, transformHint:0, installOrientation:0, displayRotation:0, isSurfaceValid:false, attr.flag:-2122252032, tmpFrames:ClientWindowFrames{frame=[0,0][1080,2400] display=[0,0][1080,2400] parentFrame=[0,0][0,0]}, relayoutAsync:false, mSyncSeqId:0
2026-02-25 23:18:25.429   518-518   HomeActivity$onStop     com.itsorderchat                     D  ⏸️ Task Reopen wyłączony lub Activity finishing - aplikacja pozostaje w tle
2026-02-25 23:18:25.447  2527-5187  WindowManager           system_server                        D  NFW_setClientVisible:ActivityRecord{176020887 u0 com.itsorderchat/.ui.theme.home.HomeActivity t7809} clientVisible:false
2026-02-25 23:18:25.448  2527-5187  WindowManager           system_server                        I  Window{1b9b841 u0 com.itsorderchat/com.itsorderchat.ui.theme.home.HomeActivity} state from HAS_DRAWN to DRAW_PENDING; reason: resetDrawState
2026-02-25 23:18:25.448   518-549   VRI[HomeActivity]       com.itsorderchat                     D  dispatchAppVisibility visible:false mUpcomingWindowFocus:false
2026-02-25 23:18:25.449   518-549   VRI[HomeActivity]       com.itsorderchat                     D  dispatchAppVisibility visible:false mUpcomingWindowFocus:false
2026-02-25 23:18:25.449  2527-5187  WindowManager           system_server                        I  Window{169e9b9 u0 com.itsorderchat/com.itsorderchat.ui.theme.home.HomeActivity} state from HAS_DRAWN to DRAW_PENDING; reason: resetDrawState
2026-02-25 23:18:25.449   518-518   VRI[HomeActivity]       com.itsorderchat                     D  visibilityChanged oldVisibility=true newVisibility=false
2026-02-25 23:18:25.450  2527-5187  WindowManager           system_server                        I  Window{169e9b9 u0 com.itsorderchat/com.itsorderchat.ui.theme.home.HomeActivity} state from DRAW_PENDING to NO_SURFACE; reason: destroySurface
2026-02-25 23:18:25.452  2527-5187  OplusStart...dowManager system_server                        D  skip remove starting window for activity = ActivityRecord{176020887 u0 com.itsorderchat/.ui.theme.home.HomeActivity t7809} ,ar != topActivityContainsStartingWindow on activityStopped
2026-02-25 23:18:25.459   518-518   HWUI                    com.itsorderchat                     D  RenderProxy::destroy: this=0xb4000075933f1100, mContext=0xb40000758831e280
2026-02-25 23:18:25.460   518-872   HWUI                    com.itsorderchat                     D  SkiaVulkanPipeline::setSurface: this=0xb4000074d9db14c0, surface=NULL
2026-02-25 23:18:25.462  2527-6711  OStatsManager_Calc      system_server                        I  add screen power pkgName = com.itsorderchat, uid = 10509, power = 82.47475499659777, is Fg = true, fore size = 2, mScale = 1.0
2026-02-25 23:18:25.462  2527-6711  OStatsManager_Calc      system_server                        I  noteBeforePkgSwitch change = false, curTime = 568839519, com.itsorderchat, fg = true
2026-02-25 23:18:25.462  2527-6711  OStatsMana...atsManager system_server                        I  updateStateTime: PkgName = com.itsorderchat, uid = 10509, state to bg, mForegroundCnt = 0, isFg = false
2026-02-25 23:18:25.463  2527-6711  OStatsMana...atsManager system_server                        I  notePkgBackground [com.android.launcher10213], uid = 10509, pid = 518, pkgName = com.itsorderchat
2026-02-25 23:18:25.464   518-872   BufferQueueProducer     com.itsorderchat                     D  [VRI[HomeActivity]#13(BLAST Consumer)13](id:2060000000d,api:1,p:518,c:518) disconnect: api 1
2026-02-25 23:18:25.465   518-872   BLASTBufferQueue        com.itsorderchat                     D  [VRI[HomeActivity]#13](f:0,a:1) destructor()
2026-02-25 23:18:25.465   518-872   BufferQueueConsumer     com.itsorderchat                     D  [VRI[HomeActivity]#13(BLAST Consumer)13](id:2060000000d,api:0,p:-1,c:518) disconnect
2026-02-25 23:18:25.474  2527-5187  WindowManager           system_server                        V  Relayout Window{1b9b841 u0 com.itsorderchat/com.itsorderchat.ui.theme.home.HomeActivity}: viewVisibility=8, oldvis=0, req=1080x2168 , apr = 0, vsysui=
2026-02-25 23:18:25.475  2527-5187  WindowManager           system_server                        I  Window{1b9b841 u0 com.itsorderchat/com.itsorderchat.ui.theme.home.HomeActivity} state from DRAW_PENDING to NO_SURFACE; reason: destroySurface
2026-02-25 23:18:25.475  2174-3337  AudioFlingerExtImpl     audioserver                          D  AudioFlingerExtImpl oplusSetParameters: keyvalue onForegroundActivitiesChanged=com.itsorderchat:foreground:0|10509:518
2026-02-25 23:18:25.660   518-872   HWUI                    com.itsorderchat                     D  SkiaVulkanPipeline::setSurface: this=0xb40000759315dec0, surface=NULL
2026-02-25 23:18:25.708   518-530   MediaPlayer             com.itsorderchat                     D  finalize() native_finalize called
2026-02-25 23:18:25.708   518-530   MediaPlayer             com.itsorderchat                     D  finalize() native_finalize finished
2026-02-25 23:18:25.785  5207-6640  ActivityAdapter         com.oplus.subsys                     D  app com.itsorderchat.ui.theme.home.HomeActivity exit
2026-02-25 23:18:25.788  5090-5090  AppSenseClient          com.oplus.nhs                        D  notifyAppEvent: pkgName: com.itsorderchat,activityName:com.itsorderchat.ui.theme.home.HomeActivity;state: 0;event: COMMON;type: 0;subEvent: 0;pid: 518;uid: 10509
2026-02-25 23:18:25.788  5090-5090  NhsAppSenseListener     com.oplus.nhs                        D  new event: event=0, state=0, pkg=com.itsorderchat, type=0, subEvent=0
2026-02-25 23:18:25.789  2527-2912  AppSenseClient          system_server                        D  notifyAppEvent: pkgName: com.itsorderchat,activityName:com.itsorderchat.ui.theme.home.HomeActivity;state: 0;event: COMMON;type: 0;subEvent: 0;pid: 518;uid: 10509
2026-02-25 23:18:25.789  5082-5472  AppSenseClient          com.oplus.nas                        D  notifyAppEvent: pkgName: com.itsorderchat,activityName:com.itsorderchat.ui.theme.home.HomeActivity;state: 0;event: COMMON;type: 0;subEvent: 0;pid: 518;uid: 10509
2026-02-25 23:18:25.789  5082-5472  NAS-DataSceneEvent      com.oplus.nas                        D  new event: event=0, state=0, pkg=com.itsorderchat, type=0, subEvent=0
2026-02-25 23:18:25.789  4987-5519  AppSenseClient          com.android.phone                    D  notifyAppEvent: pkgName: com.itsorderchat,activityName:com.itsorderchat.ui.theme.home.HomeActivity;state: 0;event: COMMON;type: 0;subEvent: 0;pid: 518;uid: 10509
2026-02-25 23:18:25.976  2527-4886  ActivityManager         system_server                        I  Background started FGS: Allowed [callingPackage: com.itsorderchat; callingUid: 10509; uidState: SVC ; uidBFSL: n/a; intent: Intent { cmp=com.itsorderchat/.service.SocketService mCallingUid=10509 }; code:ACTIVITY_VISIBILITY_GRACE_PERIOD; tempAllowListReason:<,reasonCode:SYSTEM_ALLOW_LISTED,duration:9223372036854775807,callingUid:-1>; allowWiu:-1; targetSdkVersion:35; callerTargetSdkVersion:35; startForegroundCount:6; bindFromPackage:null: isBindService:false]
2026-02-25 23:18:25.980  4493-24212 SystemUi--QuickSettings com.android.systemui                 I  OplusFgsManagerController-->onForegroundStateChanged: com.itsorderchat 0 true 1
2026-02-25 23:18:25.991   518-555   OplusScrollToTopManager com.itsorderchat                     D  com.itsorderchat/com.itsorderchat.ui.theme.home.HomeActivity,This com.android.internal.policy.DecorView{9c82b47 V.E...... R.....ID 0,0-1080,2168 aid=1073741835 alpha=1.0 viewInfo = }[HomeActivity] change focus to false
2026-02-25 23:18:25.993  2527-2527  FlavorOneB...ghtsHelper system_server                        D  setLastPlaySoundNotification NotificationRecord(0x0c61bd93: pkg=com.itsorderchat user=UserHandle{0} id=1 tag=null importance=3 key=0|com.itsorderchat|1|null|10509: Notification(channel=socket_service_channel shortcut=null contentView=null vibrate=null sound=null defaults=0 flags=ONGOING_EVENT|NO_CLEAR|FOREGROUND_SERVICE color=0x00000000 vis=PRIVATE))
2026-02-25 23:18:26.079  4493-4493  PluginSeedling--Track   com.android.systemui                 I  RequestHandler-->notificationAdded 0|com.itsorderchat|1|null|10509 postTime: 1772057905986
2026-02-25 23:18:26.587  2527-5282  ActivityTaskManager     system_server                        D  after skip size:2,pre-Filtered:com.itsorderchat # com.android.settings #
2026-02-25 23:18:26.588  2527-5282  FlexibleTaskController  system_server                        I  destroyFlexibleTaskSurface() called with: transaction = [Task{f7c5509 #7809 type=standard A=10509:com.itsorderchat}], reason = [RemoveTask]
2026-02-25 23:18:26.591  2527-5282  ActivityTaskManager     system_server                        D  notifyTaskRemoved, task: Task{f7c5509 #7809 type=standard A=10509:com.itsorderchat} trace:com.android.server.wm.RecentTasks.notifyTaskRemoved:566 com.android.server.wm.RecentTasks.remove:1512 com.android.server.wm.ActivityTaskSupervisor.cleanUpRemovedTask:2162 com.android.server.wm.ActivityTaskSupervisor.removeTask:2126 com.android.server.wm.ActivityTaskSupervisor.removeTask:2041
2026-02-25 23:18:26.662   518-518   HomeActivity            com.itsorderchat                     D  ✅ Receivers wyrejestrowane
2026-02-25 23:18:26.664   518-518   OplusScrollToTopManager com.itsorderchat                     D  com.itsorderchat/com.itsorderchat.ui.theme.home.HomeActivity,window dying
2026-02-25 23:18:26.664   518-518   OplusScrollToTopManager com.itsorderchat                     D  com.itsorderchat/com.itsorderchat.ui.theme.home.HomeActivity,unregisterSystemUIBroadcastReceiver
2026-02-25 23:18:26.664   518-518   OplusScrollToTopManager com.itsorderchat                     D  com.itsorderchat/com.itsorderchat.ui.theme.home.HomeActivity, unregisterSystemUIBroadcastReceiver failed java.lang.IllegalArgumentException: Receiver not registered: android.view.OplusScrollToTopManager$2@acf6256
2026-02-25 23:18:26.664   518-518   WindowOnBackDispatcher  com.itsorderchat                     W  sendCancelIfRunning: isInProgress=false callback=android.view.ViewRootImpl$$ExternalSyntheticLambda13@a8333f9
2026-02-25 23:18:26.665  2527-4512  CoreBackPreview         system_server                        D  Window{1941b21 u0 com.itsorderchat/com.itsorderchat.ui.theme.home.HomeActivity}: Setting back callback null
2026-02-25 23:18:26.667   518-518   HWUI                    com.itsorderchat                     D  RenderProxy::destroy: this=0xb4000075933e7200, mContext=0xb4000074d9ce6b80
2026-02-25 23:18:26.667   518-872   HWUI                    com.itsorderchat                     D  SkiaVulkanPipeline::setSurface: this=0xb40000759315d100, surface=NULL
2026-02-25 23:18:26.671   518-518   ViewRootImpl            com.itsorderchat                     D  Skipping stats log for color mode
2026-02-25 23:18:26.678  2527-5187  ActivityTaskManager     system_server                        D  removeAppToken: ActivityRecord{244136783 u0 com.itsorderchat/.ui.theme.home.HomeActivity t7809 f}} delayed=false parent=Task{f7c5509 #7809 type=standard A=10509:com.itsorderchat} animating=false Callers=com.android.server.wm.DisplayContent.removeAppToken:1733 com.android.server.wm.ActivityRecord.removeFromHistory:4974 com.android.server.wm.ActivityRecord.destroyed:5064 com.android.server.wm.ActivityClientController.activityDestroyed:339
2026-02-25 23:18:26.683  2527-3920  UsageStatsService       system_server                        W  Unexpected activity event reported! (com.itsorderchat/com.itsorderchat.ui.theme.home.HomeActivity event : 23 instanceId : 263123144)
2026-02-25 23:18:26.729   518-518   HomeActivity            com.itsorderchat                     D  ✅ Receivers wyrejestrowane
2026-02-25 23:18:26.729   518-518   OplusScrollToTopManager com.itsorderchat                     D  com.itsorderchat/com.itsorderchat.ui.theme.home.HomeActivity,window dying
2026-02-25 23:18:26.730   518-518   OplusScrollToTopManager com.itsorderchat                     D  com.itsorderchat/com.itsorderchat.ui.theme.home.HomeActivity,unregisterSystemUIBroadcastReceiver
2026-02-25 23:18:26.730   518-518   OplusScrollToTopManager com.itsorderchat                     D  com.itsorderchat/com.itsorderchat.ui.theme.home.HomeActivity, unregisterSystemUIBroadcastReceiver failed java.lang.IllegalArgumentException: Receiver not registered: android.view.OplusScrollToTopManager$2@ed33573
2026-02-25 23:18:26.730   518-518   WindowOnBackDispatcher  com.itsorderchat                     W  sendCancelIfRunning: isInProgress=false callback=android.view.ViewRootImpl$$ExternalSyntheticLambda13@9e191f1
2026-02-25 23:18:26.730  2527-4886  CoreBackPreview         system_server                        D  Window{bf862c u0 com.itsorderchat/com.itsorderchat.ui.theme.home.HomeActivity}: Setting back callback null
2026-02-25 23:18:26.731   518-518   HWUI                    com.itsorderchat                     D  RenderProxy::destroy: this=0xb4000075e3fcfc00, mContext=0xb40000762b1b2780
2026-02-25 23:18:26.731   518-872   HWUI                    com.itsorderchat                     D  SkiaVulkanPipeline::setSurface: this=0xb4000074d9daf300, surface=NULL
2026-02-25 23:18:26.732   518-518   ViewRootImpl            com.itsorderchat                     D  Skipping stats log for color mode
2026-02-25 23:18:26.736  2527-4886  ActivityTaskManager     system_server                        D  removeAppToken: ActivityRecord{171197320 u0 com.itsorderchat/.ui.theme.home.HomeActivity t7809 f}} delayed=false parent=Task{f7c5509 #7809 type=standard A=10509:com.itsorderchat} animating=false Callers=com.android.server.wm.DisplayContent.removeAppToken:1733 com.android.server.wm.ActivityRecord.removeFromHistory:4974 com.android.server.wm.ActivityRecord.destroyed:5064 com.android.server.wm.ActivityClientController.activityDestroyed:339
2026-02-25 23:18:26.740  2527-3920  UsageStatsService       system_server                        W  Unexpected activity event reported! (com.itsorderchat/com.itsorderchat.ui.theme.home.HomeActivity event : 23 instanceId : 150456071)
2026-02-25 23:18:26.759   518-518   OplusScrollToTopManager com.itsorderchat                     D  com.itsorderchat/com.itsorderchat.ui.theme.home.HomeActivity,window dying
2026-02-25 23:18:26.759   518-518   OplusScrollToTopManager com.itsorderchat                     D  com.itsorderchat/com.itsorderchat.ui.theme.home.HomeActivity,unregisterSystemUIBroadcastReceiver
2026-02-25 23:18:26.759   518-518   OplusScrollToTopManager com.itsorderchat                     D  com.itsorderchat/com.itsorderchat.ui.theme.home.HomeActivity, unregisterSystemUIBroadcastReceiver failed java.lang.IllegalArgumentException: Receiver not registered: android.view.OplusScrollToTopManager$2@c8c2e65
2026-02-25 23:18:26.759   518-518   WindowOnBackDispatcher  com.itsorderchat                     W  sendCancelIfRunning: isInProgress=false callback=android.view.ViewRootImpl$$ExternalSyntheticLambda13@4f8701d
2026-02-25 23:18:26.760  2527-4886  CoreBackPreview         system_server                        D  Window{1b9b841 u0 com.itsorderchat/com.itsorderchat.ui.theme.home.HomeActivity}: Setting back callback null
2026-02-25 23:18:26.760   518-518   HWUI                    com.itsorderchat                     D  RenderProxy::destroy: this=0xb4000075933f1100, mContext=0xb40000758831e280
2026-02-25 23:18:26.761   518-872   HWUI                    com.itsorderchat                     D  SkiaVulkanPipeline::setSurface: this=0xb4000074d9db14c0, surface=NULL
2026-02-25 23:18:26.786  5207-6640  ActivityAdapter         com.oplus.subsys                     D  isEnterBGAppScene, mActiveUidMap has no app com.itsorderchat
2026-02-25 23:18:26.791   518-518   HomeActivity            com.itsorderchat                     D  ✅ Receivers wyrejestrowane
2026-02-25 23:18:26.792   518-518   OplusScrollToTopManager com.itsorderchat                     D  com.itsorderchat/com.itsorderchat.ui.theme.home.HomeActivity,window dying
2026-02-25 23:18:26.792   518-518   OplusScrollToTopManager com.itsorderchat                     D  com.itsorderchat/com.itsorderchat.ui.theme.home.HomeActivity,unregisterSystemUIBroadcastReceiver
2026-02-25 23:18:26.792   518-518   OplusScrollToTopManager com.itsorderchat                     D  com.itsorderchat/com.itsorderchat.ui.theme.home.HomeActivity, unregisterSystemUIBroadcastReceiver failed java.lang.IllegalArgumentException: Receiver not registered: android.view.OplusScrollToTopManager$2@3164be1
2026-02-25 23:18:26.792   518-518   WindowOnBackDispatcher  com.itsorderchat                     W  sendCancelIfRunning: isInProgress=false callback=android.view.ViewRootImpl$$ExternalSyntheticLambda13@e5bb5d
2026-02-25 23:18:26.792  2527-5187  CoreBackPreview         system_server                        D  Window{169e9b9 u0 com.itsorderchat/com.itsorderchat.ui.theme.home.HomeActivity}: Setting back callback null
2026-02-25 23:18:26.793   518-518   HWUI                    com.itsorderchat                     D  RenderProxy::destroy: this=0xb400007592be6800, mContext=0xb400007589778a80
2026-02-25 23:18:26.793   518-872   HWUI                    com.itsorderchat                     D  SkiaVulkanPipeline::setSurface: this=0xb40000759315c200, surface=NULL
2026-02-25 23:18:26.803  2527-4886  ActivityTaskManager     system_server                        D  removeAppToken: ActivityRecord{176020887 u0 com.itsorderchat/.ui.theme.home.HomeActivity t7809 f}} delayed=false parent=Task{f7c5509 #7809 type=standard A=10509:com.itsorderchat} animating=false Callers=com.android.server.wm.DisplayContent.removeAppToken:1733 com.android.server.wm.ActivityRecord.removeFromHistory:4974 com.android.server.wm.ActivityRecord.destroyed:5064 com.android.server.wm.ActivityClientController.activityDestroyed:339
2026-02-25 23:18:26.805  2527-4886  OplusScreenSecurityMask system_server                        I  onStackRemoved task = Task{f7c5509 #7809 type=standard A=10509:com.itsorderchat} record = null displayId = 0
2026-02-25 23:18:26.805  2527-4886  OplusAlwaysAliveManager system_server                        D  removing: 7809, ComponentInfo{com.itsorderchat/com.itsorderchat.MainActivity}
2026-02-25 23:18:26.807  2527-3920  UsageStatsService       system_server                        W  Unexpected activity event reported! (com.itsorderchat/com.itsorderchat.ui.theme.home.HomeActivity event : 23 instanceId : 58177442)
2026-02-25 23:18:26.814  2527-2914  OplusFlexi...agerHelper system_server                        D  onTaskVanished taskInfo:7809 task:Task{f7c5509 #7809 type=standard A=10509:com.itsorderchat}
2026-02-25 23:18:26.814  2527-2914  FlexibleTaskController  system_server                        D  no need releaseFlexibleCaptionView or destroyFlexibleDragLeash when non-caption-view-task vanished, task=Task{f7c5509 #7809 type=standard A=10509:com.itsorderchat}
2026-02-25 23:18:26.816  2527-2914  OplusFlexi...agerHelper system_server                        D  onTaskVanished taskInfo:7809 task:Task{f7c5509 #7809 type=standard A=10509:com.itsorderchat}
2026-02-25 23:18:26.816  2527-2914  FlexibleTaskController  system_server                        D  no need releaseFlexibleCaptionView or destroyFlexibleDragLeash when non-caption-view-task vanished, task=Task{f7c5509 #7809 type=standard A=10509:com.itsorderchat}
2026-02-25 23:18:27.344   518-3340  FA                      com.itsorderchat                     I  Application backgrounded at: timestamp_millis: 1772057905342
2026-02-25 23:18:28.132  2527-5307  OplusPreStartController system_server                        I  preStartActivity Intent { act=android.intent.action.MAIN cat=[android.intent.category.LAUNCHER] flg=0x10200000 cmp=com.itsorderchat/.MainActivity bnds=[234,1023][438,1302] (has extras) }
2026-02-25 23:18:28.137  2527-5307  OplusPreStartController system_server                        I  isCapBitmapExists intent: Intent { act=android.intent.action.MAIN cat=[android.intent.category.LAUNCHER] flg=0x10200000 cmp=com.itsorderchat/.MainActivity bnds=[234,1023][438,1302] (has extras) }, requestRotation: SCREEN_ORIENTATION_UNSPECIFIED, surfaceRotation: ROTATION_0, targetRotation: ROTATION_0, uiMode: 17, found captures: false
2026-02-25 23:18:28.161  2527-5307  OplusAppQu...Controller system_server                        E  notifyStartActivity intent:Intent { act=android.intent.action.MAIN cat=[android.intent.category.LAUNCHER] flg=0x10200000 xflg=0x4 cmp=com.itsorderchat/.MainActivity bnds=[234,1023][438,1302] (has extras) }
2026-02-25 23:18:28.163  2527-5307  WindowManager           system_server                        D  NFW_setClientVisible:ActivityRecord{82240621 u0 com.itsorderchat/.MainActivity clientVisible:true
2026-02-25 23:18:28.165  2527-5307  FlexibleTaskController  system_server                        D  isSupportFlexibleWindow target = com.itsorderchat/.MainActivity callPkg = FlexibleTaskController support = true ,caller = 2527
2026-02-25 23:18:28.167  2527-5307  FlexibleTaskController  system_server                        D  isSupportFlexibleWindow target = com.itsorderchat/.MainActivity callPkg = FlexibleTaskController support = true ,caller = 2527
2026-02-25 23:18:28.167  2527-5307  FlexibleWi...gerService system_server                        D  no reused task found for ActivityRecord{82240621 u0 com.itsorderchat/.MainActivity t-1}
2026-02-25 23:18:28.167  2527-5071  OPM                     system_server                        I  handleActivityStart : ActivityRecord{82240621 u0 com.itsorderchat/.MainActivity t-1}
2026-02-25 23:18:28.173  2527-5307  ActivityTaskManager     system_server                        D  validateStartingWindowTheme:  Pkg=com.itsorderchat, Translucent=false, Floating=false, ShowWallpaper=false, Disable=true, LaunchSource=2, Prev=null, LaunchedFromPackage=com.android.launcher
2026-02-25 23:18:28.173  2527-5307  ActivityTaskManager     system_server                        D  addStartingWindow for ActivityRecord{82240621 u0 com.itsorderchat/.MainActivity t7810}, mainWin=null, state=INITIALIZING, isKeyguardLocked=false, isKeyguardGoingAway=false
2026-02-25 23:18:28.175  2527-5307  ActivityTaskManager     system_server                        D  setAppVisibility(Token{300558f ActivityRecord{82240621 u0 com.itsorderchat/.MainActivity t7810}}, visible=true):  visible=false mVisibleRequested=false
2026-02-25 23:18:28.176  2527-5307  ActivityTaskManager     system_server                        D  setVisibility(Token{300558f ActivityRecord{82240621 u0 com.itsorderchat/.MainActivity t7810}}, visible=true) defer commitVisibility for transition collecting
2026-02-25 23:18:28.180  2527-5307  TaskOrganizerController system_server                        D  TaskOrganizerController.addStartingWindow: call wmshell to addStartingWindow:ActivityRecord{82240621 u0 com.itsorderchat/.MainActivity t7810}
2026-02-25 23:18:28.183  2527-5307  RefreshRate             system_server                        D  Trigger app switch boost, ar=ActivityRecord{82240621 u0 com.itsorderchat/.MainActivity t7810},currDisplayRate=120.00001,boostId=3
2026-02-25 23:18:28.183  2527-5307  RefreshRate             system_server                        D  startAppSwitchBoost targetMode={id=1, width=1080, height=2400, fps=120.00001, vsync=120.00001, synthetic=false, alternativeRefreshRates=[60.000004], supportedHdrTypes=[]} record=ActivityRecord{82240621 u0 com.itsorderchat/.MainActivity t7810}: votes=PRIORITY_START_ANIMATION_BOOST -> Vote{mRefreshRate=120.0, mMinRefreshRate=120.0, mRequestSource=null};PRIORITY_WINDOW_REQUEST -> Vote{mRefreshRate=120.0, mMinRefreshRate=120.0, mRequestSource=null};
2026-02-25 23:18:28.184  2527-5307  ActivityTaskManager     system_server                        I  The Process com.itsorderchat Already Exists in BG. So sending its PID: 518
2026-02-25 23:18:28.184  4751-4751  [UAH_CLIENT]            com.android.launcher                 I  UahEventAcquire, cmdid:85, pkg:com.itsorderchat, identity:GpuBoost
2026-02-25 23:18:28.187  2527-5307  ActivityTaskManager     system_server                        D  setAppVisibility(Token{300558f ActivityRecord{82240621 u0 com.itsorderchat/.MainActivity t7810}}, visible=true):  visible=false mVisibleRequested=true
2026-02-25 23:18:28.187  2527-5307  ActivityTaskManager     system_server                        D  setVisibility(Token{300558f ActivityRecord{82240621 u0 com.itsorderchat/.MainActivity t7810}}, visible=true) defer commitVisibility for transition collecting
2026-02-25 23:18:28.187  2527-4566  Osense-Bas...isionMaker system_server                        I  notifySceneToAthenaPolicy: SCENE_APP_SWITCH, bundle: Bundle[{prevPkgName=com.android.launcher, curUid=10509, isGame=false, curPkgName=com.itsorderchat, prevUid=10213}]
2026-02-25 23:18:28.189  2527-5307  ActivityTaskManager     system_server                        D  onWindowFocusChanged Task{7aacee #7810 type=standard A=10509:com.itsorderchat} would transfer to compact
2026-02-25 23:18:28.189  2527-3008  UserAwareMgr            system_server                        I  handleTopAppChanged: com.itsorderchat, pid: 518, uid: 10509
2026-02-25 23:18:28.189  2527-5307  ActivityTaskManager     system_server                        D  NFW_setLastResumedActivityUncheckLocked:true r:ActivityRecord{82240621 u0 com.itsorderchat/.MainActivity t7810} currentFocus:Window{294bbe9 u0 com.android.launcher/com.android.launcher.Launcher}
2026-02-25 23:18:28.191  4493-4592  WindowManager           com.android.systemui                 D  Add to mViews: android.widget.FrameLayout{faa656b V.E...... ......I. 0,0-0,0 alpha=1.0 viewInfo = },pkg= com.itsorderchat
