2026-02-25 23:18:29.944  2527-5204  WindowManager           system_server                        V  Relayout Window{6b2bf69 u0 com.itsorderchat/com.itsorderchat.ui.theme.home.HomeActivity}: viewVisibility=0, oldvis=0, req=1080x2168 , apr = 0, vsysui=, x=0, y=0
2026-02-25 23:18:29.944  2527-5204  WindowManager           system_server                        I  Window{6b2bf69 u0 com.itsorderchat/com.itsorderchat.ui.theme.home.HomeActivity} state from NO_SURFACE to DRAW_PENDING; reason: resetDrawState
2026-02-25 23:18:29.950  2527-5204  WindowManager           system_server                        D  NFW_findFocusedWindowIfNeeded:Window{6b2bf69 u0 com.itsorderchat/com.itsorderchat.ui.theme.home.HomeActivity} mCurrentFocus:Window{6b2bf69 u0 com.itsorderchat/com.itsorderchat.ui.theme.home.HomeActivity}
2026-02-25 23:18:29.955   518-518   BufferQueueConsumer     com.itsorderchat                     D  [](id:20600000010,api:0,p:-1,c:518) connect: controlledByApp=false
2026-02-25 23:18:29.955   518-518   BufferQueueConsumer     com.itsorderchat                     D  [VRI[HomeActivity]#16(BLAST Consumer)16](id:20600000010,api:0,p:-1,c:518) setMaxAcquiredBufferCount: 2
2026-02-25 23:18:29.957   518-872   BufferQueueProducer     com.itsorderchat                     D  [VRI[HomeActivity]#16(BLAST Consumer)16](id:20600000010,api:1,p:518,c:518) connect: api=1 producerControlledByApp=true
2026-02-25 23:18:29.960  2527-2914  SurfaceComposerClient   system_server                        D  Transaction::apply InputWindowCommands.focusRequests timestamp=261789087594612, windowName=6b2bf69 com.itsorderchat/com.itsorderchat.ui.theme.home.HomeActivity
2026-02-25 23:18:29.973   518-518   SurfaceControl          com.itsorderchat                     I   setExtendedRangeBrightness sc=Surface(name=com.itsorderchat/com.itsorderchat.ui.theme.home.HomeActivity)/@0x9f1ffc2,currentBufferRatio=1.0,desiredRatio=1.0
2026-02-25 23:18:29.974  2201-2476  SurfaceFlinger          surfaceflinger                       D  updateWinowInfo=1, setFocusedWindow timestamp=261789087594612, windowName=6b2bf69 com.itsorderchat/com.itsorderchat.ui.theme.home.HomeActivity
2026-02-25 23:18:29.974  2527-4886  InputDispatcher         system_server                        I  NFW_setFocusedWindow, 6b2bf69 com.itsorderchat/com.itsorderchat.ui.theme.home.HomeActivity on display 0, same as the previous:0
2026-02-25 23:18:29.989   518-872   BLASTBufferQueue        com.itsorderchat                     D  [VRI[HomeActivity]#16](f:0,a:1) acquireNextBufferLocked size=1244x2332 mFrameNumber=1 applyTransaction=true mTimestamp=261789124389612(auto) mPendingTransactions.size=0 graphicBufferId=2224793059395 transform=0
2026-02-25 23:18:29.990   518-872   VRI[HomeActivity]       com.itsorderchat                     D  Received frameCommittedCallback lastAttemptedDrawFrameNum=1 didProduceBuffer=true syncBuffer=false
2026-02-25 23:18:29.990   518-518   VRI[HomeActivity]       com.itsorderchat                     D  draw finished. seqId=0
2026-02-25 23:18:29.991   518-518   VRI[HomeActivity]       com.itsorderchat                     D  onFocusEvent false
2026-02-25 23:18:29.992   518-518   SYNC_CONFLICT           com.itsorderchat                     D  ✅ SYNC COMPLETE for 2026-02-24
2026-02-25 23:18:29.992   518-518   SYNC_CONFLICT           com.itsorderchat                     D  ═══════════════════════════════════════
2026-02-25 23:18:29.992   518-518   OrdersRepository        com.itsorderchat                     I  Sync: Baza danych zaktualizowana dla 2026-02-24.
2026-02-25 23:18:29.992  2527-5204  WindowManager           system_server                        I  Window{6b2bf69 u0 com.itsorderchat/com.itsorderchat.ui.theme.home.HomeActivity} state from DRAW_PENDING to COMMIT_DRAW_PENDING; reason: finishDrawingLocked
2026-02-25 23:18:30.000  2527-2914  WindowManager           system_server                        I  Window{6b2bf69 u0 com.itsorderchat/com.itsorderchat.ui.theme.home.HomeActivity} state from COMMIT_DRAW_PENDING to READY_TO_SHOW; reason: commitFinishDrawingLocked
2026-02-25 23:18:30.001  2527-2914  ActivityTaskManager     system_server                        D  Clearing startingData for activity=ActivityRecord{64745798 u0 com.itsorderchat/.ui.theme.home.HomeActivity t7810} mStartingData=null mStartingSurface=null
2026-02-25 23:18:30.006  2527-2914  WindowManager           system_server                        I  Window{6b2bf69 u0 com.itsorderchat/com.itsorderchat.ui.theme.home.HomeActivity} state from READY_TO_SHOW to HAS_DRAWN; reason: performShowLocked
2026-02-25 23:18:30.009  2527-2915  SurfaceAnimationRunner  system_server                        D  onAnimationStart:Surface(name=Surface(name=6b2bf69 com.itsorderchat/com.itsorderchat.ui.theme.home.HomeActivity)/@0x5606d7f - animation-leash of window_animation)/@0xaa5814c
2026-02-25 23:18:30.011   518-518   ALARM START             com.itsorderchat                     W  ━━━━━━━━━━━━━━━━━━━━━━━━━━━━━━━━━━━━━━━━━━━━━━━━━━━━
2026-02-25 23:18:30.012   518-518   ALARM START             com.itsorderchat                     W  🎯 [OrderAlarmService] onStartCommand
2026-02-25 23:18:30.012   518-518   ALARM START             com.itsorderchat                     W     ├─ action: ACTION_START_ALARM
2026-02-25 23:18:30.013   518-518   ALARM START             com.itsorderchat                     W     ├─ startId: 1
2026-02-25 23:18:30.013   518-518   ALARM START             com.itsorderchat                     W     ├─ currentNotificationId: null
2026-02-25 23:18:30.014   518-518   ALARM START             com.itsorderchat                     W     ├─ currentOrderId: null
2026-02-25 23:18:30.014   518-518   ALARM START             com.itsorderchat                     W     ├─ isAlarmActive: false
2026-02-25 23:18:30.015   518-518   ALARM START             com.itsorderchat                     W     ├─ player?.isPlaying: null
2026-02-25 23:18:30.016   518-518   ALARM START             com.itsorderchat                     W     ├─ Thread: main
2026-02-25 23:18:30.016   518-518   ALARM START             com.itsorderchat                     W     └─ Timestamp: 1772057910016
2026-02-25 23:18:30.018   518-518   OrderAlarmService       com.itsorderchat                     D  OrderAlarmService: onStartCommand, action=ACTION_START_ALARM, startId=1
2026-02-25 23:18:30.022   518-518   OrderAlarmService       com.itsorderchat                     I  Foreground placeholder wystartował.
2026-02-25 23:18:30.024   518-518   OrderAlarmService       com.itsorderchat                     I  Aktywuję nowy alarm dla orderId: 699f74e239820eefe0c62b39 (notifId: -1509721980)
2026-02-25 23:18:30.024  4493-10815 SystemUi--QuickSettings com.android.systemui                 I  OplusFgsManagerController-->onForegroundStateChanged: com.itsorderchat 0 true 1
2026-02-25 23:18:30.030  2527-4886  InputDispatcher         system_server                        I  updateFocusedWindow, 6b2bf69 com.itsorderchat/com.itsorderchat.ui.theme.home.HomeActivity on display 0, reason: Window became focusable. Previous reason: NOT_VISIBLE, result:   FocusedWindows:
displayId=0, name='6b2bf69 com.itsorderchat/com.itsorderchat.ui.theme.home.HomeActivity'
2026-02-25 23:18:30.032   518-518   OrderAlarmService       com.itsorderchat                     I  Foreground przełączony na docelowe powiadomienie (id=-1509721980).
2026-02-25 23:18:30.032   518-518   ALARM START             com.itsorderchat                     W  ━━━━━━━━━━━━━━━━━━━━━━━━━━━━━━━━━━━━━━━━━━━━━━━━━━━━
2026-02-25 23:18:30.033   518-518   ALARM START             com.itsorderchat                     W  🔊 [OrderAlarmService] startAlarmSound()
2026-02-25 23:18:30.034   518-518   ALARM START             com.itsorderchat                     W     ├─ isAlarmActive: false
2026-02-25 23:18:30.035   518-518   ALARM START             com.itsorderchat                     W     ├─ player?.isPlaying: null
2026-02-25 23:18:30.035  4493-10815 SystemUi--QuickSettings com.android.systemui                 I  OplusFgsManagerController-->onForegroundStateChanged: com.itsorderchat 0 true 2
2026-02-25 23:18:30.035   518-518   ALARM START             com.itsorderchat                     W     ├─ currentOrderId: 699f74e239820eefe0c62b39
2026-02-25 23:18:30.036   518-518   ALARM START             com.itsorderchat                     W     ├─ Thread: main
2026-02-25 23:18:30.036   518-518   ALARM START             com.itsorderchat                     W     └─ Timestamp: 1772057910036
2026-02-25 23:18:30.040   518-518   ALARM START             com.itsorderchat                     D  🎵 Wybrany dźwięk: android.resource://com.itsorderchat/2131951618
2026-02-25 23:18:30.041   518-518   MediaPlayer             com.itsorderchat                     D  MediaPlayer
2026-02-25 23:18:30.044  2527-2527  NotifAttentionHelper    system_server                        E  Muting recently noisy 0|com.itsorderchat|-1509721980|null|10509
2026-02-25 23:18:30.065  4493-4493  SystemUi--Notification  com.android.systemui                 I  OplusLiveAlertNotificationsRepository-->removeLiveAlert: 0|com.itsorderchat|999001|null|10509
2026-02-25 23:18:30.065  4493-4493  PluginSeedling--Track   com.android.systemui                 I  RequestHandler-->notificationRemoved 0|com.itsorderchat|999001|null|10509
2026-02-25 23:18:30.090   518-518   MediaPlayer             com.itsorderchat                     D  MediaPlayer start called
2026-02-25 23:18:30.091   518-518   ALARM START             com.itsorderchat                     W  ✅ Odtwarzanie alarmu rozpoczęte (loop)!
2026-02-25 23:18:30.092   518-518   ALARM START             com.itsorderchat                     W  ━━━━━━━━━━━━━━━━━━━━━━━━━━━━━━━━━━━━━━━━━━━━━━━━━━━━
2026-02-25 23:18:30.093   518-518   OrderAlarmService       com.itsorderchat                     D  Odtwarzanie alarmu (loop) rozpoczęte.
2026-02-25 23:18:30.094   518-518   VRI[HomeActivity]       com.itsorderchat                     D  onFocusEvent true
2026-02-25 23:18:30.097   518-518   Choreographer           com.itsorderchat                     I  Skipped 43 frames!  The application may be doing too much work on its main thread.
2026-02-25 23:18:30.114  2527-4684  WindowManager           system_server                        V  Relayout Window{6b2bf69 u0 com.itsorderchat/com.itsorderchat.ui.theme.home.HomeActivity}: viewVisibility=0, oldvis=0, req=1080x2168 , apr = 0, vsysui=, x=0, y=0
2026-02-25 23:18:30.162  2527-5296  FlexibleTaskController  system_server                        D  isSupportFlexibleWindow target = com.itsorderchat callPkg = com.android.systemui support = true ,caller = 4493
2026-02-25 23:18:30.165  2527-5204  FlexibleWi...gerService system_server                        D  calculateFlexibleWindowBounds intent:Intent { flg=0x34000000 xflg=0x4 cmp=com.itsorderchat/.ui.theme.home.HomeActivity (has extras) },appOrientation:-2,activityInfo:ActivityInfo{f5395ac com.itsorderchat.ui.theme.home.HomeActivity}
2026-02-25 23:18:30.165  2527-5204  FlexibleTaskController  system_server                        D  fillFlexibleTaskInfo current activity is resizeable for ActivityInfo{f5395ac com.itsorderchat.ui.theme.home.HomeActivity}
2026-02-25 23:18:30.165  2527-5204  FlexibleTaskController  system_server                        D  collectFlexibleTaskInfo:FlexibleTaskInfo{mResizeMode=1, mRatio=1.7777778, mScale=0.81560284, mCornerRadius=72, mLaunchBounds=Rect(100, 278 - 1180, 2198), mSourceFlexibleTaskId=-1, mFlexibleState0} finalActivityInfo = ActivityInfo{f5395ac com.itsorderchat.ui.theme.home.HomeActivity} info req = -1 appOrientation = -2
2026-02-25 23:18:30.165  2527-5204  FlexibleTaskController  system_server                        D  calcFlexibleTaskBounds called by notification pkgName:com.itsorderchat
2026-02-25 23:18:30.165  2527-5204  FlexibleTaskController  system_server                        D  calcFlexibleTaskBounds want jump to:ComponentInfo{com.itsorderchat/com.itsorderchat.ui.theme.home.HomeActivity} ,activityRecord:ActivityRecord{64745798 u0 com.itsorderchat/.ui.theme.home.HomeActivity t7810}
2026-02-25 23:18:30.165  4493-4493  HeadsUpToZoomUtils      com.android.systemui                 D  calculateFlexibleWindowBounds isSupport:false finalRect:Rect(100, 278 - 1180, 2198) scale:0.81560284 radius:72 supportBundle:Bundle[{androidx.flexible.LaunchBounds=Rect(100, 278 - 1180, 2198), flexible_window_mini_rect=Supplier{VAL_PARCELABLE@200+72}, androidx.flexible.CompatRatio=1.7777778, androidx.activity.LaunchCornerRadius=72, androidx.flexible.ResizeMode=1, androidx.activity.LaunchScale=0.81560284}] intent:Intent { flg=0x34000000 xflg=0x4 cmp=com.itsorderchat/.ui.theme.home.HomeActivity (has extras) }
2026-02-25 23:18:30.166  4493-4493  SystemUi--Notification  com.android.systemui                 I  OplusExpandableNotificationRowExImpl-->NOTIFICATION_ZOOM-->updateDragViewState showZoom=false isPinned=true isActivityIntent=true emptyView=true isZoomValid=true pendingIntent=Intent { flg=0x34000000 xflg=0x4 cmp=com.itsorderchat/.ui.theme.home.HomeActivity (has extras) }
2026-02-25 23:18:30.166   518-518   OrdersView...nlined$map com.itsorderchat                     D  📂 Baza danych (getAllOrdersFlow) wyemitowała 3 encji.
2026-02-25 23:18:30.167  4493-4493  PluginSeed...apsuleCard com.android.systemui                 I  CardRootViewModel-->handleOnShowHeadsUpNotification: true packageName: com.itsorderchat
2026-02-25 23:18:30.167   518-518   OrdersView...nlined$map com.itsorderchat                     D  VM: Filtruję listę 3 zamówień. Pokazuję tylko nowsze niż 2026-02-24T23:00:00Z (lub aktywne/zaplanowane).
2026-02-25 23:18:30.168   518-518   QUEUE_FILTER            com.itsorderchat                     D  ━━━━━━━━━━━━━━━━━━━━━━━━━━━━━━━━━
2026-02-25 23:18:30.168   518-518   QUEUE_FILTER            com.itsorderchat                     D  📋 QUEUE UPDATE - Total orders: 3
2026-02-25 23:18:30.168   518-518   QUEUE_FILTER            com.itsorderchat                     D     Order KR-2191: status=ACCEPTED, orderId=699f74e239820eefe0c62b39, inQueue=false
2026-02-25 23:18:30.168   518-518   QUEUE_FILTER            com.itsorderchat                     D     Order KR-2190: status=ACCEPTED, orderId=699f729cb01586472b7c29ec, inQueue=false
2026-02-25 23:18:30.168   518-518   QUEUE_FILTER            com.itsorderchat                     D     Order KR-2189: status=ACCEPTED, orderId=699ee462b01586472b7c230a, inQueue=false
2026-02-25 23:18:30.168   518-518   QUEUE_FILTER            com.itsorderchat                     D     └─ Filtered PROCESSING: 0
2026-02-25 23:18:30.168  4493-4493  PluginSeedling--Track   com.android.systemui                 I  RequestHandler-->notificationAdded 0|com.itsorderchat|-1509721980|null|10509 postTime: 1772057910034
2026-02-25 23:18:30.169   518-518   OrdersView...alogStatus com.itsorderchat                     D  observeCurrentlyOpenDialogStatus: Zamówienie 699f74e239820eefe0c62b39 nie jest już PROCESSING (nowy status: ACCEPTED). AKTUALIZUJĘ dialog i ZATRZYMUJĘ alarm.
2026-02-25 23:18:30.170   518-518   OrdersViewModel         com.itsorderchat                     D  ViewModel: Wysyłam polecenie ACTION_STOP_ALARM do OrderAlarmService.
2026-02-25 23:18:30.173   518-518   OrderAlarmService       com.itsorderchat                     D  ━━━━━━━━━━━━━━━━━━━━━━━━━━━━━━━━━━━━
2026-02-25 23:18:30.173   518-518   OrderAlarmService       com.itsorderchat                     D  📊 observePendingOrdersQueue TRIGGERED
2026-02-25 23:18:30.173   518-518   OrderAlarmService       com.itsorderchat                     D     ├─ queue.size: 0
2026-02-25 23:18:30.173   518-518   OrderAlarmService       com.itsorderchat                     D     ├─ userRole: ADMIN
2026-02-25 23:18:30.173   518-518   OrderAlarmService       com.itsorderchat                     D     └─ suppress: false
2026-02-25 23:18:30.173   518-518   OrderAlarmService       com.itsorderchat                     D     ├─ currentDialogId: 699f74e239820eefe0c62b39
2026-02-25 23:18:30.173  4493-4493  HeadsUpLayout           com.android.systemui                 D  onViewAddedInternal: 0|com.itsorderchat|-1509721980|null|10509,reason=onViewAdded
2026-02-25 23:18:30.173   518-518   OrderAlarmService       com.itsorderchat                     D     └─ lastClosedOrderId: null
2026-02-25 23:18:30.173   518-518   OrderAlarmService       com.itsorderchat                     D  🎯 CASE 4: Żadne warunki nie spełnione
2026-02-25 23:18:30.174  4493-4493  HeadsUpLayout           com.android.systemui                 D  setHeadsUpBlur: 0|com.itsorderchat|-1509721980|null|10509 ,reason=onViewAddedInternal,isSummary =false,isHeadsUp=true,updateGroupHeader=false,child.isGroupExpansionChanging=false
2026-02-25 23:18:30.174   518-518   OrderAlarmService       com.itsorderchat                     D     └─ Przyczyna: Dialog otwarty (699f74e239820eefe0c62b39), brak nowych
2026-02-25 23:18:30.174   518-518   OrderAlarmService       com.itsorderchat                     D  ━━━━━━━━━━━━━━━━━━━━━━━━━━━━━━━━━━━━
2026-02-25 23:18:30.174   518-518   OrderAlarmService       com.itsorderchat                     D  ━━━━━━━━━━━━━━━━━━━━━━━━━━━━━━━━━━━━
2026-02-25 23:18:30.174   518-518   OrderAlarmService       com.itsorderchat                     D  📊 observePendingOrdersQueue TRIGGERED
2026-02-25 23:18:30.174   518-518   OrderAlarmService       com.itsorderchat                     D     ├─ queue.size: 0
2026-02-25 23:18:30.174   518-518   OrderAlarmService       com.itsorderchat                     D     ├─ userRole: ADMIN
2026-02-25 23:18:30.175   518-518   OrderAlarmService       com.itsorderchat                     D     └─ suppress: false
2026-02-25 23:18:30.175   518-518   OrderAlarmService       com.itsorderchat                     D     ├─ currentDialogId: 699f74e239820eefe0c62b39
2026-02-25 23:18:30.175   518-518   OrderAlarmService       com.itsorderchat                     D     └─ lastClosedOrderId: null
2026-02-25 23:18:30.175   518-518   OrderAlarmService       com.itsorderchat                     D  🎯 CASE 4: Żadne warunki nie spełnione
2026-02-25 23:18:30.175   518-518   OrderAlarmService       com.itsorderchat                     D     └─ Przyczyna: Dialog otwarty (699f74e239820eefe0c62b39), brak nowych
2026-02-25 23:18:30.175   518-518   OrderAlarmService       com.itsorderchat                     D  ━━━━━━━━━━━━━━━━━━━━━━━━━━━━━━━━━━━━
2026-02-25 23:18:30.175   518-518   OrdersView...alogStatus com.itsorderchat                     D  observeCurrentlyOpenDialogStatus: Zamówienie 699f74e239820eefe0c62b39 nie jest już PROCESSING (nowy status: ACCEPTED). AKTUALIZUJĘ dialog i ZATRZYMUJĘ alarm.
2026-02-25 23:18:30.176   518-518   OrdersViewModel         com.itsorderchat                     D  ViewModel: Wysyłam polecenie ACTION_STOP_ALARM do OrderAlarmService.
2026-02-25 23:18:30.190  2527-4046  InputMetho...gerService system_server                        D  isSecurity: attribute.packageName = com.itsorderchat mCurMethodId = com.google.android.inputmethod.latin/com.android.inputmethod.latin.LatinIME isSecurity = false ( enable = true needShow = false inBlackList = false isExist = true )
2026-02-25 23:18:30.190  2527-4046  ImeTracker              system_server                        I  com.itsorderchat:27e06e3: onRequestHide at ORIGIN_SERVER reason HIDE_UNSPECIFIED_WINDOW fromUser false
2026-02-25 23:18:30.194  2527-4886  WindowManager           system_server                        D  NFW_findFocusedWindowIfNeeded:Window{6b2bf69 u0 com.itsorderchat/com.itsorderchat.ui.theme.home.HomeActivity} mCurrentFocus:Window{6b2bf69 u0 com.itsorderchat/com.itsorderchat.ui.theme.home.HomeActivity}
2026-02-25 23:18:30.200  8070-8070  GoogleInpu...hodService com...gle.android.inputmethod.latin  I  GoogleInputMethodService.onStartInput():1384 onStartInput(EditorInfo{EditorInfo{packageName=com.itsorderchat, inputType=0, inputTypeString=NULL, enableLearning=false, autoCorrection=false, autoComplete=false, imeOptions=0, privateImeOptions=null, actionName=UNSPECIFIED, actionLabel=null, initialSelStart=-1, initialSelEnd=-1, initialCapsMode=0, label=null, fieldId=0, fieldName=null, extras=Bundle[{com.oplus.im.WINDOW_MODE=1, com.oplus.im.SCENES=0}], hintText=null, hintLocales=[]}}, false)
2026-02-25 23:18:30.213  2527-5226  PackageConfigPersister  system_server                        W  App-specific configuration not found for packageName: com.itsorderchat and userId: 0
2026-02-25 23:18:30.214  2174-3337  AudioFling...ackExtImpl audioserver                          D  HoloAudio, create track pkg name:com.itsorderchat
2026-02-25 23:18:30.215  2174-3337  AudioFling...ackExtImpl audioserver                          D  HoloAudio, there is no policy for this pkg:com.itsorderchat
2026-02-25 23:18:30.237  2527-2915  SurfaceAnimationRunner  system_server                        D  onAnimationEnd:Surface(name=Surface(name=6b2bf69 com.itsorderchat/com.itsorderchat.ui.theme.home.HomeActivity)/@0x5606d7f - animation-leash of window_animation)/@0xaa5814c
2026-02-25 23:18:30.243   518-518   OrderListItem           com.itsorderchat                     D  Rendering order KR-2190 with delivery 2026-02-26T11:00:00.000Z, isScheduled=false
2026-02-25 23:18:30.246   518-518   OrderListItem           com.itsorderchat                     D  Rendering order KR-2189 with delivery 2026-02-25T13:31:00.356Z, isScheduled=false
2026-02-25 23:18:30.259  2527-4684  AppOps                  system_server                        E  attributionTag  not declared in manifest of com.itsorderchat
2026-02-25 23:18:30.260  2527-4684  AppOps                  system_server                        E  attributionTag  not declared in manifest of com.itsorderchat
2026-02-25 23:18:30.289  2527-4684  WindowManager           system_server                        V  Relayout Window{6b2bf69 u0 com.itsorderchat/com.itsorderchat.ui.theme.home.HomeActivity}: viewVisibility=0, oldvis=0, req=1080x2168 , apr = 0, vsysui=, x=0, y=0
2026-02-25 23:18:30.294   518-518   SurfaceControl          com.itsorderchat                     I   setExtendedRangeBrightness sc=Surface(name=com.itsorderchat/com.itsorderchat.ui.theme.home.HomeActivity)/@0x9f1ffc2,currentBufferRatio=1.0,desiredRatio=1.0
2026-02-25 23:18:30.305   518-872   VRI[HomeActivity]       com.itsorderchat                     D  Received frameCommittedCallback lastAttemptedDrawFrameNum=2 didProduceBuffer=true syncBuffer=false
2026-02-25 23:18:30.306   518-518   VRI[HomeActivity]       com.itsorderchat                     D  draw finished. seqId=0
2026-02-25 23:18:30.314   518-518   OrderListItem           com.itsorderchat                     D  Rendering order KR-2191 with delivery 2026-02-26T11:00:00.000Z, isScheduled=false
2026-02-25 23:18:30.350   518-518   ALARM START             com.itsorderchat                     W  ━━━━━━━━━━━━━━━━━━━━━━━━━━━━━━━━━━━━━━━━━━━━━━━━━━━━
2026-02-25 23:18:30.351   518-518   ALARM START             com.itsorderchat                     W  🎯 [OrderAlarmService] onStartCommand
2026-02-25 23:18:30.351   518-518   ALARM START             com.itsorderchat                     W     ├─ action: ACTION_STOP_ALARM
2026-02-25 23:18:30.352   518-518   ALARM START             com.itsorderchat                     W     ├─ startId: 2
2026-02-25 23:18:30.352   518-518   ALARM START             com.itsorderchat                     W     ├─ currentNotificationId: -1509721980
2026-02-25 23:18:30.353   518-518   ALARM START             com.itsorderchat                     W     ├─ currentOrderId: 699f74e239820eefe0c62b39
2026-02-25 23:18:30.354   518-518   ALARM START             com.itsorderchat                     W     ├─ isAlarmActive: true
2026-02-25 23:18:30.354   518-518   ALARM START             com.itsorderchat                     W     ├─ player?.isPlaying: true
2026-02-25 23:18:30.355   518-518   ALARM START             com.itsorderchat                     W     ├─ Thread: main
2026-02-25 23:18:30.356   518-518   ALARM START             com.itsorderchat                     W     └─ Timestamp: 1772057910356
2026-02-25 23:18:30.356   518-518   OrderAlarmService       com.itsorderchat                     D  OrderAlarmService: onStartCommand, action=ACTION_STOP_ALARM, startId=2
2026-02-25 23:18:30.358  4493-4537  SystemUi--QuickSettings com.android.systemui                 I  OplusFgsManagerController-->onForegroundStateChanged: com.itsorderchat 0 true 2
2026-02-25 23:18:30.359   518-518   OrderAlarmService       com.itsorderchat                     I  Foreground placeholder wystartował.
2026-02-25 23:18:30.360   518-518   OrderAlarmService       com.itsorderchat                     D  handleStopAction: wyciszam i zamykam alarm
2026-02-25 23:18:30.361   518-518   OrderAlarmService       com.itsorderchat                     D  stopAlarmSound: Zatrzymuję i zwalniam MediaPlayer.
2026-02-25 23:18:30.363  2527-4684  AppOps                  system_server                        E  attributionTag  not declared in manifest of com.itsorderchat
2026-02-25 23:18:30.364  2527-4684  AppOps                  system_server                        E  attributionTag  not declared in manifest of com.itsorderchat
2026-02-25 23:18:30.390  2527-2527  NotifAttentionHelper    system_server                        E  Muting recently noisy 0|com.itsorderchat|999001|null|10509
2026-02-25 23:18:30.397   518-518   MediaPlayer             com.itsorderchat                     V  resetDrmState:  mDrmInfo=null mDrmProvisioningThread=null mPrepareDrmInProgress=false mActiveDrmScheme=false
2026-02-25 23:18:30.397   518-518   MediaPlayer             com.itsorderchat                     V  cleanDrmObj: mDrmObj=null mDrmSessionId=null
2026-02-25 23:18:30.397   518-518   MediaPlayer             com.itsorderchat                     D  _release native called
2026-02-25 23:18:30.433   518-518   MediaPlayer             com.itsorderchat                     D  _release native finished
2026-02-25 23:18:30.434  2527-4886  Foreground...ggerModule system_server                        W  Logger should be tracking FGS types correctly for UID 10509 in package com.itsorderchat
2026-02-25 23:18:30.434  2527-4886  Foreground...ggerModule system_server                        W  Logger should be tracking FGS types correctly for UID 10509 in package com.itsorderchat
2026-02-25 23:18:30.440   518-518   ALARM START             com.itsorderchat                     W  ━━━━━━━━━━━━━━━━━━━━━━━━━━━━━━━━━━━━━━━━━━━━━━━━━━━━
2026-02-25 23:18:30.440  4493-4956  SystemUi--QuickSettings com.android.systemui                 I  OplusFgsManagerController-->onForegroundStateChanged: com.itsorderchat 0 false 2
2026-02-25 23:18:30.441   518-518   ALARM START             com.itsorderchat                     W  🎯 [OrderAlarmService] onStartCommand
2026-02-25 23:18:30.442   518-518   ALARM START             com.itsorderchat                     W     ├─ action: ACTION_STOP_ALARM
2026-02-25 23:18:30.442   518-518   ALARM START             com.itsorderchat                     W     ├─ startId: 3
2026-02-25 23:18:30.443   518-518   ALARM START             com.itsorderchat                     W     ├─ currentNotificationId: null
2026-02-25 23:18:30.444   518-518   ALARM START             com.itsorderchat                     W     ├─ currentOrderId: null
2026-02-25 23:18:30.444   518-518   ALARM START             com.itsorderchat                     W     ├─ isAlarmActive: false
2026-02-25 23:18:30.445   518-518   ALARM START             com.itsorderchat                     W     ├─ player?.isPlaying: null
2026-02-25 23:18:30.445   518-518   ALARM START             com.itsorderchat                     W     ├─ Thread: main
2026-02-25 23:18:30.446   518-518   ALARM START             com.itsorderchat                     W     └─ Timestamp: 1772057910446
2026-02-25 23:18:30.447   518-518   OrderAlarmService       com.itsorderchat                     D  OrderAlarmService: onStartCommand, action=ACTION_STOP_ALARM, startId=3
2026-02-25 23:18:30.450  2527-5226  ActivityManager         system_server                        I  Background started FGS: Allowed [callingPackage: com.itsorderchat; callingUid: 10509; uidState: TOP ; uidBFSL: [BFSL]; intent: Intent { act=ACTION_START_ALARM cmp=com.itsorderchat/.service.OrderAlarmService mCallingUid=10509 }; code:PROC_STATE_TOP; tempAllowListReason:<,reasonCode:SYSTEM_ALLOW_LISTED,duration:9223372036854775807,callingUid:-1>; allowWiu:12; targetSdkVersion:35; callerTargetSdkVersion:35; startForegroundCount:1; bindFromPackage:null: isBindService:false]
2026-02-25 23:18:30.451   518-527   om.itsorderchat         com.itsorderchat                     I  Background young concurrent mark compact GC freed 14MB AllocSpace bytes, 25(884KB) LOS objects, 38% free, 23MB/37MB, paused 650us,3.598ms total 239.075ms
2026-02-25 23:18:30.451  4493-4956  SystemUi--QuickSettings com.android.systemui                 I  OplusFgsManagerController-->onForegroundStateChanged: com.itsorderchat 0 true 1
2026-02-25 23:18:30.458   518-518   OrderAlarmService       com.itsorderchat                     I  Foreground placeholder wystartował.
2026-02-25 23:18:30.459   518-518   OrderAlarmService       com.itsorderchat                     D  handleStopAction: wyciszam i zamykam alarm
2026-02-25 23:18:30.460  2527-4684  Foreground...ggerModule system_server                        W  Logger should be tracking FGS types correctly for UID 10509 in package com.itsorderchat
2026-02-25 23:18:30.460  2527-4684  Foreground...ggerModule system_server                        W  Logger should be tracking FGS types correctly for UID 10509 in package com.itsorderchat
2026-02-25 23:18:30.460  4493-4956  SystemUi--QuickSettings com.android.systemui                 I  OplusFgsManagerController-->onForegroundStateChanged: com.itsorderchat 0 false 2
2026-02-25 23:18:30.465  4493-4493  SystemUi--Notification  com.android.systemui                 I  OplusLiveAlertNotificationsRepository-->removeLiveAlert: 0|com.itsorderchat|999001|null|10509
2026-02-25 23:18:30.465  4493-4493  PluginSeedling--Track   com.android.systemui                 I  RequestHandler-->notificationRemoved 0|com.itsorderchat|999001|null|10509
2026-02-25 23:18:30.466   518-518   InsetsController        com.itsorderchat                     D  hide(ime(), fromIme=false)
2026-02-25 23:18:30.466   518-518   ImeTracker              com.itsorderchat                     I  com.itsorderchat:27e06e3: onCancelled at PHASE_CLIENT_ALREADY_HIDDEN
2026-02-25 23:18:30.469  2527-2527  NotificationService     system_server                        I  Cannot find enqueued record for key: 0|com.itsorderchat|999001|null|10509
2026-02-25 23:18:30.494   518-518   MediaPlayer             com.itsorderchat                     W  mediaplayer went away with unhandled events
2026-02-25 23:18:30.494   518-518   MediaPlayer             com.itsorderchat                     W  mediaplayer went away with unhandled events
2026-02-25 23:18:30.499   518-518   MediaPlayer             com.itsorderchat                     W  mediaplayer went away with unhandled events
2026-02-25 23:18:30.499   518-518   OrderAlarmService       com.itsorderchat                     D  OrderAlarmService: onDestroy – cleanup.
2026-02-25 23:18:30.513  2527-4567  NirvanaManager          system_server                        D  activateIdleShownUiPid: pkg=com.itsorderchat, uid=10509, pid=518
2026-02-25 23:18:30.532   518-872   HWUI                    com.itsorderchat                     D  SkiaVulkanPipeline::setSurface: this=0xb40000759315dec0, surface=NULL
2026-02-25 23:18:30.537   518-872   HWUI                    com.itsorderchat                     D  SkiaVulkanPipeline::setSurface: this=0xb4000074d9db14c0, surface=NULL
2026-02-25 23:18:30.542  6755-9508  OplusAtlasFeedback      com.oplus.persist.multimedia         D  uploadMMCollectData MM_FB_EventID#20002#TopUidRxt#-1#MetaAudioPos#[0.0|0.0|0.0]#MinFC#2658#ChannelCount#2#PackageName#com.itsorderchat#EffectChains#0#TopUidTxt#-1#OldScore#0#mss_ratio_other#0#StreamVolume#1#multivolumeswitch#0#mss_ratio_vocal#0#AppName#ITS Order#SampleRate#44100#Format#1#MetaAudioScene#0#balance#0.0#IsSpatialized#0#TotalTime#273#TopActivity##AudioID#15c5ef3d8715#StreamType#4#RequestFC#22050#mss_mode#0#trackVolumePkg#/system/bin/mediaserver#Versioncode#65#FrameCount#22050#StartTime#2026/02/25 23:18:30#stopvr#1.0#UsingDevice#2#stopvl#1.0#Flag#6#NewScore#0#startvl#1.0#startvr#1.0#window_rendering#0#Foreground#1#Id#13#NetState#1
2026-02-25 23:18:30.673  2527-5226  FlexibleTaskController  system_server                        D  isSupportFlexibleWindow target = com.itsorderchat callPkg = com.android.systemui support = true ,caller = 4493
2026-02-25 23:18:30.674  4493-4493  SystemUi--Notification  com.android.systemui                 I  OplusExpandableNotificationRowExImpl-->NOTIFICATION_ZOOM-->updateDragViewState showZoom=false isPinned=false isActivityIntent=true emptyView=true isZoomValid=true pendingIntent=Intent { flg=0x34000000 xflg=0x4 cmp=com.itsorderchat/.ui.theme.home.HomeActivity (has extras) }
2026-02-25 23:18:30.675  4493-4493  PluginSeed...apsuleCard com.android.systemui                 I  CardRootViewModel-->handleOnShowHeadsUpNotification: false packageName: com.itsorderchat
2026-02-25 23:18:30.676  4493-4493  SystemUi--Notification  com.android.systemui                 I  OplusLiveAlertNotificationsRepository-->removeLiveAlert: 0|com.itsorderchat|-1509721980|null|10509
2026-02-25 23:18:30.676  4493-4493  PluginSeedling--Track   com.android.systemui                 I  RequestHandler-->notificationRemoved 0|com.itsorderchat|-1509721980|null|10509
2026-02-25 23:18:31.171   518-555   OplusScrollToTopManager com.itsorderchat                     D  com.itsorderchat/com.itsorderchat.ui.theme.home.HomeActivity,This com.android.internal.policy.DecorView{479259c V.E...... R....... 0,0-1080,2400 aid=7 alpha=1.0 viewInfo = }[HomeActivity] change focus to false
2026-02-25 23:18:31.188   518-555   OplusScrollToTopManager com.itsorderchat                     D  com.itsorderchat/com.itsorderchat.ui.theme.home.HomeActivity,This com.android.internal.policy.DecorView{6c09ccc V.E...... R....... 0,0-1080,2168 aid=1073741835 alpha=1.0 viewInfo = }[HomeActivity] change focus to true
2026-02-25 23:18:31.419  4493-4493  HeadsUpLayout           com.android.systemui                 D  onViewRemovedInternal: 0|com.itsorderchat|-1509721980|null|10509,reason=onViewRemoved
2026-02-25 23:18:31.419  4493-4493  HeadsUpLayout           com.android.systemui                 D  setHeadsUpBlur: 0|com.itsorderchat|-1509721980|null|10509 ,reason=onViewRemovedInternal,isSummary =false,isHeadsUp=false,updateGroupHeader=false,child.isGroupExpansionChanging=false
2026-02-25 23:18:31.419  4493-4493  HeadsUpLayout           com.android.systemui                 D  setHeadsUpBlur: 0|com.itsorderchat|-1509721980|null|10509 ,reason=removeAllViews,isSummary =false,isHeadsUp=false,updateGroupHeader=true,child.isGroupExpansionChanging=false
2026-02-25 23:18:31.422  4493-4493  SystemUi--Notification  com.android.systemui                 I  OplusNotificationList-->setHeadsUpDismissed: 0|com.itsorderchat|-1509721980|null|10509
2026-02-25 23:18:31.432  2527-5226  WindowManager           system_server                        D  NFW_findFocusedWindowIfNeeded:Window{6b2bf69 u0 com.itsorderchat/com.itsorderchat.ui.theme.home.HomeActivity} mCurrentFocus:Window{6b2bf69 u0 com.itsorderchat/com.itsorderchat.ui.theme.home.HomeActivity}
